<html>
<body>
<pre>
<h1>µVision Build Log</h1>
<h2>Tool Versions:</h2>
IDE-Version: ¦ÌVision V5.42.0.0
Copyright (C) 2025 ARM Ltd and ARM Germany GmbH. All rights reserved.
License Information: 1 1, 1, LIC=RC93N-YRPL5-RAEDM-XEMGE-TN50U-NSA4F
 
Tool Versions:
Toolchain:       MDK-ARM Plus  Version: 5.42.0.0
Toolchain Path:  C:\develop\keil\ARM\ARMCC\Bin
C Compiler:      Armcc.exe V5.06 update 7 (build 960)
Assembler:       Armasm.exe V5.06 update 7 (build 960)
Linker/Locator:  ArmLink.exe V5.06 update 7 (build 960)
Library Manager: ArmAr.exe V5.06 update 7 (build 960)
Hex Converter:   FromElf.exe V5.06 update 7 (build 960)
CPU DLL:         SARMCM3.DLL V5.42.0.0
Dialog DLL:      DCM.DLL V1.17.5.0
Target DLL:      CMSIS_AGDI.dll V1.33.22.0
Dialog DLL:      TCM.DLL V1.56.6.0
 
<h2>Project:</h2>
C:\learning\32_car\car_example\user\Project.uvprojx
Project File Date:  05/17/2025

<h2>Output:</h2>
*** Using Compiler 'V5.06 update 7 (build 960)', folder: 'C:\develop\keil\ARM\ARMCC\Bin'
Rebuild target 'Target 1'
assembling startup_stm32f10x_md.s...
compiling WP_Math.c...
compiling mcu_dmp.c...
..\code\mcu_dmp.c(364): warning:  #177-D: variable "F"  was declared but never referenced
      float F[2][2] = {{1.0f, dt}, {0.0f, 1.0f}};
..\code\mcu_dmp.c(405): warning:  #550-D: variable "last_raw_yaw"  was set but never used
      static float last_raw_yaw = 0.0f;
..\code\mcu_dmp.c(91): warning:  #550-D: variable "yaw_kf"  was set but never used
  static KalmanFilter yaw_kf = {
..\code\mcu_dmp.c(101): warning:  #550-D: variable "last_yaw_rate"  was set but never used
  static float last_yaw_rate = 0.0f;
..\code\mcu_dmp.c(103): warning:  #177-D: variable "filtered_yaw_rate"  was declared but never referenced
  static float filtered_yaw_rate = 0.0f;
..\code\mcu_dmp.c(135): warning:  #177-D: variable "alpha"  was declared but never referenced
  static const float alpha = 0.7f;           // µÍÍ¨ÂË²¨ÏµÊý (0-1)
..\code\mcu_dmp.c: 6 warnings, 0 errors
compiling main.c...
compiling ml_nvic.c...
compiling ml_gpio.c...
compiling system_stm32f10x.c...
compiling ml_pwm.c...
compiling ml_tim.c...
compiling isr.c...
compiling ml_delay.c...
compiling track.c...
compiling ml_uart.c...
compiling motor.c...
compiling pid.c...
compiling ml_adc.c...
compiling ml_exti.c...
compiling ml_mpu6050.c...
compiling ml_i2c.c...
compiling ml_oled.c...
compiling ml_hmc5883l.c...
linking...
Program Size: Code=27008 RO-data=2160 RW-data=336 ZI-data=1824  
FromELF: creating hex file...
".\Objects\Project.axf" - 0 Error(s), 6 Warning(s).

<h2>Software Packages used:</h2>

Package Vendor: Keil
                https://www.keil.com/pack/Keil.STM32F1xx_DFP.2.4.1.pack
                Keil::STM32F1xx_DFP@2.4.1
                STMicroelectronics STM32F1 Series Device Support, Drivers and Examples

<h2>Collection of Component include folders:</h2>
  C:/develop/keil/Keil/STM32F1xx_DFP/2.4.1/Device/Include

<h2>Collection of Component Files used:</h2>
Build Time Elapsed:  00:00:01
</pre>
</body>
</html>
