Component: ARM Compiler 5.06 update 7 (build 960) Tool: armlink [4d3601]

==============================================================================

Section Cross References

    main.o(i.main) refers to ml_oled.o(i.OLED_Init) for OLED_Init
    main.o(i.main) refers to motor.o(i.motor_init) for motor_init
    main.o(i.main) refers to motor.o(i.encoder_init) for encoder_init
    main.o(i.main) refers to ml_uart.o(i.uart_init) for uart_init
    main.o(i.main) refers to pid.o(i.pid_init) for pid_init
    main.o(i.main) refers to ml_i2c.o(i.I2C_Init) for I2C_Init
    main.o(i.main) refers to ml_mpu6050.o(i.MPU6050_Init) for MPU6050_Init
    main.o(i.main) refers to mcu_dmp.o(i.imu_init) for imu_init
    main.o(i.main) refers to ml_exti.o(i.exti_init) for exti_init
    main.o(i.main) refers to ml_tim.o(i.tim_interrupt_ms_init) for tim_interrupt_ms_init
    main.o(i.main) refers to ml_oled.o(i.OLED_ShowFloat) for OLED_ShowFloat
    main.o(i.main) refers to ml_delay.o(i.delay_ms) for delay_ms
    main.o(i.main) refers to pid.o(.bss) for motorA
    main.o(i.main) refers to ml_mpu6050.o(.data) for yaw_Kalman
    isr.o(i.EXTI2_IRQHandler) refers to ml_gpio.o(i.gpio_get) for gpio_get
    isr.o(i.EXTI2_IRQHandler) refers to motor.o(.data) for Encoder_count1
    isr.o(i.EXTI4_IRQHandler) refers to ml_gpio.o(i.gpio_get) for gpio_get
    isr.o(i.EXTI4_IRQHandler) refers to motor.o(.data) for Encoder_count2
    isr.o(i.EXTI9_5_IRQHandler) refers to ml_mpu6050.o(i.MPU6050_GetData) for MPU6050_GetData
    isr.o(i.EXTI9_5_IRQHandler) refers to fflt_clz.o(x$fpl$fflt) for __aeabi_i2f
    isr.o(i.EXTI9_5_IRQHandler) refers to fdiv.o(x$fpl$fdiv) for __aeabi_fdiv
    isr.o(i.EXTI9_5_IRQHandler) refers to mcu_dmp.o(i.imu_update) for imu_update
    isr.o(i.EXTI9_5_IRQHandler) refers to mcu_dmp.o(i.imu_get_euler_angles) for imu_get_euler_angles
    isr.o(i.EXTI9_5_IRQHandler) refers to ml_mpu6050.o(.data) for ax
    isr.o(i.TIM3_IRQHandler) refers to pid.o(i.pid_control) for pid_control
    motor.o(i.encoder_init) refers to ml_exti.o(i.exti_init) for exti_init
    motor.o(i.encoder_init) refers to ml_gpio.o(i.gpio_init) for gpio_init
    motor.o(i.motorA_duty) refers to ml_pwm.o(i.pwm_update) for pwm_update
    motor.o(i.motorA_duty) refers to ml_gpio.o(i.gpio_set) for gpio_set
    motor.o(i.motorA_duty) refers to motor.o(.data) for motorA_dir
    motor.o(i.motorB_duty) refers to ml_pwm.o(i.pwm_update) for pwm_update
    motor.o(i.motorB_duty) refers to ml_gpio.o(i.gpio_set) for gpio_set
    motor.o(i.motorB_duty) refers to motor.o(.data) for motorB_dir
    motor.o(i.motor_init) refers to ml_pwm.o(i.pwm_init) for pwm_init
    motor.o(i.motor_init) refers to ml_gpio.o(i.gpio_init) for gpio_init
    pid.o(i.datavision_send) refers to ml_uart.o(i.uart_sendbyte) for uart_sendbyte
    pid.o(i.datavision_send) refers to ffixu.o(x$fpl$ffixu) for __aeabi_f2uiz
    pid.o(i.datavision_send) refers to pid.o(.bss) for motorA
    pid.o(i.motor_target_set) refers to fflt_clz.o(x$fpl$fflt) for __aeabi_i2f
    pid.o(i.motor_target_set) refers to motor.o(.data) for motorA_dir
    pid.o(i.motor_target_set) refers to pid.o(.bss) for motorA
    pid.o(i.pid_cal) refers to faddsub_clz.o(x$fpl$fsub) for __aeabi_fsub
    pid.o(i.pid_cal) refers to fmul.o(x$fpl$fmul) for __aeabi_fmul
    pid.o(i.pid_cal) refers to faddsub_clz.o(x$fpl$frsb) for __aeabi_frsub
    pid.o(i.pid_cal) refers to faddsub_clz.o(x$fpl$fadd) for __aeabi_fadd
    pid.o(i.pid_control) refers to pid.o(i.pid_cal) for pid_cal
    pid.o(i.pid_control) refers to ffix.o(x$fpl$ffix) for __aeabi_f2iz
    pid.o(i.pid_control) refers to pid.o(i.motor_target_set) for motor_target_set
    pid.o(i.pid_control) refers to fflt_clz.o(x$fpl$fflt) for __aeabi_i2f
    pid.o(i.pid_control) refers to pid.o(i.pidout_limit) for pidout_limit
    pid.o(i.pid_control) refers to motor.o(i.motorA_duty) for motorA_duty
    pid.o(i.pid_control) refers to motor.o(i.motorB_duty) for motorB_duty
    pid.o(i.pid_control) refers to pid.o(.bss) for angle
    pid.o(i.pid_control) refers to motor.o(.data) for motorA_dir
    pid.o(i.pidout_limit) refers to frleqf.o(x$fpl$frleqf) for __aeabi_cfrcmple
    pid.o(i.pidout_limit) refers to fleqf.o(x$fpl$fleqf) for __aeabi_cfcmple
    mcu_dmp.o(i.calculate_adaptive_alpha) refers to fleqf.o(x$fpl$fleqf) for __aeabi_cfcmple
    mcu_dmp.o(i.calculate_adaptive_alpha) refers to faddsub_clz.o(x$fpl$fsub) for __aeabi_fsub
    mcu_dmp.o(i.calculate_adaptive_alpha) refers to fdiv.o(x$fpl$fdiv) for __aeabi_fdiv
    mcu_dmp.o(i.calculate_adaptive_alpha) refers to fmul.o(x$fpl$fmul) for __aeabi_fmul
    mcu_dmp.o(i.calculate_adaptive_alpha) refers to faddsub_clz.o(x$fpl$frsb) for __aeabi_frsub
    mcu_dmp.o(i.calculate_adaptive_alpha) refers to mcu_dmp.o(.data) for adaptive_filter
    mcu_dmp.o(i.compute_rotation_matrix) refers to fmul.o(x$fpl$fmul) for __aeabi_fmul
    mcu_dmp.o(i.compute_rotation_matrix) refers to faddsub_clz.o(x$fpl$frsb) for __aeabi_frsub
[...]
    ../mathlib/pow.c                         0x00000000   Number         0  pow.o ABSOLUTE
    ../mathlib/qnan.c                        0x00000000   Number         0  qnan.o ABSOLUTE
    ../mathlib/rredf.c                       0x00000000   Number         0  rredf.o ABSOLUTE
    ../mathlib/sinf.c                        0x00000000   Number         0  sinf_x.o ABSOLUTE
    ../mathlib/sinf.c                        0x00000000   Number         0  sinf.o ABSOLUTE
    ../mathlib/sqrt.c                        0x00000000   Number         0  sqrt.o ABSOLUTE
    ../mathlib/sqrt.c                        0x00000000   Number         0  sqrt_x.o ABSOLUTE
    ../mathlib/sqrtf.c                       0x00000000   Number         0  sqrtf.o ABSOLUTE
    ../mathlib/sqrtf.c                       0x00000000   Number         0  sqrtf_x.o ABSOLUTE
    ..\ML_LIBS\ml_adc.c                      0x00000000   Number         0  ml_adc.o ABSOLUTE
    ..\ML_LIBS\ml_delay.c                    0x00000000   Number         0  ml_delay.o ABSOLUTE
    ..\ML_LIBS\ml_exti.c                     0x00000000   Number         0  ml_exti.o ABSOLUTE
    ..\ML_LIBS\ml_gpio.c                     0x00000000   Number         0  ml_gpio.o ABSOLUTE
    ..\ML_LIBS\ml_nvic.c                     0x00000000   Number         0  ml_nvic.o ABSOLUTE
    ..\ML_LIBS\ml_pwm.c                      0x00000000   Number         0  ml_pwm.o ABSOLUTE
    ..\ML_LIBS\ml_tim.c                      0x00000000   Number         0  ml_tim.o ABSOLUTE
    ..\ML_LIBS\ml_uart.c                     0x00000000   Number         0  ml_uart.o ABSOLUTE
    ..\code\WP_Math.c                        0x00000000   Number         0  wp_math.o ABSOLUTE
    ..\code\mcu_dmp.c                        0x00000000   Number         0  mcu_dmp.o ABSOLUTE
    ..\code\motor.c                          0x00000000   Number         0  motor.o ABSOLUTE
    ..\code\pid.c                            0x00000000   Number         0  pid.o ABSOLUTE
    ..\ml_libs\ml_hmc5883l.c                 0x00000000   Number         0  ml_hmc5883l.o ABSOLUTE
    ..\ml_libs\ml_i2c.c                      0x00000000   Number         0  ml_i2c.o ABSOLUTE
    ..\ml_libs\ml_mpu6050.c                  0x00000000   Number         0  ml_mpu6050.o ABSOLUTE
    ..\ml_libs\ml_oled.c                     0x00000000   Number         0  ml_oled.o ABSOLUTE
    ..\sys\startup_stm32f10x_md.s            0x00000000   Number         0  startup_stm32f10x_md.o ABSOLUTE
    ..\sys\system_stm32f10x.c                0x00000000   Number         0  system_stm32f10x.o ABSOLUTE
    dc.s                                     0x00000000   Number         0  dc.o ABSOLUTE
    isr.c                                    0x00000000   Number         0  isr.o ABSOLUTE
    main.c                                   0x00000000   Number         0  main.o ABSOLUTE
    RESET                                    0x08000000   Section      236  startup_stm32f10x_md.o(RESET)
    !!!main                                  0x080000ec   Section        8  __main.o(!!!main)
    !!!scatter                               0x080000f4   Section       52  __scatter.o(!!!scatter)
    !!handler_copy                           0x08000128   Section       26  __scatter_copy.o(!!handler_copy)
    !!handler_zi                             0x08000144   Section       28  __scatter_zi.o(!!handler_zi)
    .ARM.Collect$$libinit$$00000000          0x08000160   Section        2  libinit.o(.ARM.Collect$$libinit$$00000000)
    .ARM.Collect$$libinit$$00000002          0x08000162   Section        0  libinit2.o(.ARM.Collect$$libinit$$00000002)
    .ARM.Collect$$libinit$$00000004          0x08000162   Section        0  libinit2.o(.ARM.Collect$$libinit$$00000004)
    .ARM.Collect$$libinit$$0000000A          0x08000162   Section        0  libinit2.o(.ARM.Collect$$libinit$$0000000A)
    .ARM.Collect$$libinit$$0000000C          0x08000162   Section        0  libinit2.o(.ARM.Collect$$libinit$$0000000C)
    .ARM.Collect$$libinit$$0000000E          0x08000162   Section        0  libinit2.o(.ARM.Collect$$libinit$$0000000E)
    .ARM.Collect$$libinit$$00000011          0x08000162   Section        0  libinit2.o(.ARM.Collect$$libinit$$00000011)
    .ARM.Collect$$libinit$$00000013          0x08000162   Section        0  libinit2.o(.ARM.Collect$$libinit$$00000013)
    .ARM.Collect$$libinit$$00000015          0x08000162   Section        0  libinit2.o(.ARM.Collect$$libinit$$00000015)
    .ARM.Collect$$libinit$$00000017          0x08000162   Section        0  libinit2.o(.ARM.Collect$$libinit$$00000017)
    .ARM.Collect$$libinit$$00000019          0x08000162   Section        0  libinit2.o(.ARM.Collect$$libinit$$00000019)
    .ARM.Collect$$libinit$$0000001B          0x08000162   Section        0  libinit2.o(.ARM.Collect$$libinit$$0000001B)
    .ARM.Collect$$libinit$$0000001D          0x08000162   Section        0  libinit2.o(.ARM.Collect$$libinit$$0000001D)
    .ARM.Collect$$libinit$$0000001F          0x08000162   Section        0  libinit2.o(.ARM.Collect$$libinit$$0000001F)
    .ARM.Collect$$libinit$$00000021          0x08000162   Section        0  libinit2.o(.ARM.Collect$$libinit$$00000021)
    .ARM.Collect$$libinit$$00000023          0x08000162   Section        0  libinit2.o(.ARM.Collect$$libinit$$00000023)
    .ARM.Collect$$libinit$$00000025          0x08000162   Section        0  libinit2.o(.ARM.Collect$$libinit$$00000025)
    .ARM.Collect$$libinit$$0000002C          0x08000162   Section        0  libinit2.o(.ARM.Collect$$libinit$$0000002C)
    .ARM.Collect$$libinit$$0000002E          0x08000162   Section        0  libinit2.o(.ARM.Collect$$libinit$$0000002E)
    .ARM.Collect$$libinit$$00000030          0x08000162   Section        0  libinit2.o(.ARM.Collect$$libinit$$00000030)
    .ARM.Collect$$libinit$$00000032          0x08000162   Section        0  libinit2.o(.ARM.Collect$$libinit$$00000032)
    .ARM.Collect$$libinit$$00000033          0x08000162   Section        2  libinit2.o(.ARM.Collect$$libinit$$00000033)
    .ARM.Collect$$libshutdown$$00000000      0x08000164   Section        2  libshutdown.o(.ARM.Collect$$libshutdown$$00000000)
    .ARM.Collect$$libshutdown$$00000002      0x08000166   Section        0  libshutdown2.o(.ARM.Collect$$libshutdown$$00000002)
    .ARM.Collect$$libshutdown$$00000004      0x08000166   Section        0  libshutdown2.o(.ARM.Collect$$libshutdown$$00000004)
    .ARM.Collect$$libshutdown$$00000006      0x08000166   Section        0  libshutdown2.o(.ARM.Collect$$libshutdown$$00000006)
    .ARM.Collect$$libshutdown$$00000009      0x08000166   Section        0  libshutdown2.o(.ARM.Collect$$libshutdown$$00000009)
    .ARM.Collect$$libshutdown$$0000000C      0x08000166   Section        0  libshutdown2.o(.ARM.Collect$$libshutdown$$0000000C)
    .ARM.Collect$$libshutdown$$0000000E      0x08000166   Section        0  libshutdown2.o(.ARM.Collect$$libshutdown$$0000000E)
    .ARM.Collect$$libshutdown$$00000011      0x08000166   Section        0  libshutdown2.o(.ARM.Collect$$libshutdown$$00000011)
    .ARM.Collect$$libshutdown$$00000012      0x08000166   Section        2  libshutdown2.o(.ARM.Collect$$libshutdown$$00000012)
    .ARM.Collect$$rtentry$$00000000          0x08000168   Section        0  __rtentry.o(.ARM.Collect$$rtentry$$00000000)
    .ARM.Collect$$rtentry$$00000002          0x08000168   Section        0  __rtentry2.o(.ARM.Collect$$rtentry$$00000002)
    .ARM.Collect$$rtentry$$00000004          0x08000168   Section        6  __rtentry4.o(.ARM.Collect$$rtentry$$00000004)
    .ARM.Collect$$rtentry$$00000009          0x0800016e   Section        0  __rtentry2.o(.ARM.Collect$$rtentry$$00000009)
    .ARM.Collect$$rtentry$$0000000A          0x0800016e   Section        4  __rtentry2.o(.ARM.Collect$$rtentry$$0000000A)
    .ARM.Collect$$rtentry$$0000000C          0x08000172   Section        0  __rtentry2.o(.ARM.Collect$$rtentry$$0000000C)
    .ARM.Collect$$rtentry$$0000000D          0x08000172   Section        8  __rtentry2.o(.ARM.Collect$$rtentry$$0000000D)
    .ARM.Collect$$rtexit$$00000000           0x0800017a   Section        2  rtexit.o(.ARM.Collect$$rtexit$$00000000)
    .ARM.Collect$$rtexit$$00000002           0x0800017c   Section        0  rtexit2.o(.ARM.Collect$$rtexit$$00000002)
    .ARM.Collect$$rtexit$$00000003           0x0800017c   Section        4  rtexit2.o(.ARM.Collect$$rtexit$$00000003)
    .ARM.Collect$$rtexit$$00000004           0x08000180   Section        6  rtexit2.o(.ARM.Collect$$rtexit$$00000004)
    .text                                    0x08000188   Section       64  startup_stm32f10x_md.o(.text)
    .text                                    0x080001c8   Section        2  use_no_semi_2.o(.text)
    .text                                    0x080001ca   Section        0  heapauxi.o(.text)
    .text                                    0x080001d0   Section        2  use_no_semi.o(.text)
    .text                                    0x080001d2   Section        0  _rserrno.o(.text)
    .text                                    0x080001e8   Section        8  rt_errno_addr_intlibspace.o(.text)
    .text                                    0x080001f0   Section        8  libspace.o(.text)
    .text                                    0x080001f8   Section       74  sys_stackheap_outer.o(.text)
    .text                                    0x08000242   Section        0  exit.o(.text)
    i.EXTI0_IRQHandler                       0x08000254   Section        0  isr.o(i.EXTI0_IRQHandler)
    i.EXTI1_IRQHandler                       0x0800026c   Section        0  isr.o(i.EXTI1_IRQHandler)
    i.EXTI2_IRQHandler                       0x08000284   Section        0  isr.o(i.EXTI2_IRQHandler)
    i.EXTI3_IRQHandler                       0x080002c0   Section        0  isr.o(i.EXTI3_IRQHandler)
    i.EXTI4_IRQHandler                       0x080002d8   Section        0  isr.o(i.EXTI4_IRQHandler)
    i.EXTI9_5_IRQHandler                     0x08000314   Section        0  isr.o(i.EXTI9_5_IRQHandler)
    i.I2C_Init                               0x08000458   Section        0  ml_i2c.o(i.I2C_Init)
    i.I2C_NotSendAck                         0x08000484   Section        0  ml_i2c.o(i.I2C_NotSendAck)
    i.I2C_ReceiveByte                        0x080004a6   Section        0  ml_i2c.o(i.I2C_ReceiveByte)
    i.I2C_SendByte                           0x080004e6   Section        0  ml_i2c.o(i.I2C_SendByte)
    i.I2C_Start                              0x08000528   Section        0  ml_i2c.o(i.I2C_Start)
    i.I2C_Stop                               0x08000554   Section        0  ml_i2c.o(i.I2C_Stop)
    i.I2C_WaitAck                            0x08000576   Section        0  ml_i2c.o(i.I2C_WaitAck)
    i.MPU6050_GetData                        0x080005a8   Section        0  ml_mpu6050.o(i.MPU6050_GetData)
    i.MPU6050_Init                           0x08000660   Section        0  ml_mpu6050.o(i.MPU6050_Init)
    i.MPU6050_Read                           0x08000694   Section        0  ml_mpu6050.o(i.MPU6050_Read)
    i.MPU6050_Write                          0x080006d4   Section        0  ml_mpu6050.o(i.MPU6050_Write)
    i.NVIC_Group_Config                      0x08000704   Section        0  ml_nvic.o(i.NVIC_Group_Config)
    i.NVIC_init                              0x0800072c   Section        0  ml_nvic.o(i.NVIC_init)
    i.OLED_Clear                             0x08000778   Section        0  ml_oled.o(i.OLED_Clear)
    i.OLED_I2C_Init                          0x080007a2   Section        0  ml_oled.o(i.OLED_I2C_Init)
    i.OLED_I2C_SendByte                      0x080007ce   Section        0  ml_oled.o(i.OLED_I2C_SendByte)
    i.OLED_I2C_Start                         0x08000818   Section        0  ml_oled.o(i.OLED_I2C_Start)
    i.OLED_I2C_Stop                          0x08000844   Section        0  ml_oled.o(i.OLED_I2C_Stop)
    i.OLED_Init                              0x08000866   Section        0  ml_oled.o(i.OLED_Init)
    i.OLED_Pow                               0x08000914   Section        0  ml_oled.o(i.OLED_Pow)
    i.OLED_SetCursor                         0x08000928   Section        0  ml_oled.o(i.OLED_SetCursor)
    i.OLED_ShowChar                          0x0800094c   Section        0  ml_oled.o(i.OLED_ShowChar)
    i.OLED_ShowFloat                         0x080009c0   Section        0  ml_oled.o(i.OLED_ShowFloat)
    i.OLED_ShowNum                           0x08000a58   Section        0  ml_oled.o(i.OLED_ShowNum)
    i.OLED_ShowSignedNum                     0x08000a9c   Section        0  ml_oled.o(i.OLED_ShowSignedNum)
    i.OLED_ShowString                        0x08000b02   Section        0  ml_oled.o(i.OLED_ShowString)
    i.OLED_WriteCommand                      0x08000b2a   Section        0  ml_oled.o(i.OLED_WriteCommand)
    i.OLED_WriteData                         0x08000b4a   Section        0  ml_oled.o(i.OLED_WriteData)
    i.SetSysClock                            0x08000b6a   Section        0  system_stm32f10x.o(i.SetSysClock)
    SetSysClock                              0x08000b6b   Thumb Code     8  system_stm32f10x.o(i.SetSysClock)
    i.SetSysClockTo72                        0x08000b74   Section        0  system_stm32f10x.o(i.SetSysClockTo72)
    SetSysClockTo72                          0x08000b75   Thumb Code   214  system_stm32f10x.o(i.SetSysClockTo72)
    i.SystemInit                             0x08000c54   Section        0  system_stm32f10x.o(i.SystemInit)
    i.TIM2_IRQHandler                        0x08000cb4   Section        0  isr.o(i.TIM2_IRQHandler)
    i.TIM3_IRQHandler                        0x08000cd4   Section        0  isr.o(i.TIM3_IRQHandler)
    i.TIM4_IRQHandler                        0x08000cf8   Section        0  isr.o(i.TIM4_IRQHandler)
    i.USART1_IRQHandler                      0x08000d14   Section        0  isr.o(i.USART1_IRQHandler)
    i.USART2_IRQHandler                      0x08000d30   Section        0  isr.o(i.USART2_IRQHandler)
    i.USART3_IRQHandler                      0x08000d4c   Section        0  isr.o(i.USART3_IRQHandler)
    i.__ARM_fpclassify                       0x08000d68   Section        0  fpclassify.o(i.__ARM_fpclassify)
    i.__ARM_fpclassifyf                      0x08000d90   Section        0  fpclassifyf.o(i.__ARM_fpclassifyf)
    i.__kernel_poly                          0x08000db6   Section        0  poly.o(i.__kernel_poly)
    i.__mathlib_dbl_divzero                  0x08000e60   Section        0  dunder.o(i.__mathlib_dbl_divzero)
    i.__mathlib_dbl_infnan2                  0x08000e70   Section        0  dunder.o(i.__mathlib_dbl_infnan2)
    i.__mathlib_dbl_invalid                  0x08000e74   Section        0  dunder.o(i.__mathlib_dbl_invalid)
    i.__mathlib_dbl_overflow                 0x08000e80   Section        0  dunder.o(i.__mathlib_dbl_overflow)
    i.__mathlib_dbl_underflow                0x08000e90   Section        0  dunder.o(i.__mathlib_dbl_underflow)
    i.__mathlib_flt_infnan                   0x08000ea0   Section        0  funder.o(i.__mathlib_flt_infnan)
    i.__mathlib_flt_infnan2                  0x08000ea6   Section        0  funder.o(i.__mathlib_flt_infnan2)
    i.__mathlib_flt_invalid                  0x08000eaa   Section        0  funder.o(i.__mathlib_flt_invalid)
    i.__mathlib_flt_underflow                0x08000eb2   Section        0  funder.o(i.__mathlib_flt_underflow)
    i.__mathlib_rredf2                       0x08000ebc   Section        0  rredf.o(i.__mathlib_rredf2)
    i._sys_exit                              0x08001024   Section        0  ml_uart.o(i._sys_exit)
    i.asinf                                  0x08001028   Section        0  asinf.o(i.asinf)
    i.atan2f                                 0x0800114c   Section        0  atan2f.o(i.atan2f)
    i.calculate_adaptive_alpha               0x080013f0   Section        0  mcu_dmp.o(i.calculate_adaptive_alpha)
    i.compute_rotation_matrix                0x08001444   Section        0  mcu_dmp.o(i.compute_rotation_matrix)
    compute_rotation_matrix                  0x08001445   Thumb Code   416  mcu_dmp.o(i.compute_rotation_matrix)
    i.cosf                                   0x080015f8   Section        0  cosf.o(i.cosf)
    i.delay_ms                               0x08001774   Section        0  ml_delay.o(i.delay_ms)
    i.delay_us                               0x0800178c   Section        0  ml_delay.o(i.delay_us)
    i.ekf_update                             0x080017bc   Section        0  mcu_dmp.o(i.ekf_update)
    i.encoder_init                           0x08001914   Section        0  motor.o(i.encoder_init)
    i.exti_init                              0x08001940   Section        0  ml_exti.o(i.exti_init)
    i.exti_pin_init                          0x08001a4c   Section        0  ml_exti.o(i.exti_pin_init)
    i.gpio_get                               0x08001b94   Section        0  ml_gpio.o(i.gpio_get)
    i.gpio_init                              0x08001bb8   Section        0  ml_gpio.o(i.gpio_init)
    i.gpio_set                               0x08001d5c   Section        0  ml_gpio.o(i.gpio_set)
    i.imu_get_euler_angles                   0x08001d9c   Section        0  mcu_dmp.o(i.imu_get_euler_angles)
    i.imu_init                               0x08001f6c   Section        0  mcu_dmp.o(i.imu_init)
    i.imu_update                             0x08001fa8   Section        0  mcu_dmp.o(i.imu_update)
    i.invSqrt                                0x08002774   Section        0  mcu_dmp.o(i.invSqrt)
    i.main                                   0x080027c0   Section        0  main.o(i.main)
    i.motorA_duty                            0x08002864   Section        0  motor.o(i.motorA_duty)
    i.motorB_duty                            0x0800289c   Section        0  motor.o(i.motorB_duty)
    i.motor_init                             0x080028d4   Section        0  motor.o(i.motor_init)
    i.motor_target_set                       0x08002918   Section        0  pid.o(i.motor_target_set)
    i.pid_cal                                0x0800297c   Section        0  pid.o(i.pid_cal)
    i.pid_control                            0x08002a40   Section        0  pid.o(i.pid_control)
    i.pid_init                               0x08002b14   Section        0  pid.o(i.pid_init)
    i.pidout_limit                           0x08002b24   Section        0  pid.o(i.pidout_limit)
    i.pow                                    0x08002b4c   Section        0  pow.o(i.pow)
    i.pwm_init                               0x08003524   Section        0  ml_pwm.o(i.pwm_init)
    i.pwm_pin_init                           0x08003694   Section        0  ml_pwm.o(i.pwm_pin_init)
    i.pwm_update                             0x08003740   Section        0  ml_pwm.o(i.pwm_update)
    i.sinf                                   0x08003854   Section        0  sinf.o(i.sinf)
    i.sqrt                                   0x080039dc   Section        0  sqrt.o(i.sqrt)
    i.sqrtf                                  0x08003a28   Section        0  sqrtf.o(i.sqrtf)
    i.tim_interrupt_ms_init                  0x08003a54   Section        0  ml_tim.o(i.tim_interrupt_ms_init)
    i.uart_baud_config                       0x08003ac4   Section        0  ml_uart.o(i.uart_baud_config)
    i.uart_init                              0x08003b64   Section        0  ml_uart.o(i.uart_init)
    i.uart_pin_init                          0x08003bc8   Section        0  ml_uart.o(i.uart_pin_init)
    x$fpl$d2f                                0x08003c20   Section       98  d2f.o(x$fpl$d2f)
    x$fpl$dadd                               0x08003c84   Section      336  daddsub_clz.o(x$fpl$dadd)
    _dadd1                                   0x08003c95   Thumb Code     0  daddsub_clz.o(x$fpl$dadd)
    x$fpl$dcheck1                            0x08003dd4   Section       16  dcheck1.o(x$fpl$dcheck1)
    x$fpl$dcmpinf                            0x08003de4   Section       24  dcmpi.o(x$fpl$dcmpinf)
    x$fpl$ddiv                               0x08003dfc   Section      688  ddiv.o(x$fpl$ddiv)
    ddiv_entry                               0x08003e03   Thumb Code     0  ddiv.o(x$fpl$ddiv)
    x$fpl$dfix                               0x080040ac   Section       94  dfix.o(x$fpl$dfix)
    x$fpl$dflt                               0x0800410a   Section       46  dflt_clz.o(x$fpl$dflt)
    x$fpl$dfltu                              0x08004138   Section       38  dflt_clz.o(x$fpl$dfltu)
    x$fpl$dleqf                              0x08004160   Section      120  dleqf.o(x$fpl$dleqf)
    x$fpl$dmul                               0x080041d8   Section      340  dmul.o(x$fpl$dmul)
    x$fpl$dnaninf                            0x0800432c   Section      156  dnaninf.o(x$fpl$dnaninf)
    x$fpl$dretinf                            0x080043c8   Section       12  dretinf.o(x$fpl$dretinf)
    x$fpl$drleqf                             0x080043d4   Section      108  drleqf.o(x$fpl$drleqf)
    x$fpl$drsb                               0x08004440   Section       22  daddsub_clz.o(x$fpl$drsb)
    x$fpl$dsqrt                              0x08004458   Section      460  dsqrt_noumaal.o(x$fpl$dsqrt)
    x$fpl$dsub                               0x08004624   Section      468  daddsub_clz.o(x$fpl$dsub)
    _dsub1                                   0x08004635   Thumb Code     0  daddsub_clz.o(x$fpl$dsub)
    x$fpl$f2d                                0x080047f8   Section       86  f2d.o(x$fpl$f2d)
    x$fpl$fadd                               0x08004850   Section      196  faddsub_clz.o(x$fpl$fadd)
    _fadd1                                   0x0800485f   Thumb Code     0  faddsub_clz.o(x$fpl$fadd)
    x$fpl$fcheck1                            0x08004914   Section       12  fcheck1.o(x$fpl$fcheck1)
    x$fpl$fcmpinf                            0x08004920   Section       24  fcmpi.o(x$fpl$fcmpinf)
    x$fpl$fdiv                               0x08004938   Section      388  fdiv.o(x$fpl$fdiv)
    _fdiv1                                   0x08004939   Thumb Code     0  fdiv.o(x$fpl$fdiv)
    x$fpl$feqf                               0x08004abc   Section      104  feqf.o(x$fpl$feqf)
    x$fpl$ffix                               0x08004b24   Section       54  ffix.o(x$fpl$ffix)
    x$fpl$ffixu                              0x08004b5c   Section       62  ffixu.o(x$fpl$ffixu)
    x$fpl$fflt                               0x08004b9c   Section       48  fflt_clz.o(x$fpl$fflt)
    x$fpl$ffltu                              0x08004bcc   Section       38  fflt_clz.o(x$fpl$ffltu)
    x$fpl$fleqf                              0x08004bf4   Section      104  fleqf.o(x$fpl$fleqf)
    x$fpl$fmul                               0x08004c5c   Section      258  fmul.o(x$fpl$fmul)
    x$fpl$fnaninf                            0x08004d5e   Section      140  fnaninf.o(x$fpl$fnaninf)
    x$fpl$fretinf                            0x08004dea   Section       10  fretinf.o(x$fpl$fretinf)
    x$fpl$frleqf                             0x08004df4   Section       98  frleqf.o(x$fpl$frleqf)
    x$fpl$frnd                               0x08004e58   Section       96  frnd.o(x$fpl$frnd)
    x$fpl$frsb                               0x08004eb8   Section       20  faddsub_clz.o(x$fpl$frsb)
    x$fpl$fsqrt                              0x08004ecc   Section      272  fsqrt.o(x$fpl$fsqrt)
    x$fpl$fsub                               0x08004fdc   Section      234  faddsub_clz.o(x$fpl$fsub)
    _fsub1                                   0x08004feb   Thumb Code     0  faddsub_clz.o(x$fpl$fsub)
    x$fpl$retnan                             0x080050c6   Section      100  retnan.o(x$fpl$retnan)
    x$fpl$scalbn                             0x0800512a   Section       92  scalbn.o(x$fpl$scalbn)
    x$fpl$scalbnf                            0x08005186   Section       76  scalbnf.o(x$fpl$scalbnf)
    x$fpl$trapveneer                         0x080051d2   Section       48  trapv.o(x$fpl$trapveneer)
    x$fpl$usenofp                            0x08005202   Section        0  usenofp.o(x$fpl$usenofp)
    .constdata                               0x08005204   Section       16  mcu_dmp.o(.constdata)
    .constdata                               0x08005214   Section     1520  ml_oled.o(.constdata)
    .constdata                               0x08005808   Section      136  pow.o(.constdata)
    bp                                       0x08005808   Data          16  pow.o(.constdata)
    dp_h                                     0x08005818   Data          16  pow.o(.constdata)
    dp_l                                     0x08005828   Data          16  pow.o(.constdata)
    L                                        0x08005838   Data          48  pow.o(.constdata)
    P                                        0x08005868   Data          40  pow.o(.constdata)
    .constdata                               0x08005890   Section        8  qnan.o(.constdata)
    .constdata                               0x08005898   Section       32  rredf.o(.constdata)
    twooverpi                                0x08005898   Data          32  rredf.o(.constdata)
    .data                                    0x20000000   Section       16  motor.o(.data)
    .data                                    0x20000010   Section      140  mcu_dmp.o(.data)
    beta                                     0x20000010   Data           4  mcu_dmp.o(.data)
    Kp                                       0x20000014   Data           4  mcu_dmp.o(.data)
    Ki                                       0x20000018   Data           4  mcu_dmp.o(.data)
    exInt                                    0x2000001c   Data           4  mcu_dmp.o(.data)
    eyInt                                    0x20000020   Data           4  mcu_dmp.o(.data)
    ezInt                                    0x20000024   Data           4  mcu_dmp.o(.data)
    q0                                       0x20000028   Data           4  mcu_dmp.o(.data)
    q1                                       0x2000002c   Data           4  mcu_dmp.o(.data)
    q2                                       0x20000030   Data           4  mcu_dmp.o(.data)
    q3                                       0x20000034   Data           4  mcu_dmp.o(.data)
    yaw_kf                                   0x20000038   Data          24  mcu_dmp.o(.data)
    last_yaw_rate                            0x20000050   Data           4  mcu_dmp.o(.data)
    last_yaw                                 0x20000054   Data           4  mcu_dmp.o(.data)
    filtered_yaw_rate                        0x20000058   Data           4  mcu_dmp.o(.data)
    adaptive_filter                          0x2000005c   Data          12  mcu_dmp.o(.data)
    yaw_ekf                                  0x20000068   Data          40  mcu_dmp.o(.data)
    last_raw_yaw                             0x20000090   Data           4  mcu_dmp.o(.data)
    last_filtered_yaw                        0x20000094   Data           4  mcu_dmp.o(.data)
    filtered_yaw_rate                        0x20000098   Data           4  mcu_dmp.o(.data)
    .data                                    0x2000009c   Section       12  ml_gpio.o(.data)
    .data                                    0x200000a8   Section       12  ml_tim.o(.data)
    .data                                    0x200000b4   Section       16  ml_uart.o(.data)
    .data                                    0x200000c4   Section       48  ml_mpu6050.o(.data)
    .bss                                     0x200000f4   Section      156  pid.o(.bss)
    .bss                                     0x20000190   Section       36  mcu_dmp.o(.bss)
    rMat                                     0x20000190   Data          36  mcu_dmp.o(.bss)
    .bss                                     0x200001b4   Section       96  libspace.o(.bss)
    HEAP                                     0x20000218   Section      512  startup_stm32f10x_md.o(HEAP)
    Heap_Mem                                 0x20000218   Data         512  startup_stm32f10x_md.o(HEAP)
    STACK                                    0x20000418   Section     1024  startup_stm32f10x_md.o(STACK)
    Stack_Mem                                0x20000418   Data        1024  startup_stm32f10x_md.o(STACK)
    __initial_sp                             0x20000818   Data           0  startup_stm32f10x_md.o(STACK)

    Global Symbols

    Symbol Name                              Value     Ov Type        Size  Object(Section)

    BuildAttributes$$THM_ISAv4$P$D$K$B$S$PE$A:L22UL41UL21$X:L11$S22US41US21$IEEE1$IW$USESV6$~STKCKD$USESV7$~SHL$OTIME$ROPI$IEEEX$EBA8$UX$STANDARDLIB$REQ8$PRES8$EABIv2 0x00000000   Number         0  anon$$obj.o ABSOLUTE
    __ARM_use_no_argv                        0x00000000   Number         0  main.o ABSOLUTE
    __ARM_exceptions_init                     - Undefined Weak Reference
    __alloca_initialize                       - Undefined Weak Reference
    __arm_fini_                               - Undefined Weak Reference
    __arm_preinit_                            - Undefined Weak Reference
    __cpp_initialize__aeabi_                  - Undefined Weak Reference
    __cxa_finalize                            - Undefined Weak Reference
    __rt_locale                               - Undefined Weak Reference
    __sigvec_lookup                           - Undefined Weak Reference
    _atexit_init                              - Undefined Weak Reference
    _call_atexit_fns                          - Undefined Weak Reference
    _clock_init                               - Undefined Weak Reference
    _fp_trap_init                             - Undefined Weak Reference
    _fp_trap_shutdown                         - Undefined Weak Reference
    _get_lc_collate                           - Undefined Weak Reference
    _get_lc_ctype                             - Undefined Weak Reference
    _get_lc_monetary                          - Undefined Weak Reference
    _get_lc_numeric                           - Undefined Weak Reference
    _get_lc_time                              - Undefined Weak Reference
    _getenv_init                              - Undefined Weak Reference
    _handle_redirection                       - Undefined Weak Reference
    _init_alloc                               - Undefined Weak Reference
    _init_user_alloc                          - Undefined Weak Reference
    _initio                                   - Undefined Weak Reference
    _rand_init                                - Undefined Weak Reference
    _signal_finish                            - Undefined Weak Reference
    _signal_init                              - Undefined Weak Reference
    _terminate_alloc                          - Undefined Weak Reference
    _terminate_user_alloc                     - Undefined Weak Reference
    _terminateio                              - Undefined Weak Reference
    __Vectors_Size                           0x000000ec   Number         0  startup_stm32f10x_md.o ABSOLUTE
    __Vectors                                0x08000000   Data           4  startup_stm32f10x_md.o(RESET)
    __Vectors_End                            0x080000ec   Data           0  startup_stm32f10x_md.o(RESET)
    __main                                   0x080000ed   Thumb Code     8  __main.o(!!!main)
    __scatterload                            0x080000f5   Thumb Code     0  __scatter.o(!!!scatter)
    __scatterload_rt2                        0x080000f5   Thumb Code    44  __scatter.o(!!!scatter)
    __scatterload_rt2_thumb_only             0x080000f5   Thumb Code     0  __scatter.o(!!!scatter)
    __scatterload_null                       0x08000103   Thumb Code     0  __scatter.o(!!!scatter)
    __scatterload_copy                       0x08000129   Thumb Code    26  __scatter_copy.o(!!handler_copy)
    __scatterload_zeroinit                   0x08000145   Thumb Code    28  __scatter_zi.o(!!handler_zi)
    __rt_lib_init                            0x08000161   Thumb Code     0  libinit.o(.ARM.Collect$$libinit$$00000000)
    __rt_lib_init_alloca_1                   0x08000163   Thumb Code     0  libinit2.o(.ARM.Collect$$libinit$$0000002E)
    __rt_lib_init_argv_1                     0x08000163   Thumb Code     0  libinit2.o(.ARM.Collect$$libinit$$0000002C)
    __rt_lib_init_atexit_1                   0x08000163   Thumb Code     0  libinit2.o(.ARM.Collect$$libinit$$0000001B)
    __rt_lib_init_clock_1                    0x08000163   Thumb Code     0  libinit2.o(.ARM.Collect$$libinit$$00000021)
    __rt_lib_init_cpp_1                      0x08000163   Thumb Code     0  libinit2.o(.ARM.Collect$$libinit$$00000032)
    __rt_lib_init_exceptions_1               0x08000163   Thumb Code     0  libinit2.o(.ARM.Collect$$libinit$$00000030)
    __rt_lib_init_fp_1                       0x08000163   Thumb Code     0  libinit2.o(.ARM.Collect$$libinit$$00000002)
    __rt_lib_init_fp_trap_1                  0x08000163   Thumb Code     0  libinit2.o(.ARM.Collect$$libinit$$0000001F)
    __rt_lib_init_getenv_1                   0x08000163   Thumb Code     0  libinit2.o(.ARM.Collect$$libinit$$00000023)
    __rt_lib_init_heap_1                     0x08000163   Thumb Code     0  libinit2.o(.ARM.Collect$$libinit$$0000000A)
    __rt_lib_init_lc_collate_1               0x08000163   Thumb Code     0  libinit2.o(.ARM.Collect$$libinit$$00000011)
    __rt_lib_init_lc_ctype_1                 0x08000163   Thumb Code     0  libinit2.o(.ARM.Collect$$libinit$$00000013)
    __rt_lib_init_lc_monetary_1              0x08000163   Thumb Code     0  libinit2.o(.ARM.Collect$$libinit$$00000015)
    __rt_lib_init_lc_numeric_1               0x08000163   Thumb Code     0  libinit2.o(.ARM.Collect$$libinit$$00000017)
    __rt_lib_init_lc_time_1                  0x08000163   Thumb Code     0  libinit2.o(.ARM.Collect$$libinit$$00000019)
    __rt_lib_init_preinit_1                  0x08000163   Thumb Code     0  libinit2.o(.ARM.Collect$$libinit$$00000004)
    __rt_lib_init_rand_1                     0x08000163   Thumb Code     0  libinit2.o(.ARM.Collect$$libinit$$0000000E)
    __rt_lib_init_return                     0x08000163   Thumb Code     0  libinit2.o(.ARM.Collect$$libinit$$00000033)
    __rt_lib_init_signal_1                   0x08000163   Thumb Code     0  libinit2.o(.ARM.Collect$$libinit$$0000001D)
    __rt_lib_init_stdio_1                    0x08000163   Thumb Code     0  libinit2.o(.ARM.Collect$$libinit$$00000025)
    __rt_lib_init_user_alloc_1               0x08000163   Thumb Code     0  libinit2.o(.ARM.Collect$$libinit$$0000000C)
    __rt_lib_shutdown                        0x08000165   Thumb Code     0  libshutdown.o(.ARM.Collect$$libshutdown$$00000000)
    __rt_lib_shutdown_cpp_1                  0x08000167   Thumb Code     0  libshutdown2.o(.ARM.Collect$$libshutdown$$00000004)
    __rt_lib_shutdown_fini_1                 0x08000167   Thumb Code     0  libshutdown2.o(.ARM.Collect$$libshutdown$$00000002)
    __rt_lib_shutdown_fp_trap_1              0x08000167   Thumb Code     0  libshutdown2.o(.ARM.Collect$$libshutdown$$00000009)
    __rt_lib_shutdown_heap_1                 0x08000167   Thumb Code     0  libshutdown2.o(.ARM.Collect$$libshutdown$$00000011)
    __rt_lib_shutdown_return                 0x08000167   Thumb Code     0  libshutdown2.o(.ARM.Collect$$libshutdown$$00000012)
    __rt_lib_shutdown_signal_1               0x08000167   Thumb Code     0  libshutdown2.o(.ARM.Collect$$libshutdown$$0000000C)
    __rt_lib_shutdown_stdio_1                0x08000167   Thumb Code     0  libshutdown2.o(.ARM.Collect$$libshutdown$$00000006)
    __rt_lib_shutdown_user_alloc_1           0x08000167   Thumb Code     0  libshutdown2.o(.ARM.Collect$$libshutdown$$0000000E)
    __rt_entry                               0x08000169   Thumb Code     0  __rtentry.o(.ARM.Collect$$rtentry$$00000000)
    __rt_entry_presh_1                       0x08000169   Thumb Code     0  __rtentry2.o(.ARM.Collect$$rtentry$$00000002)
    __rt_entry_sh                            0x08000169   Thumb Code     0  __rtentry4.o(.ARM.Collect$$rtentry$$00000004)
    __rt_entry_li                            0x0800016f   Thumb Code     0  __rtentry2.o(.ARM.Collect$$rtentry$$0000000A)
    __rt_entry_postsh_1                      0x0800016f   Thumb Code     0  __rtentry2.o(.ARM.Collect$$rtentry$$00000009)
    __rt_entry_main                          0x08000173   Thumb Code     0  __rtentry2.o(.ARM.Collect$$rtentry$$0000000D)
    __rt_entry_postli_1                      0x08000173   Thumb Code     0  __rtentry2.o(.ARM.Collect$$rtentry$$0000000C)
    __rt_exit                                0x0800017b   Thumb Code     0  rtexit.o(.ARM.Collect$$rtexit$$00000000)
    __rt_exit_ls                             0x0800017d   Thumb Code     0  rtexit2.o(.ARM.Collect$$rtexit$$00000003)
    __rt_exit_prels_1                        0x0800017d   Thumb Code     0  rtexit2.o(.ARM.Collect$$rtexit$$00000002)
    __rt_exit_exit                           0x08000181   Thumb Code     0  rtexit2.o(.ARM.Collect$$rtexit$$00000004)
    Reset_Handler                            0x08000189   Thumb Code     8  startup_stm32f10x_md.o(.text)
    NMI_Handler                              0x08000191   Thumb Code     2  startup_stm32f10x_md.o(.text)
    HardFault_Handler                        0x08000193   Thumb Code     2  startup_stm32f10x_md.o(.text)
    MemManage_Handler                        0x08000195   Thumb Code     2  startup_stm32f10x_md.o(.text)
    BusFault_Handler                         0x08000197   Thumb Code     2  startup_stm32f10x_md.o(.text)
    UsageFault_Handler                       0x08000199   Thumb Code     2  startup_stm32f10x_md.o(.text)
    SVC_Handler                              0x0800019b   Thumb Code     2  startup_stm32f10x_md.o(.text)
    DebugMon_Handler                         0x0800019d   Thumb Code     2  startup_stm32f10x_md.o(.text)
    PendSV_Handler                           0x0800019f   Thumb Code     2  startup_stm32f10x_md.o(.text)
    SysTick_Handler                          0x080001a1   Thumb Code     2  startup_stm32f10x_md.o(.text)
    ADC1_2_IRQHandler                        0x080001a3   Thumb Code     0  startup_stm32f10x_md.o(.text)
    CAN1_RX1_IRQHandler                      0x080001a3   Thumb Code     0  startup_stm32f10x_md.o(.text)
    CAN1_SCE_IRQHandler                      0x080001a3   Thumb Code     0  startup_stm32f10x_md.o(.text)
    DMA1_Channel1_IRQHandler                 0x080001a3   Thumb Code     0  startup_stm32f10x_md.o(.text)
    DMA1_Channel2_IRQHandler                 0x080001a3   Thumb Code     0  startup_stm32f10x_md.o(.text)
    DMA1_Channel3_IRQHandler                 0x080001a3   Thumb Code     0  startup_stm32f10x_md.o(.text)
    DMA1_Channel4_IRQHandler                 0x080001a3   Thumb Code     0  startup_stm32f10x_md.o(.text)
    DMA1_Channel5_IRQHandler                 0x080001a3   Thumb Code     0  startup_stm32f10x_md.o(.text)
    DMA1_Channel6_IRQHandler                 0x080001a3   Thumb Code     0  startup_stm32f10x_md.o(.text)
    DMA1_Channel7_IRQHandler                 0x080001a3   Thumb Code     0  startup_stm32f10x_md.o(.text)
    EXTI15_10_IRQHandler                     0x080001a3   Thumb Code     0  startup_stm32f10x_md.o(.text)
    FLASH_IRQHandler                         0x080001a3   Thumb Code     0  startup_stm32f10x_md.o(.text)
    I2C1_ER_IRQHandler                       0x080001a3   Thumb Code     0  startup_stm32f10x_md.o(.text)
    I2C1_EV_IRQHandler                       0x080001a3   Thumb Code     0  startup_stm32f10x_md.o(.text)
    I2C2_ER_IRQHandler                       0x080001a3   Thumb Code     0  startup_stm32f10x_md.o(.text)
    I2C2_EV_IRQHandler                       0x080001a3   Thumb Code     0  startup_stm32f10x_md.o(.text)
    PVD_IRQHandler                           0x080001a3   Thumb Code     0  startup_stm32f10x_md.o(.text)
    RCC_IRQHandler                           0x080001a3   Thumb Code     0  startup_stm32f10x_md.o(.text)
    RTCAlarm_IRQHandler                      0x080001a3   Thumb Code     0  startup_stm32f10x_md.o(.text)
    RTC_IRQHandler                           0x080001a3   Thumb Code     0  startup_stm32f10x_md.o(.text)
    SPI1_IRQHandler                          0x080001a3   Thumb Code     0  startup_stm32f10x_md.o(.text)
    SPI2_IRQHandler                          0x080001a3   Thumb Code     0  startup_stm32f10x_md.o(.text)
    TAMPER_IRQHandler                        0x080001a3   Thumb Code     0  startup_stm32f10x_md.o(.text)
    TIM1_BRK_IRQHandler                      0x080001a3   Thumb Code     0  startup_stm32f10x_md.o(.text)
    TIM1_CC_IRQHandler                       0x080001a3   Thumb Code     0  startup_stm32f10x_md.o(.text)
    TIM1_TRG_COM_IRQHandler                  0x080001a3   Thumb Code     0  startup_stm32f10x_md.o(.text)
    TIM1_UP_IRQHandler                       0x080001a3   Thumb Code     0  startup_stm32f10x_md.o(.text)
    USBWakeUp_IRQHandler                     0x080001a3   Thumb Code     0  startup_stm32f10x_md.o(.text)
    USB_HP_CAN1_TX_IRQHandler                0x080001a3   Thumb Code     0  startup_stm32f10x_md.o(.text)
    USB_LP_CAN1_RX0_IRQHandler               0x080001a3   Thumb Code     0  startup_stm32f10x_md.o(.text)
    WWDG_IRQHandler                          0x080001a3   Thumb Code     0  startup_stm32f10x_md.o(.text)
    __user_initial_stackheap                 0x080001a5   Thumb Code     0  startup_stm32f10x_md.o(.text)
    __use_no_semihosting                     0x080001c9   Thumb Code     2  use_no_semi_2.o(.text)
    __use_two_region_memory                  0x080001cb   Thumb Code     2  heapauxi.o(.text)
    __rt_heap_escrow$2region                 0x080001cd   Thumb Code     2  heapauxi.o(.text)
    __rt_heap_expand$2region                 0x080001cf   Thumb Code     2  heapauxi.o(.text)
    __I$use$semihosting                      0x080001d1   Thumb Code     0  use_no_semi.o(.text)
    __use_no_semihosting_swi                 0x080001d1   Thumb Code     2  use_no_semi.o(.text)
    __read_errno                             0x080001d3   Thumb Code    10  _rserrno.o(.text)
    __set_errno                              0x080001dd   Thumb Code    12  _rserrno.o(.text)
    __aeabi_errno_addr                       0x080001e9   Thumb Code     8  rt_errno_addr_intlibspace.o(.text)
    __errno$intlibspace                      0x080001e9   Thumb Code     0  rt_errno_addr_intlibspace.o(.text)
    __rt_errno_addr$intlibspace              0x080001e9   Thumb Code     0  rt_errno_addr_intlibspace.o(.text)
    __user_libspace                          0x080001f1   Thumb Code     8  libspace.o(.text)
    __user_perproc_libspace                  0x080001f1   Thumb Code     0  libspace.o(.text)
    __user_perthread_libspace                0x080001f1   Thumb Code     0  libspace.o(.text)
    __user_setup_stackheap                   0x080001f9   Thumb Code    74  sys_stackheap_outer.o(.text)
    exit                                     0x08000243   Thumb Code    18  exit.o(.text)
    EXTI0_IRQHandler                         0x08000255   Thumb Code    18  isr.o(i.EXTI0_IRQHandler)
    EXTI1_IRQHandler                         0x0800026d   Thumb Code    18  isr.o(i.EXTI1_IRQHandler)
    EXTI2_IRQHandler                         0x08000285   Thumb Code    52  isr.o(i.EXTI2_IRQHandler)
    EXTI3_IRQHandler                         0x080002c1   Thumb Code    18  isr.o(i.EXTI3_IRQHandler)
    EXTI4_IRQHandler                         0x080002d9   Thumb Code    52  isr.o(i.EXTI4_IRQHandler)
    EXTI9_5_IRQHandler                       0x08000315   Thumb Code   276  isr.o(i.EXTI9_5_IRQHandler)
    I2C_Init                                 0x08000459   Thumb Code    44  ml_i2c.o(i.I2C_Init)
    I2C_NotSendAck                           0x08000485   Thumb Code    34  ml_i2c.o(i.I2C_NotSendAck)
    I2C_ReceiveByte                          0x080004a7   Thumb Code    64  ml_i2c.o(i.I2C_ReceiveByte)
    I2C_SendByte                             0x080004e7   Thumb Code    66  ml_i2c.o(i.I2C_SendByte)
    I2C_Start                                0x08000529   Thumb Code    44  ml_i2c.o(i.I2C_Start)
    I2C_Stop                                 0x08000555   Thumb Code    34  ml_i2c.o(i.I2C_Stop)
    I2C_WaitAck                              0x08000577   Thumb Code    48  ml_i2c.o(i.I2C_WaitAck)
    MPU6050_GetData                          0x080005a9   Thumb Code   160  ml_mpu6050.o(i.MPU6050_GetData)
    MPU6050_Init                             0x08000661   Thumb Code    52  ml_mpu6050.o(i.MPU6050_Init)
    MPU6050_Read                             0x08000695   Thumb Code    64  ml_mpu6050.o(i.MPU6050_Read)
    MPU6050_Write                            0x080006d5   Thumb Code    46  ml_mpu6050.o(i.MPU6050_Write)
    NVIC_Group_Config                        0x08000705   Thumb Code    30  ml_nvic.o(i.NVIC_Group_Config)
    NVIC_init                                0x0800072d   Thumb Code    70  ml_nvic.o(i.NVIC_init)
    OLED_Clear                               0x08000779   Thumb Code    42  ml_oled.o(i.OLED_Clear)
    OLED_I2C_Init                            0x080007a3   Thumb Code    44  ml_oled.o(i.OLED_I2C_Init)
    OLED_I2C_SendByte                        0x080007cf   Thumb Code    74  ml_oled.o(i.OLED_I2C_SendByte)
    OLED_I2C_Start                           0x08000819   Thumb Code    44  ml_oled.o(i.OLED_I2C_Start)
    OLED_I2C_Stop                            0x08000845   Thumb Code    34  ml_oled.o(i.OLED_I2C_Stop)
    OLED_Init                                0x08000867   Thumb Code   174  ml_oled.o(i.OLED_Init)
    OLED_Pow                                 0x08000915   Thumb Code    20  ml_oled.o(i.OLED_Pow)
    OLED_SetCursor                           0x08000929   Thumb Code    34  ml_oled.o(i.OLED_SetCursor)
    OLED_ShowChar                            0x0800094d   Thumb Code   110  ml_oled.o(i.OLED_ShowChar)
    OLED_ShowFloat                           0x080009c1   Thumb Code   142  ml_oled.o(i.OLED_ShowFloat)
    OLED_ShowNum                             0x08000a59   Thumb Code    68  ml_oled.o(i.OLED_ShowNum)
    OLED_ShowSignedNum                       0x08000a9d   Thumb Code   102  ml_oled.o(i.OLED_ShowSignedNum)
    OLED_ShowString                          0x08000b03   Thumb Code    40  ml_oled.o(i.OLED_ShowString)
    OLED_WriteCommand                        0x08000b2b   Thumb Code    32  ml_oled.o(i.OLED_WriteCommand)
    OLED_WriteData                           0x08000b4b   Thumb Code    32  ml_oled.o(i.OLED_WriteData)
    SystemInit                               0x08000c55   Thumb Code    78  system_stm32f10x.o(i.SystemInit)
    TIM2_IRQHandler                          0x08000cb5   Thumb Code    30  isr.o(i.TIM2_IRQHandler)
    TIM3_IRQHandler                          0x08000cd5   Thumb Code    30  isr.o(i.TIM3_IRQHandler)
    TIM4_IRQHandler                          0x08000cf9   Thumb Code    24  isr.o(i.TIM4_IRQHandler)
    USART1_IRQHandler                        0x08000d15   Thumb Code    24  isr.o(i.USART1_IRQHandler)
    USART2_IRQHandler                        0x08000d31   Thumb Code    24  isr.o(i.USART2_IRQHandler)
    USART3_IRQHandler                        0x08000d4d   Thumb Code    24  isr.o(i.USART3_IRQHandler)
    __ARM_fpclassify                         0x08000d69   Thumb Code    40  fpclassify.o(i.__ARM_fpclassify)
    __ARM_fpclassifyf                        0x08000d91   Thumb Code    38  fpclassifyf.o(i.__ARM_fpclassifyf)
    __kernel_poly                            0x08000db7   Thumb Code   170  poly.o(i.__kernel_poly)
    __mathlib_dbl_divzero                    0x08000e61   Thumb Code    12  dunder.o(i.__mathlib_dbl_divzero)
    __mathlib_dbl_infnan2                    0x08000e71   Thumb Code     4  dunder.o(i.__mathlib_dbl_infnan2)
    __mathlib_dbl_invalid                    0x08000e75   Thumb Code    12  dunder.o(i.__mathlib_dbl_invalid)
    __mathlib_dbl_overflow                   0x08000e81   Thumb Code    14  dunder.o(i.__mathlib_dbl_overflow)
    __mathlib_dbl_underflow                  0x08000e91   Thumb Code    10  dunder.o(i.__mathlib_dbl_underflow)
    __mathlib_flt_infnan                     0x08000ea1   Thumb Code     6  funder.o(i.__mathlib_flt_infnan)
    __mathlib_flt_infnan2                    0x08000ea7   Thumb Code     4  funder.o(i.__mathlib_flt_infnan2)
    __mathlib_flt_invalid                    0x08000eab   Thumb Code     8  funder.o(i.__mathlib_flt_invalid)
    __mathlib_flt_underflow                  0x08000eb3   Thumb Code    10  funder.o(i.__mathlib_flt_underflow)
    __mathlib_rredf2                         0x08000ebd   Thumb Code   344  rredf.o(i.__mathlib_rredf2)
    _sys_exit                                0x08001025   Thumb Code     4  ml_uart.o(i._sys_exit)
    asinf                                    0x08001029   Thumb Code   254  asinf.o(i.asinf)
    atan2f                                   0x0800114d   Thumb Code   598  atan2f.o(i.atan2f)
    calculate_adaptive_alpha                 0x080013f1   Thumb Code    78  mcu_dmp.o(i.calculate_adaptive_alpha)
    cosf                                     0x080015f9   Thumb Code   328  cosf.o(i.cosf)
    delay_ms                                 0x08001775   Thumb Code    24  ml_delay.o(i.delay_ms)
    delay_us                                 0x0800178d   Thumb Code    46  ml_delay.o(i.delay_us)
    ekf_update                               0x080017bd   Thumb Code   338  mcu_dmp.o(i.ekf_update)
    encoder_init                             0x08001915   Thumb Code    44  motor.o(i.encoder_init)
    exti_init                                0x08001941   Thumb Code   254  ml_exti.o(i.exti_init)
    exti_pin_init                            0x08001a4d   Thumb Code   328  ml_exti.o(i.exti_pin_init)
    gpio_get                                 0x08001b95   Thumb Code    30  ml_gpio.o(i.gpio_get)
    gpio_init                                0x08001bb9   Thumb Code   408  ml_gpio.o(i.gpio_init)
    gpio_set                                 0x08001d5d   Thumb Code    60  ml_gpio.o(i.gpio_set)
    imu_get_euler_angles                     0x08001d9d   Thumb Code   416  mcu_dmp.o(i.imu_get_euler_angles)
    imu_init                                 0x08001f6d   Thumb Code    36  mcu_dmp.o(i.imu_init)
    imu_update                               0x08001fa9   Thumb Code  1974  mcu_dmp.o(i.imu_update)
    invSqrt                                  0x08002775   Thumb Code    72  mcu_dmp.o(i.invSqrt)
    main                                     0x080027c1   Thumb Code   138  main.o(i.main)
    motorA_duty                              0x08002865   Thumb Code    50  motor.o(i.motorA_duty)
    motorB_duty                              0x0800289d   Thumb Code    50  motor.o(i.motorB_duty)
    motor_init                               0x080028d5   Thumb Code    68  motor.o(i.motor_init)
    motor_target_set                         0x08002919   Thumb Code    84  pid.o(i.motor_target_set)
    pid_cal                                  0x0800297d   Thumb Code   194  pid.o(i.pid_cal)
    pid_control                              0x08002a41   Thumb Code   178  pid.o(i.pid_control)
    pid_init                                 0x08002b15   Thumb Code    14  pid.o(i.pid_init)
    pidout_limit                             0x08002b25   Thumb Code    34  pid.o(i.pidout_limit)
    pow                                      0x08002b4d   Thumb Code  2512  pow.o(i.pow)
    pwm_init                                 0x08003525   Thumb Code   354  ml_pwm.o(i.pwm_init)
    pwm_pin_init                             0x08003695   Thumb Code   172  ml_pwm.o(i.pwm_pin_init)
    pwm_update                               0x08003741   Thumb Code   266  ml_pwm.o(i.pwm_update)
    sinf                                     0x08003855   Thumb Code   338  sinf.o(i.sinf)
    sqrt                                     0x080039dd   Thumb Code    76  sqrt.o(i.sqrt)
    sqrtf                                    0x08003a29   Thumb Code    44  sqrtf.o(i.sqrtf)
    tim_interrupt_ms_init                    0x08003a55   Thumb Code   104  ml_tim.o(i.tim_interrupt_ms_init)
    uart_baud_config                         0x08003ac5   Thumb Code   142  ml_uart.o(i.uart_baud_config)
    uart_init                                0x08003b65   Thumb Code    92  ml_uart.o(i.uart_init)
    uart_pin_init                            0x08003bc9   Thumb Code    86  ml_uart.o(i.uart_pin_init)
    __aeabi_d2f                              0x08003c21   Thumb Code     0  d2f.o(x$fpl$d2f)
    _d2f                                     0x08003c21   Thumb Code    98  d2f.o(x$fpl$d2f)
    __aeabi_dadd                             0x08003c85   Thumb Code     0  daddsub_clz.o(x$fpl$dadd)
    _dadd                                    0x08003c85   Thumb Code   332  daddsub_clz.o(x$fpl$dadd)
    __fpl_dcheck_NaN1                        0x08003dd5   Thumb Code    10  dcheck1.o(x$fpl$dcheck1)
    __fpl_dcmp_Inf                           0x08003de5   Thumb Code    24  dcmpi.o(x$fpl$dcmpinf)
    __aeabi_ddiv                             0x08003dfd   Thumb Code     0  ddiv.o(x$fpl$ddiv)
    _ddiv                                    0x08003dfd   Thumb Code   552  ddiv.o(x$fpl$ddiv)
    __aeabi_d2iz                             0x080040ad   Thumb Code     0  dfix.o(x$fpl$dfix)
    _dfix                                    0x080040ad   Thumb Code    94  dfix.o(x$fpl$dfix)
    __aeabi_i2d                              0x0800410b   Thumb Code     0  dflt_clz.o(x$fpl$dflt)
    _dflt                                    0x0800410b   Thumb Code    46  dflt_clz.o(x$fpl$dflt)
    __aeabi_ui2d                             0x08004139   Thumb Code     0  dflt_clz.o(x$fpl$dfltu)
    _dfltu                                   0x08004139   Thumb Code    38  dflt_clz.o(x$fpl$dfltu)
    __aeabi_cdcmple                          0x08004161   Thumb Code     0  dleqf.o(x$fpl$dleqf)
    _dcmple                                  0x08004161   Thumb Code   120  dleqf.o(x$fpl$dleqf)
    __fpl_dcmple_InfNaN                      0x080041c3   Thumb Code     0  dleqf.o(x$fpl$dleqf)
    __aeabi_dmul                             0x080041d9   Thumb Code     0  dmul.o(x$fpl$dmul)
    _dmul                                    0x080041d9   Thumb Code   332  dmul.o(x$fpl$dmul)
    __fpl_dnaninf                            0x0800432d   Thumb Code   156  dnaninf.o(x$fpl$dnaninf)
    __fpl_dretinf                            0x080043c9   Thumb Code    12  dretinf.o(x$fpl$dretinf)
    __aeabi_cdrcmple                         0x080043d5   Thumb Code     0  drleqf.o(x$fpl$drleqf)
    _drcmple                                 0x080043d5   Thumb Code   108  drleqf.o(x$fpl$drleqf)
    __aeabi_drsub                            0x08004441   Thumb Code     0  daddsub_clz.o(x$fpl$drsb)
    _drsb                                    0x08004441   Thumb Code    22  daddsub_clz.o(x$fpl$drsb)
    _dsqrt                                   0x08004459   Thumb Code   456  dsqrt_noumaal.o(x$fpl$dsqrt)
    __aeabi_dsub                             0x08004625   Thumb Code     0  daddsub_clz.o(x$fpl$dsub)
    _dsub                                    0x08004625   Thumb Code   464  daddsub_clz.o(x$fpl$dsub)
    __aeabi_f2d                              0x080047f9   Thumb Code     0  f2d.o(x$fpl$f2d)
    _f2d                                     0x080047f9   Thumb Code    86  f2d.o(x$fpl$f2d)
    __aeabi_fadd                             0x08004851   Thumb Code     0  faddsub_clz.o(x$fpl$fadd)
    _fadd                                    0x08004851   Thumb Code   196  faddsub_clz.o(x$fpl$fadd)
    __fpl_fcheck_NaN1                        0x08004915   Thumb Code     6  fcheck1.o(x$fpl$fcheck1)
    __fpl_fcmp_Inf                           0x08004921   Thumb Code    24  fcmpi.o(x$fpl$fcmpinf)
    __aeabi_fdiv                             0x08004939   Thumb Code     0  fdiv.o(x$fpl$fdiv)
    _fdiv                                    0x08004939   Thumb Code   384  fdiv.o(x$fpl$fdiv)
    __aeabi_cfcmpeq                          0x08004abd   Thumb Code     0  feqf.o(x$fpl$feqf)
    _fcmpeq                                  0x08004abd   Thumb Code   104  feqf.o(x$fpl$feqf)
    __aeabi_f2iz                             0x08004b25   Thumb Code     0  ffix.o(x$fpl$ffix)
    _ffix                                    0x08004b25   Thumb Code    54  ffix.o(x$fpl$ffix)
    __aeabi_f2uiz                            0x08004b5d   Thumb Code     0  ffixu.o(x$fpl$ffixu)
    _ffixu                                   0x08004b5d   Thumb Code    62  ffixu.o(x$fpl$ffixu)
    __aeabi_i2f                              0x08004b9d   Thumb Code     0  fflt_clz.o(x$fpl$fflt)
    _fflt                                    0x08004b9d   Thumb Code    48  fflt_clz.o(x$fpl$fflt)
    __aeabi_ui2f                             0x08004bcd   Thumb Code     0  fflt_clz.o(x$fpl$ffltu)
    _ffltu                                   0x08004bcd   Thumb Code    38  fflt_clz.o(x$fpl$ffltu)
    __aeabi_cfcmple                          0x08004bf5   Thumb Code     0  fleqf.o(x$fpl$fleqf)
    _fcmple                                  0x08004bf5   Thumb Code   104  fleqf.o(x$fpl$fleqf)
    __fpl_fcmple_InfNaN                      0x08004c47   Thumb Code     0  fleqf.o(x$fpl$fleqf)
    __aeabi_fmul                             0x08004c5d   Thumb Code     0  fmul.o(x$fpl$fmul)
    _fmul                                    0x08004c5d   Thumb Code   258  fmul.o(x$fpl$fmul)
    __fpl_fnaninf                            0x08004d5f   Thumb Code   140  fnaninf.o(x$fpl$fnaninf)
    __fpl_fretinf                            0x08004deb   Thumb Code    10  fretinf.o(x$fpl$fretinf)
    __aeabi_cfrcmple                         0x08004df5   Thumb Code     0  frleqf.o(x$fpl$frleqf)
    _frcmple                                 0x08004df5   Thumb Code    98  frleqf.o(x$fpl$frleqf)
    _frnd                                    0x08004e59   Thumb Code    96  frnd.o(x$fpl$frnd)
    __aeabi_frsub                            0x08004eb9   Thumb Code     0  faddsub_clz.o(x$fpl$frsb)
    _frsb                                    0x08004eb9   Thumb Code    20  faddsub_clz.o(x$fpl$frsb)
    _fsqrt                                   0x08004ecd   Thumb Code   272  fsqrt.o(x$fpl$fsqrt)
    __aeabi_fsub                             0x08004fdd   Thumb Code     0  faddsub_clz.o(x$fpl$fsub)
    _fsub                                    0x08004fdd   Thumb Code   234  faddsub_clz.o(x$fpl$fsub)
    __fpl_return_NaN                         0x080050c7   Thumb Code   100  retnan.o(x$fpl$retnan)
    __ARM_scalbn                             0x0800512b   Thumb Code    92  scalbn.o(x$fpl$scalbn)
    __ARM_scalbnf                            0x08005187   Thumb Code    76  scalbnf.o(x$fpl$scalbnf)
    __fpl_cmpreturn                          0x080051d3   Thumb Code    48  trapv.o(x$fpl$trapveneer)
    __I$use$fp                               0x08005202   Number         0  usenofp.o(x$fpl$usenofp)
    OLED_F8x16                               0x08005214   Data        1520  ml_oled.o(.constdata)
    __mathlib_zero                           0x08005890   Data           8  qnan.o(.constdata)
    Region$$Table$$Base                      0x080058b8   Number         0  anon$$obj.o(Region$$Table)
    Region$$Table$$Limit                     0x080058d8   Number         0  anon$$obj.o(Region$$Table)
    motorA_dir                               0x20000000   Data           1  motor.o(.data)
    motorB_dir                               0x20000001   Data           1  motor.o(.data)
    Encoder_count1                           0x20000004   Data           4  motor.o(.data)
    Encoder_count2                           0x20000008   Data           4  motor.o(.data)
    speed_now                                0x2000000c   Data           4  motor.o(.data)
    gpio_index                               0x2000009c   Data          12  ml_gpio.o(.data)
    tim_index                                0x200000a8   Data          12  ml_tim.o(.data)
    uart_index                               0x200000b4   Data          12  ml_uart.o(.data)
    __stdout                                 0x200000c0   Data           4  ml_uart.o(.data)
    ax                                       0x200000c4   Data           2  ml_mpu6050.o(.data)
    ay                                       0x200000c6   Data           2  ml_mpu6050.o(.data)
    az                                       0x200000c8   Data           2  ml_mpu6050.o(.data)
    gx                                       0x200000ca   Data           2  ml_mpu6050.o(.data)
    gy                                       0x200000cc   Data           2  ml_mpu6050.o(.data)
    gz                                       0x200000ce   Data           2  ml_mpu6050.o(.data)
    roll_gyro                                0x200000d0   Data           4  ml_mpu6050.o(.data)
    pitch_gyro                               0x200000d4   Data           4  ml_mpu6050.o(.data)
    yaw_gyro                                 0x200000d8   Data           4  ml_mpu6050.o(.data)
    roll_acc                                 0x200000dc   Data           4  ml_mpu6050.o(.data)
    pitch_acc                                0x200000e0   Data           4  ml_mpu6050.o(.data)
    yaw_acc                                  0x200000e4   Data           4  ml_mpu6050.o(.data)
    roll_Kalman                              0x200000e8   Data           4  ml_mpu6050.o(.data)
    pitch_Kalman                             0x200000ec   Data           4  ml_mpu6050.o(.data)
    yaw_Kalman                               0x200000f0   Data           4  ml_mpu6050.o(.data)
    motorA                                   0x200000f4   Data          52  pid.o(.bss)
    motorB                                   0x20000128   Data          52  pid.o(.bss)
    angle                                    0x2000015c   Data          52  pid.o(.bss)
    __libspace_start                         0x200001b4   Data          96  libspace.o(.bss)
    __temporary_stack_top$libspace           0x20000214   Data           0  libspace.o(.bss)



==============================================================================

Memory Map of the image

  Image Entry point : 0x080000ed

  Load Region LR_IROM1 (Base: 0x08000000, Size: 0x000059cc, Max: 0x00010000, ABSOLUTE)

    Execution Region ER_IROM1 (Exec base: 0x08000000, Load base: 0x08000000, Size: 0x000058d8, Max: 0x00010000, ABSOLUTE)

    Exec Addr    Load Addr    Size         Type   Attr      Idx    E Section Name        Object

    0x08000000   0x08000000   0x000000ec   Data   RO          530    RESET               startup_stm32f10x_md.o
    0x080000ec   0x080000ec   0x00000008   Code   RO         1087  * !!!main             c_w.l(__main.o)
    0x080000f4   0x080000f4   0x00000034   Code   RO         1440    !!!scatter          c_w.l(__scatter.o)
    0x08000128   0x08000128   0x0000001a   Code   RO         1442    !!handler_copy      c_w.l(__scatter_copy.o)
    0x08000142   0x08000142   0x00000002   PAD
    0x08000144   0x08000144   0x0000001c   Code   RO         1444    !!handler_zi        c_w.l(__scatter_zi.o)
    0x08000160   0x08000160   0x00000002   Code   RO         1311    .ARM.Collect$$libinit$$00000000  c_w.l(libinit.o)
    0x08000162   0x08000162   0x00000000   Code   RO         1317    .ARM.Collect$$libinit$$00000002  c_w.l(libinit2.o)
    0x08000162   0x08000162   0x00000000   Code   RO         1319    .ARM.Collect$$libinit$$00000004  c_w.l(libinit2.o)
    0x08000162   0x08000162   0x00000000   Code   RO         1322    .ARM.Collect$$libinit$$0000000A  c_w.l(libinit2.o)
    0x08000162   0x08000162   0x00000000   Code   RO         1324    .ARM.Collect$$libinit$$0000000C  c_w.l(libinit2.o)
    0x08000162   0x08000162   0x00000000   Code   RO         1326    .ARM.Collect$$libinit$$0000000E  c_w.l(libinit2.o)
    0x08000162   0x08000162   0x00000000   Code   RO         1329    .ARM.Collect$$libinit$$00000011  c_w.l(libinit2.o)
    0x08000162   0x08000162   0x00000000   Code   RO         1331    .ARM.Collect$$libinit$$00000013  c_w.l(libinit2.o)
    0x08000162   0x08000162   0x00000000   Code   RO         1333    .ARM.Collect$$libinit$$00000015  c_w.l(libinit2.o)
    0x08000162   0x08000162   0x00000000   Code   RO         1335    .ARM.Collect$$libinit$$00000017  c_w.l(libinit2.o)
    0x08000162   0x08000162   0x00000000   Code   RO         1337    .ARM.Collect$$libinit$$00000019  c_w.l(libinit2.o)
    0x08000162   0x08000162   0x00000000   Code   RO         1339    .ARM.Collect$$libinit$$0000001B  c_w.l(libinit2.o)
    0x08000162   0x08000162   0x00000000   Code   RO         1341    .ARM.Collect$$libinit$$0000001D  c_w.l(libinit2.o)
    0x08000162   0x08000162   0x00000000   Code   RO         1343    .ARM.Collect$$libinit$$0000001F  c_w.l(libinit2.o)
    0x08000162   0x08000162   0x00000000   Code   RO         1345    .ARM.Collect$$libinit$$00000021  c_w.l(libinit2.o)
    0x08000162   0x08000162   0x00000000   Code   RO         1347    .ARM.Collect$$libinit$$00000023  c_w.l(libinit2.o)
    0x08000162   0x08000162   0x00000000   Code   RO         1349    .ARM.Collect$$libinit$$00000025  c_w.l(libinit2.o)
    0x08000162   0x08000162   0x00000000   Code   RO         1353    .ARM.Collect$$libinit$$0000002C  c_w.l(libinit2.o)
    0x08000162   0x08000162   0x00000000   Code   RO         1355    .ARM.Collect$$libinit$$0000002E  c_w.l(libinit2.o)
    0x08000162   0x08000162   0x00000000   Code   RO         1357    .ARM.Collect$$libinit$$00000030  c_w.l(libinit2.o)
    0x08000162   0x08000162   0x00000000   Code   RO         1359    .ARM.Collect$$libinit$$00000032  c_w.l(libinit2.o)
    0x08000162   0x08000162   0x00000002   Code   RO         1360    .ARM.Collect$$libinit$$00000033  c_w.l(libinit2.o)
    0x08000164   0x08000164   0x00000002   Code   RO         1380    .ARM.Collect$$libshutdown$$00000000  c_w.l(libshutdown.o)
    0x08000166   0x08000166   0x00000000   Code   RO         1390    .ARM.Collect$$libshutdown$$00000002  c_w.l(libshutdown2.o)
    0x08000166   0x08000166   0x00000000   Code   RO         1392    .ARM.Collect$$libshutdown$$00000004  c_w.l(libshutdown2.o)
    0x08000166   0x08000166   0x00000000   Code   RO         1394    .ARM.Collect$$libshutdown$$00000006  c_w.l(libshutdown2.o)
    0x08000166   0x08000166   0x00000000   Code   RO         1397    .ARM.Collect$$libshutdown$$00000009  c_w.l(libshutdown2.o)
    0x08000166   0x08000166   0x00000000   Code   RO         1400    .ARM.Collect$$libshutdown$$0000000C  c_w.l(libshutdown2.o)
    0x08000166   0x08000166   0x00000000   Code   RO         1402    .ARM.Collect$$libshutdown$$0000000E  c_w.l(libshutdown2.o)
    0x08000166   0x08000166   0x00000000   Code   RO         1405    .ARM.Collect$$libshutdown$$00000011  c_w.l(libshutdown2.o)
    0x08000166   0x08000166   0x00000002   Code   RO         1406    .ARM.Collect$$libshutdown$$00000012  c_w.l(libshutdown2.o)
    0x08000168   0x08000168   0x00000000   Code   RO         1201    .ARM.Collect$$rtentry$$00000000  c_w.l(__rtentry.o)
    0x08000168   0x08000168   0x00000000   Code   RO         1274    .ARM.Collect$$rtentry$$00000002  c_w.l(__rtentry2.o)
    0x08000168   0x08000168   0x00000006   Code   RO         1286    .ARM.Collect$$rtentry$$00000004  c_w.l(__rtentry4.o)
    0x0800016e   0x0800016e   0x00000000   Code   RO         1276    .ARM.Collect$$rtentry$$00000009  c_w.l(__rtentry2.o)
    0x0800016e   0x0800016e   0x00000004   Code   RO         1277    .ARM.Collect$$rtentry$$0000000A  c_w.l(__rtentry2.o)
    0x08000172   0x08000172   0x00000000   Code   RO         1279    .ARM.Collect$$rtentry$$0000000C  c_w.l(__rtentry2.o)
    0x08000172   0x08000172   0x00000008   Code   RO         1280    .ARM.Collect$$rtentry$$0000000D  c_w.l(__rtentry2.o)
    0x0800017a   0x0800017a   0x00000002   Code   RO         1314    .ARM.Collect$$rtexit$$00000000  c_w.l(rtexit.o)
    0x0800017c   0x0800017c   0x00000000   Code   RO         1364    .ARM.Collect$$rtexit$$00000002  c_w.l(rtexit2.o)
    0x0800017c   0x0800017c   0x00000004   Code   RO         1365    .ARM.Collect$$rtexit$$00000003  c_w.l(rtexit2.o)
    0x08000180   0x08000180   0x00000006   Code   RO         1366    .ARM.Collect$$rtexit$$00000004  c_w.l(rtexit2.o)
    0x08000186   0x08000186   0x00000002   PAD
    0x08000188   0x08000188   0x00000040   Code   RO          531    .text               startup_stm32f10x_md.o
    0x080001c8   0x080001c8   0x00000002   Code   RO         1083    .text               c_w.l(use_no_semi_2.o)
    0x080001ca   0x080001ca   0x00000006   Code   RO         1085    .text               c_w.l(heapauxi.o)
    0x080001d0   0x080001d0   0x00000002   Code   RO         1199    .text               c_w.l(use_no_semi.o)
    0x080001d2   0x080001d2   0x00000016   Code   RO         1202    .text               c_w.l(_rserrno.o)
    0x080001e8   0x080001e8   0x00000008   Code   RO         1291    .text               c_w.l(rt_errno_addr_intlibspace.o)
    0x080001f0   0x080001f0   0x00000008   Code   RO         1299    .text               c_w.l(libspace.o)
    0x080001f8   0x080001f8   0x0000004a   Code   RO         1302    .text               c_w.l(sys_stackheap_outer.o)
    0x08000242   0x08000242   0x00000012   Code   RO         1304    .text               c_w.l(exit.o)
    0x08000254   0x08000254   0x00000018   Code   RO           93    i.EXTI0_IRQHandler  isr.o
    0x0800026c   0x0800026c   0x00000018   Code   RO           94    i.EXTI1_IRQHandler  isr.o
    0x08000284   0x08000284   0x0000003c   Code   RO           95    i.EXTI2_IRQHandler  isr.o
    0x080002c0   0x080002c0   0x00000018   Code   RO           96    i.EXTI3_IRQHandler  isr.o
    0x080002d8   0x080002d8   0x0000003c   Code   RO           97    i.EXTI4_IRQHandler  isr.o
    0x08000314   0x08000314   0x00000144   Code   RO           98    i.EXTI9_5_IRQHandler  isr.o
    0x08000458   0x08000458   0x0000002c   Code   RO          859    i.I2C_Init          ml_i2c.o
    0x08000484   0x08000484   0x00000022   Code   RO          860    i.I2C_NotSendAck    ml_i2c.o
    0x080004a6   0x080004a6   0x00000040   Code   RO          861    i.I2C_ReceiveByte   ml_i2c.o
    0x080004e6   0x080004e6   0x00000042   Code   RO          863    i.I2C_SendByte      ml_i2c.o
    0x08000528   0x08000528   0x0000002c   Code   RO          864    i.I2C_Start         ml_i2c.o
    0x08000554   0x08000554   0x00000022   Code   RO          865    i.I2C_Stop          ml_i2c.o
    0x08000576   0x08000576   0x00000030   Code   RO          866    i.I2C_WaitAck       ml_i2c.o
    0x080005a6   0x080005a6   0x00000002   PAD
    0x080005a8   0x080005a8   0x000000b8   Code   RO          819    i.MPU6050_GetData   ml_mpu6050.o
    0x08000660   0x08000660   0x00000034   Code   RO          820    i.MPU6050_Init      ml_mpu6050.o
    0x08000694   0x08000694   0x00000040   Code   RO          821    i.MPU6050_Read      ml_mpu6050.o
    0x080006d4   0x080006d4   0x0000002e   Code   RO          822    i.MPU6050_Write     ml_mpu6050.o
    0x08000702   0x08000702   0x00000002   PAD
    0x08000704   0x08000704   0x00000028   Code   RO          633    i.NVIC_Group_Config  ml_nvic.o
    0x0800072c   0x0800072c   0x0000004c   Code   RO          634    i.NVIC_init         ml_nvic.o
    0x08000778   0x08000778   0x0000002a   Code   RO          917    i.OLED_Clear        ml_oled.o
    0x080007a2   0x080007a2   0x0000002c   Code   RO          919    i.OLED_I2C_Init     ml_oled.o
    0x080007ce   0x080007ce   0x0000004a   Code   RO          920    i.OLED_I2C_SendByte  ml_oled.o
    0x08000818   0x08000818   0x0000002c   Code   RO          921    i.OLED_I2C_Start    ml_oled.o
    0x08000844   0x08000844   0x00000022   Code   RO          922    i.OLED_I2C_Stop     ml_oled.o
    0x08000866   0x08000866   0x000000ae   Code   RO          923    i.OLED_Init         ml_oled.o
    0x08000914   0x08000914   0x00000014   Code   RO          924    i.OLED_Pow          ml_oled.o
    0x08000928   0x08000928   0x00000022   Code   RO          925    i.OLED_SetCursor    ml_oled.o
    0x0800094a   0x0800094a   0x00000002   PAD
    0x0800094c   0x0800094c   0x00000074   Code   RO          927    i.OLED_ShowChar     ml_oled.o
    0x080009c0   0x080009c0   0x00000098   Code   RO          928    i.OLED_ShowFloat    ml_oled.o
    0x08000a58   0x08000a58   0x00000044   Code   RO          930    i.OLED_ShowNum      ml_oled.o
    0x08000a9c   0x08000a9c   0x00000066   Code   RO          931    i.OLED_ShowSignedNum  ml_oled.o
    0x08000b02   0x08000b02   0x00000028   Code   RO          932    i.OLED_ShowString   ml_oled.o
    0x08000b2a   0x08000b2a   0x00000020   Code   RO          933    i.OLED_WriteCommand  ml_oled.o
    0x08000b4a   0x08000b4a   0x00000020   Code   RO          934    i.OLED_WriteData    ml_oled.o
    0x08000b6a   0x08000b6a   0x00000008   Code   RO          494    i.SetSysClock       system_stm32f10x.o
    0x08000b72   0x08000b72   0x00000002   PAD
    0x08000b74   0x08000b74   0x000000e0   Code   RO          495    i.SetSysClockTo72   system_stm32f10x.o
    0x08000c54   0x08000c54   0x00000060   Code   RO          497    i.SystemInit        system_stm32f10x.o
    0x08000cb4   0x08000cb4   0x0000001e   Code   RO           99    i.TIM2_IRQHandler   isr.o
    0x08000cd2   0x08000cd2   0x00000002   PAD
    0x08000cd4   0x08000cd4   0x00000024   Code   RO          100    i.TIM3_IRQHandler   isr.o
    0x08000cf8   0x08000cf8   0x0000001c   Code   RO          101    i.TIM4_IRQHandler   isr.o
    0x08000d14   0x08000d14   0x0000001c   Code   RO          102    i.USART1_IRQHandler  isr.o
    0x08000d30   0x08000d30   0x0000001c   Code   RO          103    i.USART2_IRQHandler  isr.o
    0x08000d4c   0x08000d4c   0x0000001c   Code   RO          104    i.USART3_IRQHandler  isr.o
    0x08000d68   0x08000d68   0x00000028   Code   RO         1241    i.__ARM_fpclassify  m_ws.l(fpclassify.o)
    0x08000d90   0x08000d90   0x00000026   Code   RO         1243    i.__ARM_fpclassifyf  m_ws.l(fpclassifyf.o)
    0x08000db6   0x08000db6   0x000000aa   Code   RO         1259    i.__kernel_poly     m_ws.l(poly.o)
    0x08000e60   0x08000e60   0x00000010   Code   RO         1227    i.__mathlib_dbl_divzero  m_ws.l(dunder.o)
    0x08000e70   0x08000e70   0x00000004   Code   RO         1229    i.__mathlib_dbl_infnan2  m_ws.l(dunder.o)
    0x08000e74   0x08000e74   0x0000000c   Code   RO         1230    i.__mathlib_dbl_invalid  m_ws.l(dunder.o)
    0x08000e80   0x08000e80   0x0000000e   Code   RO         1231    i.__mathlib_dbl_overflow  m_ws.l(dunder.o)
    0x08000e8e   0x08000e8e   0x00000002   PAD
    0x08000e90   0x08000e90   0x00000010   Code   RO         1233    i.__mathlib_dbl_underflow  m_ws.l(dunder.o)
    0x08000ea0   0x08000ea0   0x00000006   Code   RO         1246    i.__mathlib_flt_infnan  m_ws.l(funder.o)
    0x08000ea6   0x08000ea6   0x00000004   Code   RO         1247    i.__mathlib_flt_infnan2  m_ws.l(funder.o)
    0x08000eaa   0x08000eaa   0x00000008   Code   RO         1248    i.__mathlib_flt_invalid  m_ws.l(funder.o)
    0x08000eb2   0x08000eb2   0x0000000a   Code   RO         1251    i.__mathlib_flt_underflow  m_ws.l(funder.o)
    0x08000ebc   0x08000ebc   0x00000168   Code   RO         1262    i.__mathlib_rredf2  m_ws.l(rredf.o)
    0x08001024   0x08001024   0x00000004   Code   RO          705    i._sys_exit         ml_uart.o
    0x08001028   0x08001028   0x00000124   Code   RO         1150    i.asinf             m_ws.l(asinf.o)
    0x0800114c   0x0800114c   0x000002a4   Code   RO         1158    i.atan2f            m_ws.l(atan2f.o)
    0x080013f0   0x080013f0   0x00000054   Code   RO          267    i.calculate_adaptive_alpha  mcu_dmp.o
    0x08001444   0x08001444   0x000001b4   Code   RO          268    i.compute_rotation_matrix  mcu_dmp.o
    0x080015f8   0x080015f8   0x0000017c   Code   RO         1166    i.cosf              m_ws.l(cosf.o)
    0x08001774   0x08001774   0x00000018   Code   RO          609    i.delay_ms          ml_delay.o
    0x0800178c   0x0800178c   0x0000002e   Code   RO          611    i.delay_us          ml_delay.o
    0x080017ba   0x080017ba   0x00000002   PAD
    0x080017bc   0x080017bc   0x00000158   Code   RO          269    i.ekf_update        mcu_dmp.o
    0x08001914   0x08001914   0x0000002c   Code   RO          175    i.encoder_init      motor.o
    0x08001940   0x08001940   0x0000010c   Code   RO          797    i.exti_init         ml_exti.o
    0x08001a4c   0x08001a4c   0x00000148   Code   RO          798    i.exti_pin_init     ml_exti.o
    0x08001b94   0x08001b94   0x00000024   Code   RO          536    i.gpio_get          ml_gpio.o
    0x08001bb8   0x08001bb8   0x000001a4   Code   RO          537    i.gpio_init         ml_gpio.o
    0x08001d5c   0x08001d5c   0x00000040   Code   RO          538    i.gpio_set          ml_gpio.o
    0x08001d9c   0x08001d9c   0x000001d0   Code   RO          270    i.imu_get_euler_angles  mcu_dmp.o
    0x08001f6c   0x08001f6c   0x0000003c   Code   RO          271    i.imu_init          mcu_dmp.o
    0x08001fa8   0x08001fa8   0x000007cc   Code   RO          272    i.imu_update        mcu_dmp.o
    0x08002774   0x08002774   0x0000004c   Code   RO          273    i.invSqrt           mcu_dmp.o
    0x080027c0   0x080027c0   0x000000a4   Code   RO            1    i.main              main.o
    0x08002864   0x08002864   0x00000038   Code   RO          176    i.motorA_duty       motor.o
    0x0800289c   0x0800289c   0x00000038   Code   RO          177    i.motorB_duty       motor.o
    0x080028d4   0x080028d4   0x00000044   Code   RO          178    i.motor_init        motor.o
    0x08002918   0x08002918   0x00000064   Code   RO          216    i.motor_target_set  pid.o
    0x0800297c   0x0800297c   0x000000c2   Code   RO          217    i.pid_cal           pid.o
    0x08002a3e   0x08002a3e   0x00000002   PAD
    0x08002a40   0x08002a40   0x000000d4   Code   RO          218    i.pid_control       pid.o
    0x08002b14   0x08002b14   0x0000000e   Code   RO          219    i.pid_init          pid.o
    0x08002b22   0x08002b22   0x00000002   PAD
    0x08002b24   0x08002b24   0x00000028   Code   RO          220    i.pidout_limit      pid.o
    0x08002b4c   0x08002b4c   0x000009d8   Code   RO         1174    i.pow               m_ws.l(pow.o)
    0x08003524   0x08003524   0x00000170   Code   RO          655    i.pwm_init          ml_pwm.o
    0x08003694   0x08003694   0x000000ac   Code   RO          656    i.pwm_pin_init      ml_pwm.o
    0x08003740   0x08003740   0x00000114   Code   RO          657    i.pwm_update        ml_pwm.o
    0x08003854   0x08003854   0x00000188   Code   RO         1184    i.sinf              m_ws.l(sinf.o)
    0x080039dc   0x080039dc   0x0000004c   Code   RO         1266    i.sqrt              m_ws.l(sqrt.o)
    0x08003a28   0x08003a28   0x0000002c   Code   RO         1192    i.sqrtf             m_ws.l(sqrtf.o)
    0x08003a54   0x08003a54   0x00000070   Code   RO          683    i.tim_interrupt_ms_init  ml_tim.o
    0x08003ac4   0x08003ac4   0x000000a0   Code   RO          707    i.uart_baud_config  ml_uart.o
    0x08003b64   0x08003b64   0x00000064   Code   RO          709    i.uart_init         ml_uart.o
    0x08003bc8   0x08003bc8   0x00000056   Code   RO          710    i.uart_pin_init     ml_uart.o
    0x08003c1e   0x08003c1e   0x00000002   PAD
    0x08003c20   0x08003c20   0x00000062   Code   RO         1089    x$fpl$d2f           fz_ws.l(d2f.o)
    0x08003c82   0x08003c82   0x00000002   PAD
    0x08003c84   0x08003c84   0x00000150   Code   RO         1091    x$fpl$dadd          fz_ws.l(daddsub_clz.o)
    0x08003dd4   0x08003dd4   0x00000010   Code   RO         1293    x$fpl$dcheck1       fz_ws.l(dcheck1.o)
    0x08003de4   0x08003de4   0x00000018   Code   RO         1204    x$fpl$dcmpinf       fz_ws.l(dcmpi.o)
    0x08003dfc   0x08003dfc   0x000002b0   Code   RO         1098    x$fpl$ddiv          fz_ws.l(ddiv.o)
    0x080040ac   0x080040ac   0x0000005e   Code   RO         1101    x$fpl$dfix          fz_ws.l(dfix.o)
    0x0800410a   0x0800410a   0x0000002e   Code   RO         1106    x$fpl$dflt          fz_ws.l(dflt_clz.o)
    0x08004138   0x08004138   0x00000026   Code   RO         1105    x$fpl$dfltu         fz_ws.l(dflt_clz.o)
    0x0800415e   0x0800415e   0x00000002   PAD
    0x08004160   0x08004160   0x00000078   Code   RO         1111    x$fpl$dleqf         fz_ws.l(dleqf.o)
    0x080041d8   0x080041d8   0x00000154   Code   RO         1113    x$fpl$dmul          fz_ws.l(dmul.o)
    0x0800432c   0x0800432c   0x0000009c   Code   RO         1206    x$fpl$dnaninf       fz_ws.l(dnaninf.o)
    0x080043c8   0x080043c8   0x0000000c   Code   RO         1208    x$fpl$dretinf       fz_ws.l(dretinf.o)
    0x080043d4   0x080043d4   0x0000006c   Code   RO         1210    x$fpl$drleqf        fz_ws.l(drleqf.o)
    0x08004440   0x08004440   0x00000016   Code   RO         1092    x$fpl$drsb          fz_ws.l(daddsub_clz.o)
    0x08004456   0x08004456   0x00000002   PAD
    0x08004458   0x08004458   0x000001cc   Code   RO         1295    x$fpl$dsqrt         fz_ws.l(dsqrt_noumaal.o)
    0x08004624   0x08004624   0x000001d4   Code   RO         1093    x$fpl$dsub          fz_ws.l(daddsub_clz.o)
    0x080047f8   0x080047f8   0x00000056   Code   RO         1115    x$fpl$f2d           fz_ws.l(f2d.o)
    0x0800484e   0x0800484e   0x00000002   PAD
    0x08004850   0x08004850   0x000000c4   Code   RO         1117    x$fpl$fadd          fz_ws.l(faddsub_clz.o)
    0x08004914   0x08004914   0x0000000c   Code   RO         1297    x$fpl$fcheck1       fz_ws.l(fcheck1.o)
    0x08004920   0x08004920   0x00000018   Code   RO         1212    x$fpl$fcmpinf       fz_ws.l(fcmpi.o)
    0x08004938   0x08004938   0x00000184   Code   RO         1124    x$fpl$fdiv          fz_ws.l(fdiv.o)
    0x08004abc   0x08004abc   0x00000068   Code   RO         1127    x$fpl$feqf          fz_ws.l(feqf.o)
    0x08004b24   0x08004b24   0x00000036   Code   RO         1129    x$fpl$ffix          fz_ws.l(ffix.o)
    0x08004b5a   0x08004b5a   0x00000002   PAD
    0x08004b5c   0x08004b5c   0x0000003e   Code   RO         1133    x$fpl$ffixu         fz_ws.l(ffixu.o)
    0x08004b9a   0x08004b9a   0x00000002   PAD
    0x08004b9c   0x08004b9c   0x00000030   Code   RO         1138    x$fpl$fflt          fz_ws.l(fflt_clz.o)
    0x08004bcc   0x08004bcc   0x00000026   Code   RO         1137    x$fpl$ffltu         fz_ws.l(fflt_clz.o)
    0x08004bf2   0x08004bf2   0x00000002   PAD
    0x08004bf4   0x08004bf4   0x00000068   Code   RO         1143    x$fpl$fleqf         fz_ws.l(fleqf.o)
    0x08004c5c   0x08004c5c   0x00000102   Code   RO         1145    x$fpl$fmul          fz_ws.l(fmul.o)
    0x08004d5e   0x08004d5e   0x0000008c   Code   RO         1214    x$fpl$fnaninf       fz_ws.l(fnaninf.o)
    0x08004dea   0x08004dea   0x0000000a   Code   RO         1216    x$fpl$fretinf       fz_ws.l(fretinf.o)
    0x08004df4   0x08004df4   0x00000062   Code   RO         1147    x$fpl$frleqf        fz_ws.l(frleqf.o)
    0x08004e56   0x08004e56   0x00000002   PAD
    0x08004e58   0x08004e58   0x00000060   Code   RO         1218    x$fpl$frnd          fz_ws.l(frnd.o)
    0x08004eb8   0x08004eb8   0x00000014   Code   RO         1118    x$fpl$frsb          fz_ws.l(faddsub_clz.o)
    0x08004ecc   0x08004ecc   0x00000110   Code   RO         1220    x$fpl$fsqrt         fz_ws.l(fsqrt.o)
    0x08004fdc   0x08004fdc   0x000000ea   Code   RO         1119    x$fpl$fsub          fz_ws.l(faddsub_clz.o)
    0x080050c6   0x080050c6   0x00000064   Code   RO         1312    x$fpl$retnan        fz_ws.l(retnan.o)
    0x0800512a   0x0800512a   0x0000005c   Code   RO         1222    x$fpl$scalbn        fz_ws.l(scalbn.o)
    0x08005186   0x08005186   0x0000004c   Code   RO         1224    x$fpl$scalbnf       fz_ws.l(scalbnf.o)
    0x080051d2   0x080051d2   0x00000030   Code   RO         1361    x$fpl$trapveneer    fz_ws.l(trapv.o)
    0x08005202   0x08005202   0x00000000   Code   RO         1226    x$fpl$usenofp       fz_ws.l(usenofp.o)
    0x08005202   0x08005202   0x00000002   PAD
    0x08005204   0x08005204   0x00000010   Data   RO          277    .constdata          mcu_dmp.o
    0x08005214   0x08005214   0x000005f0   Data   RO          935    .constdata          ml_oled.o
    0x08005804   0x08005804   0x00000004   PAD
    0x08005808   0x08005808   0x00000088   Data   RO         1175    .constdata          m_ws.l(pow.o)
    0x08005890   0x08005890   0x00000008   Data   RO         1261    .constdata          m_ws.l(qnan.o)
    0x08005898   0x08005898   0x00000020   Data   RO         1263    .constdata          m_ws.l(rredf.o)
    0x080058b8   0x080058b8   0x00000020   Data   RO         1438    Region$$Table       anon$$obj.o


    Execution Region RW_IRAM1 (Exec base: 0x20000000, Load base: 0x080058d8, Size: 0x00000818, Max: 0x00005000, ABSOLUTE)

    Exec Addr    Load Addr    Size         Type   Attr      Idx    E Section Name        Object

    0x20000000   0x080058d8   0x00000010   Data   RW          179    .data               motor.o
    0x20000010   0x080058e8   0x0000008c   Data   RW          278    .data               mcu_dmp.o
    0x2000009c   0x08005974   0x0000000c   Data   RW          539    .data               ml_gpio.o
    0x200000a8   0x08005980   0x0000000c   Data   RW          684    .data               ml_tim.o
    0x200000b4   0x0800598c   0x00000010   Data   RW          713    .data               ml_uart.o
    0x200000c4   0x0800599c   0x00000030   Data   RW          823    .data               ml_mpu6050.o
    0x200000f4        -       0x0000009c   Zero   RW          221    .bss                pid.o
    0x20000190        -       0x00000024   Zero   RW          276    .bss                mcu_dmp.o
    0x200001b4        -       0x00000060   Zero   RW         1300    .bss                c_w.l(libspace.o)
    0x20000214   0x080059cc   0x00000004   PAD
    0x20000218        -       0x00000200   Zero   RW          529    HEAP                startup_stm32f10x_md.o
    0x20000418        -       0x00000400   Zero   RW          528    STACK               startup_stm32f10x_md.o


==============================================================================

Image component sizes


      Code (inc. data)   RO Data    RW Data    ZI Data      Debug   Object Name

       694        104          0          0          0       4846   isr.o
       164         26          0          0          0     207355   main.o
      3460        178         16        140         36      11388   mcu_dmp.o
        70          0          0          0          0        906   ml_delay.o
       596         38          0          0          0       1392   ml_exti.o
       520         22          0         12          0       4703   ml_gpio.o
       334          0          0          0          0       3258   ml_i2c.o
       346         24          0         48          0       2709   ml_mpu6050.o
       116         16          0          0          0       1052   ml_nvic.o
      1008         16       1520          0          0       8807   ml_oled.o
       816         36          0          0          0       1907   ml_pwm.o
       112          8          0         12          0       1500   ml_tim.o
       350         26          0         16          0       4080   ml_uart.o
       224         12          0         16          0       2136   motor.o
       560         56          0          0        156       3643   pid.o
        64         26        236          0       1536        804   startup_stm32f10x_md.o
       328         28          0          0          0       1873   system_stm32f10x.o

    ----------------------------------------------------------------------
      9780        616       1808        244       1728     262359   Object Totals
         0          0         32          0          0          0   (incl. Generated)
        18          0          4          0          0          0   (incl. Padding)

    ----------------------------------------------------------------------

      Code (inc. data)   RO Data    RW Data    ZI Data      Debug   Library Member Name

         8          0          0          0          0         68   __main.o
         0          0          0          0          0          0   __rtentry.o
        12          0          0          0          0          0   __rtentry2.o
         6          0          0          0          0          0   __rtentry4.o
        52          8          0          0          0          0   __scatter.o
        26          0          0          0          0          0   __scatter_copy.o
        28          0          0          0          0          0   __scatter_zi.o
        22          0          0          0          0        100   _rserrno.o
        18          0          0          0          0         80   exit.o
         6          0          0          0          0        152   heapauxi.o
         2          0          0          0          0          0   libinit.o
         2          0          0          0          0          0   libinit2.o
         2          0          0          0          0          0   libshutdown.o
         2          0          0          0          0          0   libshutdown2.o
         8          4          0          0         96         68   libspace.o
         8          4          0          0          0         68   rt_errno_addr_intlibspace.o
         2          0          0          0          0          0   rtexit.o
        10          0          0          0          0          0   rtexit2.o
        74          0          0          0          0         80   sys_stackheap_outer.o
         2          0          0          0          0         68   use_no_semi.o
         2          0          0          0          0         68   use_no_semi_2.o
        98          4          0          0          0         92   d2f.o
       826         16          0          0          0        348   daddsub_clz.o
        16          4          0          0          0         68   dcheck1.o
        24          0          0          0          0         68   dcmpi.o
       688        140          0          0          0        208   ddiv.o
        94          4          0          0          0         92   dfix.o
        84          0          0          0          0        136   dflt_clz.o
       120          4          0          0          0         92   dleqf.o
       340         12          0          0          0        104   dmul.o
       156          4          0          0          0         92   dnaninf.o
        12          0          0          0          0         68   dretinf.o
       108          0          0          0          0         80   drleqf.o
       460         56          0          0          0        120   dsqrt_noumaal.o
        86          4          0          0          0         84   f2d.o
       450          8          0          0          0        236   faddsub_clz.o
        12          4          0          0          0         68   fcheck1.o
        24          0          0          0          0         68   fcmpi.o
       388         76          0          0          0         96   fdiv.o
       104          4          0          0          0         84   feqf.o
        54          4          0          0          0         84   ffix.o
        62          4          0          0          0         84   ffixu.o
        86          0          0          0          0        136   fflt_clz.o
       104          4          0          0          0         84   fleqf.o
       258          4          0          0          0         84   fmul.o
       140          4          0          0          0         84   fnaninf.o
        10          0          0          0          0         68   fretinf.o
        98          0          0          0          0         68   frleqf.o
        96          4          0          0          0         76   frnd.o
       272        100          0          0          0         88   fsqrt.o
       100          0          0          0          0         68   retnan.o
        92          0          0          0          0         68   scalbn.o
        76          0          0          0          0         68   scalbnf.o
        48          0          0          0          0         68   trapv.o
         0          0          0          0          0          0   usenofp.o
       292         38          0          0          0        120   asinf.o
       676         78          0          0          0        116   atan2f.o
       380         52          0          0          0        124   cosf.o
        62         10          0          0          0        340   dunder.o
        40          0          0          0          0         68   fpclassify.o
        38          0          0          0          0         68   fpclassifyf.o
        28          0          0          0          0        272   funder.o
       170          0          0          0          0         96   poly.o
      2520        190        136          0          0        324   pow.o
         0          0          8          0          0          0   qnan.o
       360         16         32          0          0         88   rredf.o
       392         54          0          0          0        124   sinf.o
        76          0          0          0          0         84   sqrt.o
        44          0          0          0          0         80   sqrtf.o

    ----------------------------------------------------------------------
     10980        918        176          0        100       5988   Library Totals
        24          0          0          0          4          0   (incl. Padding)

    ----------------------------------------------------------------------

      Code (inc. data)   RO Data    RW Data    ZI Data      Debug   Library Name

       292         16          0          0         96        752   c_w.l
      5586        464          0          0          0       3332   fz_ws.l
      5078        438        176          0          0       1904   m_ws.l

    ----------------------------------------------------------------------
     10980        918        176          0        100       5988   Library Totals

    ----------------------------------------------------------------------

==============================================================================


      Code (inc. data)   RO Data    RW Data    ZI Data      Debug   

     20760       1534       1984        244       1828     261323   Grand Totals
     20760       1534       1984        244       1828     261323   ELF Image Totals
     20760       1534       1984        244          0          0   ROM Totals

==============================================================================

    Total RO  Size (Code + RO Data)                22744 (  22.21kB)
    Total RW  Size (RW Data + ZI Data)              2072 (   2.02kB)
    Total ROM Size (Code + RO Data + RW Data)      22988 (  22.45kB)

==============================================================================

