Component: ARM Compiler 5.06 update 7 (build 960) Tool: armlink [4d3601]

==============================================================================

Section Cross References

    main.o(i.main) refers to _printf_percent.o(.ARM.Collect$$_printf_percent$$00000000) for _printf_percent
    main.o(i.main) refers to _printf_f.o(.ARM.Collect$$_printf_percent$$00000003) for _printf_f
    main.o(i.main) refers to printf1.o(x$fpl$printf1) for _printf_fp_dec
    main.o(i.main) refers to ml_oled.o(i.OLED_Init) for OLED_Init
    main.o(i.main) refers to motor.o(i.motor_init) for motor_init
    main.o(i.main) refers to motor.o(i.encoder_init) for encoder_init
    main.o(i.main) refers to ml_uart.o(i.uart_init) for uart_init
    main.o(i.main) refers to pid.o(i.pid_init) for pid_init
    main.o(i.main) refers to gray_track.o(i.gray_init) for gray_init
    main.o(i.main) refers to ml_i2c.o(i.I2C_Init) for I2C_Init
    main.o(i.main) refers to ml_mpu6050.o(i.MPU6050_Init) for MPU6050_Init
    main.o(i.main) refers to mcu_dmp.o(i.imu_init) for imu_init
    main.o(i.main) refers to ml_exti.o(i.exti_init) for exti_init
    main.o(i.main) refers to ml_tim.o(i.tim_interrupt_ms_init) for tim_interrupt_ms_init
    main.o(i.main) refers to f2d.o(x$fpl$f2d) for __aeabi_f2d
    main.o(i.main) refers to noretval__2printf.o(.text) for __2printf
    main.o(i.main) refers to ml_delay.o(i.delay_ms) for delay_ms
    main.o(i.main) refers to pid.o(.bss) for motorA
    main.o(i.main) refers to ml_mpu6050.o(.data) for roll_Kalman
    isr.o(i.EXTI2_IRQHandler) refers to ml_gpio.o(i.gpio_get) for gpio_get
    isr.o(i.EXTI2_IRQHandler) refers to motor.o(.data) for Encoder_count1
    isr.o(i.EXTI4_IRQHandler) refers to ml_gpio.o(i.gpio_get) for gpio_get
    isr.o(i.EXTI4_IRQHandler) refers to motor.o(.data) for Encoder_count2
    isr.o(i.EXTI9_5_IRQHandler) refers to ml_mpu6050.o(i.MPU6050_GetData) for MPU6050_GetData
    isr.o(i.EXTI9_5_IRQHandler) refers to fflt_clz.o(x$fpl$fflt) for __aeabi_i2f
    isr.o(i.EXTI9_5_IRQHandler) refers to fdiv.o(x$fpl$fdiv) for __aeabi_fdiv
    isr.o(i.EXTI9_5_IRQHandler) refers to mcu_dmp.o(i.imu_update) for imu_update
    isr.o(i.EXTI9_5_IRQHandler) refers to mcu_dmp.o(i.imu_get_euler_angles) for imu_get_euler_angles
    isr.o(i.EXTI9_5_IRQHandler) refers to ml_mpu6050.o(.data) for ax
    isr.o(i.TIM3_IRQHandler) refers to pid.o(i.pid_control) for pid_control
    motor.o(i.encoder_init) refers to ml_exti.o(i.exti_init) for exti_init
    motor.o(i.encoder_init) refers to ml_gpio.o(i.gpio_init) for gpio_init
    motor.o(i.motorA_duty) refers to ml_pwm.o(i.pwm_update) for pwm_update
    motor.o(i.motorA_duty) refers to ml_gpio.o(i.gpio_set) for gpio_set
    motor.o(i.motorA_duty) refers to motor.o(.data) for motorA_dir
    motor.o(i.motorB_duty) refers to ml_pwm.o(i.pwm_update) for pwm_update
    motor.o(i.motorB_duty) refers to ml_gpio.o(i.gpio_set) for gpio_set
    motor.o(i.motorB_duty) refers to motor.o(.data) for motorB_dir
    motor.o(i.motor_init) refers to ml_pwm.o(i.pwm_init) for pwm_init
    motor.o(i.motor_init) refers to ml_gpio.o(i.gpio_init) for gpio_init
    pid.o(i.datavision_send) refers to ml_uart.o(i.uart_sendbyte) for uart_sendbyte
    pid.o(i.datavision_send) refers to ffixu.o(x$fpl$ffixu) for __aeabi_f2uiz
    pid.o(i.datavision_send) refers to pid.o(.bss) for motorA
    pid.o(i.motor_target_set) refers to fflt_clz.o(x$fpl$fflt) for __aeabi_i2f
    pid.o(i.motor_target_set) refers to motor.o(.data) for motorA_dir
    pid.o(i.motor_target_set) refers to pid.o(.bss) for motorA
    pid.o(i.pid_cal) refers to faddsub_clz.o(x$fpl$fsub) for __aeabi_fsub
    pid.o(i.pid_cal) refers to fmul.o(x$fpl$fmul) for __aeabi_fmul
    pid.o(i.pid_cal) refers to faddsub_clz.o(x$fpl$frsb) for __aeabi_frsub
    pid.o(i.pid_cal) refers to faddsub_clz.o(x$fpl$fadd) for __aeabi_fadd
    pid.o(i.pid_control) refers to pid.o(i.pid_cal) for pid_cal
    pid.o(i.pid_control) refers to ffix.o(x$fpl$ffix) for __aeabi_f2iz
    pid.o(i.pid_control) refers to pid.o(i.motor_target_set) for motor_target_set
    pid.o(i.pid_control) refers to fflt_clz.o(x$fpl$fflt) for __aeabi_i2f
    pid.o(i.pid_control) refers to pid.o(i.pidout_limit) for pidout_limit
    pid.o(i.pid_control) refers to motor.o(i.motorA_duty) for motorA_duty
    pid.o(i.pid_control) refers to motor.o(i.motorB_duty) for motorB_duty
    pid.o(i.pid_control) refers to pid.o(.bss) for angle
    pid.o(i.pid_control) refers to ml_mpu6050.o(.data) for yaw_Kalman
    pid.o(i.pid_control) refers to motor.o(.data) for motorA_dir
    pid.o(i.pidout_limit) refers to frleqf.o(x$fpl$frleqf) for __aeabi_cfrcmple
    pid.o(i.pidout_limit) refers to fleqf.o(x$fpl$fleqf) for __aeabi_cfcmple
    gray_track.o(i.digtal) refers to ml_gpio.o(i.gpio_get) for gpio_get
    gray_track.o(i.gray_init) refers to ml_gpio.o(i.gpio_init) for gpio_init
    gray_track.o(i.track) refers to gray_track.o(i.digtal) for digtal
[...]
    .ARM.Collect$$_printf_percent$$00000003  0x08000160   Section        6  _printf_f.o(.ARM.Collect$$_printf_percent$$00000003)
    .ARM.Collect$$_printf_percent$$00000017  0x08000166   Section        4  _printf_percent_end.o(.ARM.Collect$$_printf_percent$$00000017)
    .ARM.Collect$$libinit$$00000000          0x0800016a   Section        2  libinit.o(.ARM.Collect$$libinit$$00000000)
    .ARM.Collect$$libinit$$00000002          0x0800016c   Section        0  libinit2.o(.ARM.Collect$$libinit$$00000002)
    .ARM.Collect$$libinit$$00000004          0x0800016c   Section        0  libinit2.o(.ARM.Collect$$libinit$$00000004)
    .ARM.Collect$$libinit$$0000000A          0x0800016c   Section        0  libinit2.o(.ARM.Collect$$libinit$$0000000A)
    .ARM.Collect$$libinit$$0000000C          0x0800016c   Section        0  libinit2.o(.ARM.Collect$$libinit$$0000000C)
    .ARM.Collect$$libinit$$0000000E          0x0800016c   Section        0  libinit2.o(.ARM.Collect$$libinit$$0000000E)
    .ARM.Collect$$libinit$$0000000F          0x0800016c   Section        6  libinit2.o(.ARM.Collect$$libinit$$0000000F)
    .ARM.Collect$$libinit$$00000011          0x08000172   Section        0  libinit2.o(.ARM.Collect$$libinit$$00000011)
    .ARM.Collect$$libinit$$00000013          0x08000172   Section        0  libinit2.o(.ARM.Collect$$libinit$$00000013)
    .ARM.Collect$$libinit$$00000015          0x08000172   Section        0  libinit2.o(.ARM.Collect$$libinit$$00000015)
    .ARM.Collect$$libinit$$00000016          0x08000172   Section       10  libinit2.o(.ARM.Collect$$libinit$$00000016)
    .ARM.Collect$$libinit$$00000017          0x0800017c   Section        0  libinit2.o(.ARM.Collect$$libinit$$00000017)
    .ARM.Collect$$libinit$$00000019          0x0800017c   Section        0  libinit2.o(.ARM.Collect$$libinit$$00000019)
    .ARM.Collect$$libinit$$0000001B          0x0800017c   Section        0  libinit2.o(.ARM.Collect$$libinit$$0000001B)
    .ARM.Collect$$libinit$$0000001D          0x0800017c   Section        0  libinit2.o(.ARM.Collect$$libinit$$0000001D)
    .ARM.Collect$$libinit$$0000001F          0x0800017c   Section        0  libinit2.o(.ARM.Collect$$libinit$$0000001F)
    .ARM.Collect$$libinit$$00000021          0x0800017c   Section        0  libinit2.o(.ARM.Collect$$libinit$$00000021)
    .ARM.Collect$$libinit$$00000023          0x0800017c   Section        0  libinit2.o(.ARM.Collect$$libinit$$00000023)
    .ARM.Collect$$libinit$$00000025          0x0800017c   Section        0  libinit2.o(.ARM.Collect$$libinit$$00000025)
    .ARM.Collect$$libinit$$0000002C          0x0800017c   Section        0  libinit2.o(.ARM.Collect$$libinit$$0000002C)
    .ARM.Collect$$libinit$$0000002E          0x0800017c   Section        0  libinit2.o(.ARM.Collect$$libinit$$0000002E)
    .ARM.Collect$$libinit$$00000030          0x0800017c   Section        0  libinit2.o(.ARM.Collect$$libinit$$00000030)
    .ARM.Collect$$libinit$$00000032          0x0800017c   Section        0  libinit2.o(.ARM.Collect$$libinit$$00000032)
    .ARM.Collect$$libinit$$00000033          0x0800017c   Section        2  libinit2.o(.ARM.Collect$$libinit$$00000033)
    .ARM.Collect$$libshutdown$$00000000      0x0800017e   Section        2  libshutdown.o(.ARM.Collect$$libshutdown$$00000000)
    .ARM.Collect$$libshutdown$$00000002      0x08000180   Section        0  libshutdown2.o(.ARM.Collect$$libshutdown$$00000002)
    .ARM.Collect$$libshutdown$$00000004      0x08000180   Section        0  libshutdown2.o(.ARM.Collect$$libshutdown$$00000004)
    .ARM.Collect$$libshutdown$$00000006      0x08000180   Section        0  libshutdown2.o(.ARM.Collect$$libshutdown$$00000006)
    .ARM.Collect$$libshutdown$$00000009      0x08000180   Section        0  libshutdown2.o(.ARM.Collect$$libshutdown$$00000009)
    .ARM.Collect$$libshutdown$$0000000C      0x08000180   Section        0  libshutdown2.o(.ARM.Collect$$libshutdown$$0000000C)
    .ARM.Collect$$libshutdown$$0000000E      0x08000180   Section        0  libshutdown2.o(.ARM.Collect$$libshutdown$$0000000E)
    .ARM.Collect$$libshutdown$$00000011      0x08000180   Section        0  libshutdown2.o(.ARM.Collect$$libshutdown$$00000011)
    .ARM.Collect$$libshutdown$$00000012      0x08000180   Section        2  libshutdown2.o(.ARM.Collect$$libshutdown$$00000012)
    .ARM.Collect$$rtentry$$00000000          0x08000182   Section        0  __rtentry.o(.ARM.Collect$$rtentry$$00000000)
    .ARM.Collect$$rtentry$$00000002          0x08000182   Section        0  __rtentry2.o(.ARM.Collect$$rtentry$$00000002)
    .ARM.Collect$$rtentry$$00000004          0x08000182   Section        6  __rtentry4.o(.ARM.Collect$$rtentry$$00000004)
    .ARM.Collect$$rtentry$$00000009          0x08000188   Section        0  __rtentry2.o(.ARM.Collect$$rtentry$$00000009)
    .ARM.Collect$$rtentry$$0000000A          0x08000188   Section        4  __rtentry2.o(.ARM.Collect$$rtentry$$0000000A)
    .ARM.Collect$$rtentry$$0000000C          0x0800018c   Section        0  __rtentry2.o(.ARM.Collect$$rtentry$$0000000C)
    .ARM.Collect$$rtentry$$0000000D          0x0800018c   Section        8  __rtentry2.o(.ARM.Collect$$rtentry$$0000000D)
    .ARM.Collect$$rtexit$$00000000           0x08000194   Section        2  rtexit.o(.ARM.Collect$$rtexit$$00000000)
    .ARM.Collect$$rtexit$$00000002           0x08000196   Section        0  rtexit2.o(.ARM.Collect$$rtexit$$00000002)
    .ARM.Collect$$rtexit$$00000003           0x08000196   Section        4  rtexit2.o(.ARM.Collect$$rtexit$$00000003)
    .ARM.Collect$$rtexit$$00000004           0x0800019a   Section        6  rtexit2.o(.ARM.Collect$$rtexit$$00000004)
    .text                                    0x080001a0   Section       64  startup_stm32f10x_md.o(.text)
    .text                                    0x080001e0   Section        2  use_no_semi_2.o(.text)
    .text                                    0x080001e4   Section        0  noretval__2printf.o(.text)
    .text                                    0x080001fc   Section        0  __printf_wp.o(.text)
    .text                                    0x0800030a   Section        0  heapauxi.o(.text)
    .text                                    0x08000310   Section        2  use_no_semi.o(.text)
    .text                                    0x08000312   Section        0  _rserrno.o(.text)
    .text                                    0x08000328   Section        0  _printf_fp_dec.o(.text)
    _fp_digits                               0x0800032b   Thumb Code   432  _printf_fp_dec.o(.text)
    .text                                    0x08000748   Section        0  _printf_char_file.o(.text)
    .text                                    0x0800076c   Section        8  rt_locale_intlibspace.o(.text)
    .text                                    0x08000774   Section        8  rt_errno_addr_intlibspace.o(.text)
    .text                                    0x0800077c   Section      138  lludiv10.o(.text)
    .text                                    0x08000808   Section        0  _printf_char_common.o(.text)
    _printf_input_char                       0x08000809   Thumb Code    10  _printf_char_common.o(.text)
    .text                                    0x08000838   Section        0  _printf_fp_infnan.o(.text)
    .text                                    0x080008b8   Section        0  bigflt0.o(.text)
    .text                                    0x0800099c   Section        0  ferror.o(.text)
    .text                                    0x080009a4   Section        8  libspace.o(.text)
    .text                                    0x080009ac   Section       74  sys_stackheap_outer.o(.text)
    .text                                    0x080009f6   Section        0  exit.o(.text)
    .text                                    0x08000a08   Section      128  strcmpv7m.o(.text)
    CL$$btod_d2e                             0x08000a88   Section       62  btod.o(CL$$btod_d2e)
    CL$$btod_d2e_denorm_low                  0x08000ac6   Section       70  btod.o(CL$$btod_d2e_denorm_low)
    CL$$btod_d2e_norm_op1                    0x08000b0c   Section       96  btod.o(CL$$btod_d2e_norm_op1)
    CL$$btod_div_common                      0x08000b6c   Section      824  btod.o(CL$$btod_div_common)
    CL$$btod_e2e                             0x08000ea4   Section      220  btod.o(CL$$btod_e2e)
    CL$$btod_ediv                            0x08000f80   Section       42  btod.o(CL$$btod_ediv)
    CL$$btod_emul                            0x08000faa   Section       42  btod.o(CL$$btod_emul)
    CL$$btod_mult_common                     0x08000fd4   Section      580  btod.o(CL$$btod_mult_common)
    i.EXTI0_IRQHandler                       0x08001218   Section        0  isr.o(i.EXTI0_IRQHandler)
    i.EXTI1_IRQHandler                       0x08001230   Section        0  isr.o(i.EXTI1_IRQHandler)
    i.EXTI2_IRQHandler                       0x08001248   Section        0  isr.o(i.EXTI2_IRQHandler)
    i.EXTI3_IRQHandler                       0x08001284   Section        0  isr.o(i.EXTI3_IRQHandler)
    i.EXTI4_IRQHandler                       0x0800129c   Section        0  isr.o(i.EXTI4_IRQHandler)
    i.EXTI9_5_IRQHandler                     0x080012d8   Section        0  isr.o(i.EXTI9_5_IRQHandler)
    i.I2C_Init                               0x0800141c   Section        0  ml_i2c.o(i.I2C_Init)
    i.I2C_NotSendAck                         0x08001448   Section        0  ml_i2c.o(i.I2C_NotSendAck)
    i.I2C_ReceiveByte                        0x0800146a   Section        0  ml_i2c.o(i.I2C_ReceiveByte)
    i.I2C_SendByte                           0x080014aa   Section        0  ml_i2c.o(i.I2C_SendByte)
    i.I2C_Start                              0x080014ec   Section        0  ml_i2c.o(i.I2C_Start)
    i.I2C_Stop                               0x08001518   Section        0  ml_i2c.o(i.I2C_Stop)
    i.I2C_WaitAck                            0x0800153a   Section        0  ml_i2c.o(i.I2C_WaitAck)
    i.MPU6050_GetData                        0x0800156c   Section        0  ml_mpu6050.o(i.MPU6050_GetData)
    i.MPU6050_Init                           0x08001624   Section        0  ml_mpu6050.o(i.MPU6050_Init)
    i.MPU6050_Read                           0x08001658   Section        0  ml_mpu6050.o(i.MPU6050_Read)
    i.MPU6050_Write                          0x08001698   Section        0  ml_mpu6050.o(i.MPU6050_Write)
    i.NVIC_Group_Config                      0x080016c8   Section        0  ml_nvic.o(i.NVIC_Group_Config)
    i.NVIC_init                              0x080016f0   Section        0  ml_nvic.o(i.NVIC_init)
    i.OLED_Clear                             0x0800173c   Section        0  ml_oled.o(i.OLED_Clear)
    i.OLED_I2C_Init                          0x08001766   Section        0  ml_oled.o(i.OLED_I2C_Init)
    i.OLED_I2C_SendByte                      0x08001792   Section        0  ml_oled.o(i.OLED_I2C_SendByte)
    i.OLED_I2C_Start                         0x080017dc   Section        0  ml_oled.o(i.OLED_I2C_Start)
    i.OLED_I2C_Stop                          0x08001808   Section        0  ml_oled.o(i.OLED_I2C_Stop)
    i.OLED_Init                              0x0800182a   Section        0  ml_oled.o(i.OLED_Init)
    i.OLED_SetCursor                         0x080018d8   Section        0  ml_oled.o(i.OLED_SetCursor)
    i.OLED_WriteCommand                      0x080018fa   Section        0  ml_oled.o(i.OLED_WriteCommand)
    i.OLED_WriteData                         0x0800191a   Section        0  ml_oled.o(i.OLED_WriteData)
    i.SetSysClock                            0x0800193a   Section        0  system_stm32f10x.o(i.SetSysClock)
    SetSysClock                              0x0800193b   Thumb Code     8  system_stm32f10x.o(i.SetSysClock)
    i.SetSysClockTo72                        0x08001944   Section        0  system_stm32f10x.o(i.SetSysClockTo72)
    SetSysClockTo72                          0x08001945   Thumb Code   214  system_stm32f10x.o(i.SetSysClockTo72)
    i.SystemInit                             0x08001a24   Section        0  system_stm32f10x.o(i.SystemInit)
    i.TIM2_IRQHandler                        0x08001a84   Section        0  isr.o(i.TIM2_IRQHandler)
    i.TIM3_IRQHandler                        0x08001aa4   Section        0  isr.o(i.TIM3_IRQHandler)
    i.TIM4_IRQHandler                        0x08001ac8   Section        0  isr.o(i.TIM4_IRQHandler)
    i.USART1_IRQHandler                      0x08001ae4   Section        0  isr.o(i.USART1_IRQHandler)
    i.USART2_IRQHandler                      0x08001b00   Section        0  isr.o(i.USART2_IRQHandler)
    i.USART3_IRQHandler                      0x08001b1c   Section        0  isr.o(i.USART3_IRQHandler)
    i.__ARM_fpclassify                       0x08001b38   Section        0  fpclassify.o(i.__ARM_fpclassify)
    i.__ARM_fpclassifyf                      0x08001b60   Section        0  fpclassifyf.o(i.__ARM_fpclassifyf)
    i.__mathlib_flt_infnan                   0x08001b86   Section        0  funder.o(i.__mathlib_flt_infnan)
    i.__mathlib_flt_infnan2                  0x08001b8c   Section        0  funder.o(i.__mathlib_flt_infnan2)
    i.__mathlib_flt_invalid                  0x08001b90   Section        0  funder.o(i.__mathlib_flt_invalid)
    i.__mathlib_flt_underflow                0x08001b98   Section        0  funder.o(i.__mathlib_flt_underflow)
    i.__mathlib_rredf2                       0x08001ba4   Section        0  rredf.o(i.__mathlib_rredf2)
    i._is_digit                              0x08001d0c   Section        0  __printf_wp.o(i._is_digit)
    i._sys_exit                              0x08001d1a   Section        0  ml_uart.o(i._sys_exit)
    i.asinf                                  0x08001d20   Section        0  asinf.o(i.asinf)
    i.atan2f                                 0x08001e44   Section        0  atan2f.o(i.atan2f)
    i.calculate_adaptive_alpha               0x080020e8   Section        0  mcu_dmp.o(i.calculate_adaptive_alpha)
    i.compute_rotation_matrix                0x0800213c   Section        0  mcu_dmp.o(i.compute_rotation_matrix)
    compute_rotation_matrix                  0x0800213d   Thumb Code   416  mcu_dmp.o(i.compute_rotation_matrix)
    i.cosf                                   0x080022f0   Section        0  cosf.o(i.cosf)
    i.delay_ms                               0x0800246c   Section        0  ml_delay.o(i.delay_ms)
    i.delay_us                               0x08002484   Section        0  ml_delay.o(i.delay_us)
    i.ekf_update                             0x080024b4   Section        0  mcu_dmp.o(i.ekf_update)
    i.encoder_init                           0x0800260c   Section        0  motor.o(i.encoder_init)
    i.exti_init                              0x08002638   Section        0  ml_exti.o(i.exti_init)
    i.exti_pin_init                          0x08002744   Section        0  ml_exti.o(i.exti_pin_init)
    i.fputc                                  0x0800288c   Section        0  ml_uart.o(i.fputc)
    i.gpio_get                               0x080028a8   Section        0  ml_gpio.o(i.gpio_get)
    i.gpio_init                              0x080028cc   Section        0  ml_gpio.o(i.gpio_init)
    i.gpio_set                               0x08002a70   Section        0  ml_gpio.o(i.gpio_set)
    i.gray_init                              0x08002ab0   Section        0  gray_track.o(i.gray_init)
    i.imu_get_euler_angles                   0x08002b04   Section        0  mcu_dmp.o(i.imu_get_euler_angles)
    i.imu_init                               0x08002cd4   Section        0  mcu_dmp.o(i.imu_init)
    i.imu_update                             0x08002d10   Section        0  mcu_dmp.o(i.imu_update)
    i.invSqrt                                0x080034dc   Section        0  mcu_dmp.o(i.invSqrt)
    i.main                                   0x08003528   Section        0  main.o(i.main)
    i.motorA_duty                            0x0800361c   Section        0  motor.o(i.motorA_duty)
    i.motorB_duty                            0x08003654   Section        0  motor.o(i.motorB_duty)
    i.motor_init                             0x0800368c   Section        0  motor.o(i.motor_init)
    i.motor_target_set                       0x080036d0   Section        0  pid.o(i.motor_target_set)
    i.pid_cal                                0x08003734   Section        0  pid.o(i.pid_cal)
    i.pid_control                            0x080037f8   Section        0  pid.o(i.pid_control)
    i.pid_init                               0x080038d4   Section        0  pid.o(i.pid_init)
    i.pidout_limit                           0x080038e4   Section        0  pid.o(i.pidout_limit)
    i.pwm_init                               0x0800390c   Section        0  ml_pwm.o(i.pwm_init)
    i.pwm_pin_init                           0x08003a7c   Section        0  ml_pwm.o(i.pwm_pin_init)
    i.pwm_update                             0x08003b28   Section        0  ml_pwm.o(i.pwm_update)
    i.sinf                                   0x08003c3c   Section        0  sinf.o(i.sinf)
    i.sqrtf                                  0x08003dc4   Section        0  sqrtf.o(i.sqrtf)
    i.tim_interrupt_ms_init                  0x08003df0   Section        0  ml_tim.o(i.tim_interrupt_ms_init)
    i.uart_baud_config                       0x08003e60   Section        0  ml_uart.o(i.uart_baud_config)
    i.uart_init                              0x08003f00   Section        0  ml_uart.o(i.uart_init)
    i.uart_pin_init                          0x08003f64   Section        0  ml_uart.o(i.uart_pin_init)
    locale$$code                             0x08003fbc   Section       44  lc_numeric_c.o(locale$$code)
    x$fpl$d2f                                0x08003fe8   Section       98  d2f.o(x$fpl$d2f)
    x$fpl$dadd                               0x0800404c   Section      336  daddsub_clz.o(x$fpl$dadd)
    _dadd1                                   0x0800405d   Thumb Code     0  daddsub_clz.o(x$fpl$dadd)
    x$fpl$ddiv                               0x0800419c   Section      688  ddiv.o(x$fpl$ddiv)
    ddiv_entry                               0x080041a3   Thumb Code     0  ddiv.o(x$fpl$ddiv)
    x$fpl$dflt                               0x0800444c   Section       46  dflt_clz.o(x$fpl$dflt)
    x$fpl$dfltu                              0x0800447a   Section       38  dflt_clz.o(x$fpl$dfltu)
    x$fpl$dmul                               0x080044a0   Section      340  dmul.o(x$fpl$dmul)
    x$fpl$dnaninf                            0x080045f4   Section      156  dnaninf.o(x$fpl$dnaninf)
    x$fpl$dretinf                            0x08004690   Section       12  dretinf.o(x$fpl$dretinf)
    x$fpl$dsub                               0x0800469c   Section      468  daddsub_clz.o(x$fpl$dsub)
    _dsub1                                   0x080046ad   Thumb Code     0  daddsub_clz.o(x$fpl$dsub)
    x$fpl$f2d                                0x08004870   Section       86  f2d.o(x$fpl$f2d)
    x$fpl$fadd                               0x080048c8   Section      196  faddsub_clz.o(x$fpl$fadd)
    _fadd1                                   0x080048d7   Thumb Code     0  faddsub_clz.o(x$fpl$fadd)
    x$fpl$fcheck1                            0x0800498c   Section       12  fcheck1.o(x$fpl$fcheck1)
    x$fpl$fcmpinf                            0x08004998   Section       24  fcmpi.o(x$fpl$fcmpinf)
    x$fpl$fdiv                               0x080049b0   Section      388  fdiv.o(x$fpl$fdiv)
    _fdiv1                                   0x080049b1   Thumb Code     0  fdiv.o(x$fpl$fdiv)
    x$fpl$feqf                               0x08004b34   Section      104  feqf.o(x$fpl$feqf)
    x$fpl$ffix                               0x08004b9c   Section       54  ffix.o(x$fpl$ffix)
    x$fpl$ffixu                              0x08004bd4   Section       62  ffixu.o(x$fpl$ffixu)
    x$fpl$fflt                               0x08004c14   Section       48  fflt_clz.o(x$fpl$fflt)
    x$fpl$ffltu                              0x08004c44   Section       38  fflt_clz.o(x$fpl$ffltu)
    x$fpl$fleqf                              0x08004c6c   Section      104  fleqf.o(x$fpl$fleqf)
    x$fpl$fmul                               0x08004cd4   Section      258  fmul.o(x$fpl$fmul)
    x$fpl$fnaninf                            0x08004dd6   Section      140  fnaninf.o(x$fpl$fnaninf)
    x$fpl$fretinf                            0x08004e62   Section       10  fretinf.o(x$fpl$fretinf)
    x$fpl$frleqf                             0x08004e6c   Section       98  frleqf.o(x$fpl$frleqf)
    x$fpl$frnd                               0x08004ed0   Section       96  frnd.o(x$fpl$frnd)
    x$fpl$frsb                               0x08004f30   Section       20  faddsub_clz.o(x$fpl$frsb)
    x$fpl$fsqrt                              0x08004f44   Section      272  fsqrt.o(x$fpl$fsqrt)
    x$fpl$fsub                               0x08005054   Section      234  faddsub_clz.o(x$fpl$fsub)
    _fsub1                                   0x08005063   Thumb Code     0  faddsub_clz.o(x$fpl$fsub)
    x$fpl$printf1                            0x0800513e   Section        4  printf1.o(x$fpl$printf1)
    x$fpl$retnan                             0x08005142   Section      100  retnan.o(x$fpl$retnan)
    x$fpl$scalbnf                            0x080051a6   Section       76  scalbnf.o(x$fpl$scalbnf)
    x$fpl$trapveneer                         0x080051f2   Section       48  trapv.o(x$fpl$trapveneer)
    x$fpl$usenofp                            0x08005222   Section        0  usenofp.o(x$fpl$usenofp)
    .constdata                               0x08005224   Section       16  mcu_dmp.o(.constdata)
    .constdata                               0x08005234   Section       32  rredf.o(.constdata)
    twooverpi                                0x08005234   Data          32  rredf.o(.constdata)
    .constdata                               0x08005254   Section      148  bigflt0.o(.constdata)
    tenpwrs_x                                0x08005254   Data          60  bigflt0.o(.constdata)
    tenpwrs_i                                0x08005290   Data          64  bigflt0.o(.constdata)
    locale$$data                             0x08005308   Section       28  lc_numeric_c.o(locale$$data)
    __lcnum_c_name                           0x0800530c   Data           2  lc_numeric_c.o(locale$$data)
    __lcnum_c_start                          0x08005314   Data           0  lc_numeric_c.o(locale$$data)
    __lcnum_c_point                          0x08005320   Data           0  lc_numeric_c.o(locale$$data)
    __lcnum_c_thousands                      0x08005322   Data           0  lc_numeric_c.o(locale$$data)
    __lcnum_c_grouping                       0x08005323   Data           0  lc_numeric_c.o(locale$$data)
    __lcnum_c_end                            0x08005324   Data           0  lc_numeric_c.o(locale$$data)
    .data                                    0x20000000   Section       16  motor.o(.data)
    .data                                    0x20000010   Section      140  mcu_dmp.o(.data)
    beta                                     0x20000010   Data           4  mcu_dmp.o(.data)
    Kp                                       0x20000014   Data           4  mcu_dmp.o(.data)
    Ki                                       0x20000018   Data           4  mcu_dmp.o(.data)
    exInt                                    0x2000001c   Data           4  mcu_dmp.o(.data)
    eyInt                                    0x20000020   Data           4  mcu_dmp.o(.data)
    ezInt                                    0x20000024   Data           4  mcu_dmp.o(.data)
    q0                                       0x20000028   Data           4  mcu_dmp.o(.data)
    q1                                       0x2000002c   Data           4  mcu_dmp.o(.data)
    q2                                       0x20000030   Data           4  mcu_dmp.o(.data)
    q3                                       0x20000034   Data           4  mcu_dmp.o(.data)
    yaw_kf                                   0x20000038   Data          24  mcu_dmp.o(.data)
    last_yaw_rate                            0x20000050   Data           4  mcu_dmp.o(.data)
    last_yaw                                 0x20000054   Data           4  mcu_dmp.o(.data)
    filtered_yaw_rate                        0x20000058   Data           4  mcu_dmp.o(.data)
    adaptive_filter                          0x2000005c   Data          12  mcu_dmp.o(.data)
    yaw_ekf                                  0x20000068   Data          40  mcu_dmp.o(.data)
    last_raw_yaw                             0x20000090   Data           4  mcu_dmp.o(.data)
    last_filtered_yaw                        0x20000094   Data           4  mcu_dmp.o(.data)
    filtered_yaw_rate                        0x20000098   Data           4  mcu_dmp.o(.data)
    .data                                    0x2000009c   Section       12  ml_gpio.o(.data)
    .data                                    0x200000a8   Section       12  ml_tim.o(.data)
    .data                                    0x200000b4   Section       16  ml_uart.o(.data)
    .data                                    0x200000c4   Section       48  ml_mpu6050.o(.data)
    .bss                                     0x200000f4   Section      156  pid.o(.bss)
    .bss                                     0x20000190   Section       36  mcu_dmp.o(.bss)
    rMat                                     0x20000190   Data          36  mcu_dmp.o(.bss)
    .bss                                     0x200001b4   Section       96  libspace.o(.bss)
    HEAP                                     0x20000218   Section      512  startup_stm32f10x_md.o(HEAP)
    Heap_Mem                                 0x20000218   Data         512  startup_stm32f10x_md.o(HEAP)
    STACK                                    0x20000418   Section     1024  startup_stm32f10x_md.o(STACK)
    Stack_Mem                                0x20000418   Data        1024  startup_stm32f10x_md.o(STACK)
    __initial_sp                             0x20000818   Data           0  startup_stm32f10x_md.o(STACK)

    Global Symbols

    Symbol Name                              Value     Ov Type        Size  Object(Section)

    BuildAttributes$$THM_ISAv4$P$D$K$B$S$PE$A:L22UL41UL21$X:L11$S22US41US21$IEEE1$IW$USESV6$~STKCKD$USESV7$~SHL$OTIME$ROPI$IEEEX$EBA8$UX$STANDARDLIB$REQ8$PRES8$EABIv2 0x00000000   Number         0  anon$$obj.o ABSOLUTE
    __ARM_use_no_argv                        0x00000000   Number         0  main.o ABSOLUTE
    _printf_flags                            0x00000000   Number         0  printf_stubs.o ABSOLUTE
    _printf_return_value                     0x00000000   Number         0  printf_stubs.o ABSOLUTE
    _printf_sizespec                         0x00000000   Number         0  printf_stubs.o ABSOLUTE
    _printf_widthprec                        0x00000000   Number         0  printf_stubs.o ABSOLUTE
    __ARM_exceptions_init                     - Undefined Weak Reference
    __alloca_initialize                       - Undefined Weak Reference
    __arm_fini_                               - Undefined Weak Reference
    __arm_preinit_                            - Undefined Weak Reference
    __cpp_initialize__aeabi_                  - Undefined Weak Reference
    __cxa_finalize                            - Undefined Weak Reference
    __sigvec_lookup                           - Undefined Weak Reference
    _atexit_init                              - Undefined Weak Reference
    _call_atexit_fns                          - Undefined Weak Reference
    _clock_init                               - Undefined Weak Reference
    _fp_trap_init                             - Undefined Weak Reference
    _fp_trap_shutdown                         - Undefined Weak Reference
    _get_lc_collate                           - Undefined Weak Reference
    _get_lc_ctype                             - Undefined Weak Reference
    _get_lc_monetary                          - Undefined Weak Reference
    _get_lc_time                              - Undefined Weak Reference
    _getenv_init                              - Undefined Weak Reference
    _handle_redirection                       - Undefined Weak Reference
    _init_alloc                               - Undefined Weak Reference
    _init_user_alloc                          - Undefined Weak Reference
    _initio                                   - Undefined Weak Reference
    _mutex_acquire                            - Undefined Weak Reference
    _mutex_release                            - Undefined Weak Reference
    _printf_post_padding                      - Undefined Weak Reference
    _printf_pre_padding                       - Undefined Weak Reference
    _rand_init                                - Undefined Weak Reference
    _signal_finish                            - Undefined Weak Reference
    _signal_init                              - Undefined Weak Reference
    _terminate_alloc                          - Undefined Weak Reference
    _terminate_user_alloc                     - Undefined Weak Reference
    _terminateio                              - Undefined Weak Reference
    __Vectors_Size                           0x000000ec   Number         0  startup_stm32f10x_md.o ABSOLUTE
    __Vectors                                0x08000000   Data           4  startup_stm32f10x_md.o(RESET)
    __Vectors_End                            0x080000ec   Data           0  startup_stm32f10x_md.o(RESET)
    __main                                   0x080000ed   Thumb Code     8  __main.o(!!!main)
    __scatterload                            0x080000f5   Thumb Code     0  __scatter.o(!!!scatter)
    __scatterload_rt2                        0x080000f5   Thumb Code    44  __scatter.o(!!!scatter)
    __scatterload_rt2_thumb_only             0x080000f5   Thumb Code     0  __scatter.o(!!!scatter)
    __scatterload_null                       0x08000103   Thumb Code     0  __scatter.o(!!!scatter)
    __scatterload_copy                       0x08000129   Thumb Code    26  __scatter_copy.o(!!handler_copy)
    __scatterload_zeroinit                   0x08000145   Thumb Code    28  __scatter_zi.o(!!handler_zi)
    _printf_f                                0x08000161   Thumb Code     0  _printf_f.o(.ARM.Collect$$_printf_percent$$00000003)
    _printf_percent                          0x08000161   Thumb Code     0  _printf_percent.o(.ARM.Collect$$_printf_percent$$00000000)
    _printf_percent_end                      0x08000167   Thumb Code     0  _printf_percent_end.o(.ARM.Collect$$_printf_percent$$00000017)
    __rt_lib_init                            0x0800016b   Thumb Code     0  libinit.o(.ARM.Collect$$libinit$$00000000)
    __rt_lib_init_fp_1                       0x0800016d   Thumb Code     0  libinit2.o(.ARM.Collect$$libinit$$00000002)
    __rt_lib_init_heap_1                     0x0800016d   Thumb Code     0  libinit2.o(.ARM.Collect$$libinit$$0000000A)
    __rt_lib_init_lc_common                  0x0800016d   Thumb Code     0  libinit2.o(.ARM.Collect$$libinit$$0000000F)
    __rt_lib_init_preinit_1                  0x0800016d   Thumb Code     0  libinit2.o(.ARM.Collect$$libinit$$00000004)
    __rt_lib_init_rand_1                     0x0800016d   Thumb Code     0  libinit2.o(.ARM.Collect$$libinit$$0000000E)
    __rt_lib_init_user_alloc_1               0x0800016d   Thumb Code     0  libinit2.o(.ARM.Collect$$libinit$$0000000C)
    __rt_lib_init_lc_collate_1               0x08000173   Thumb Code     0  libinit2.o(.ARM.Collect$$libinit$$00000011)
    __rt_lib_init_lc_ctype_1                 0x08000173   Thumb Code     0  libinit2.o(.ARM.Collect$$libinit$$00000013)
    __rt_lib_init_lc_monetary_1              0x08000173   Thumb Code     0  libinit2.o(.ARM.Collect$$libinit$$00000015)
    __rt_lib_init_lc_numeric_2               0x08000173   Thumb Code     0  libinit2.o(.ARM.Collect$$libinit$$00000016)
    __rt_lib_init_alloca_1                   0x0800017d   Thumb Code     0  libinit2.o(.ARM.Collect$$libinit$$0000002E)
    __rt_lib_init_argv_1                     0x0800017d   Thumb Code     0  libinit2.o(.ARM.Collect$$libinit$$0000002C)
    __rt_lib_init_atexit_1                   0x0800017d   Thumb Code     0  libinit2.o(.ARM.Collect$$libinit$$0000001B)
    __rt_lib_init_clock_1                    0x0800017d   Thumb Code     0  libinit2.o(.ARM.Collect$$libinit$$00000021)
    __rt_lib_init_cpp_1                      0x0800017d   Thumb Code     0  libinit2.o(.ARM.Collect$$libinit$$00000032)
    __rt_lib_init_exceptions_1               0x0800017d   Thumb Code     0  libinit2.o(.ARM.Collect$$libinit$$00000030)
    __rt_lib_init_fp_trap_1                  0x0800017d   Thumb Code     0  libinit2.o(.ARM.Collect$$libinit$$0000001F)
    __rt_lib_init_getenv_1                   0x0800017d   Thumb Code     0  libinit2.o(.ARM.Collect$$libinit$$00000023)
    __rt_lib_init_lc_numeric_1               0x0800017d   Thumb Code     0  libinit2.o(.ARM.Collect$$libinit$$00000017)
    __rt_lib_init_lc_time_1                  0x0800017d   Thumb Code     0  libinit2.o(.ARM.Collect$$libinit$$00000019)
    __rt_lib_init_return                     0x0800017d   Thumb Code     0  libinit2.o(.ARM.Collect$$libinit$$00000033)
    __rt_lib_init_signal_1                   0x0800017d   Thumb Code     0  libinit2.o(.ARM.Collect$$libinit$$0000001D)
    __rt_lib_init_stdio_1                    0x0800017d   Thumb Code     0  libinit2.o(.ARM.Collect$$libinit$$00000025)
    __rt_lib_shutdown                        0x0800017f   Thumb Code     0  libshutdown.o(.ARM.Collect$$libshutdown$$00000000)
    __rt_lib_shutdown_cpp_1                  0x08000181   Thumb Code     0  libshutdown2.o(.ARM.Collect$$libshutdown$$00000004)
    __rt_lib_shutdown_fini_1                 0x08000181   Thumb Code     0  libshutdown2.o(.ARM.Collect$$libshutdown$$00000002)
    __rt_lib_shutdown_fp_trap_1              0x08000181   Thumb Code     0  libshutdown2.o(.ARM.Collect$$libshutdown$$00000009)
    __rt_lib_shutdown_heap_1                 0x08000181   Thumb Code     0  libshutdown2.o(.ARM.Collect$$libshutdown$$00000011)
    __rt_lib_shutdown_return                 0x08000181   Thumb Code     0  libshutdown2.o(.ARM.Collect$$libshutdown$$00000012)
    __rt_lib_shutdown_signal_1               0x08000181   Thumb Code     0  libshutdown2.o(.ARM.Collect$$libshutdown$$0000000C)
    __rt_lib_shutdown_stdio_1                0x08000181   Thumb Code     0  libshutdown2.o(.ARM.Collect$$libshutdown$$00000006)
    __rt_lib_shutdown_user_alloc_1           0x08000181   Thumb Code     0  libshutdown2.o(.ARM.Collect$$libshutdown$$0000000E)
    __rt_entry                               0x08000183   Thumb Code     0  __rtentry.o(.ARM.Collect$$rtentry$$00000000)
    __rt_entry_presh_1                       0x08000183   Thumb Code     0  __rtentry2.o(.ARM.Collect$$rtentry$$00000002)
    __rt_entry_sh                            0x08000183   Thumb Code     0  __rtentry4.o(.ARM.Collect$$rtentry$$00000004)
    __rt_entry_li                            0x08000189   Thumb Code     0  __rtentry2.o(.ARM.Collect$$rtentry$$0000000A)
    __rt_entry_postsh_1                      0x08000189   Thumb Code     0  __rtentry2.o(.ARM.Collect$$rtentry$$00000009)
    __rt_entry_main                          0x0800018d   Thumb Code     0  __rtentry2.o(.ARM.Collect$$rtentry$$0000000D)
    __rt_entry_postli_1                      0x0800018d   Thumb Code     0  __rtentry2.o(.ARM.Collect$$rtentry$$0000000C)
    __rt_exit                                0x08000195   Thumb Code     0  rtexit.o(.ARM.Collect$$rtexit$$00000000)
    __rt_exit_ls                             0x08000197   Thumb Code     0  rtexit2.o(.ARM.Collect$$rtexit$$00000003)
    __rt_exit_prels_1                        0x08000197   Thumb Code     0  rtexit2.o(.ARM.Collect$$rtexit$$00000002)
    __rt_exit_exit                           0x0800019b   Thumb Code     0  rtexit2.o(.ARM.Collect$$rtexit$$00000004)
    Reset_Handler                            0x080001a1   Thumb Code     8  startup_stm32f10x_md.o(.text)
    NMI_Handler                              0x080001a9   Thumb Code     2  startup_stm32f10x_md.o(.text)
    HardFault_Handler                        0x080001ab   Thumb Code     2  startup_stm32f10x_md.o(.text)
    MemManage_Handler                        0x080001ad   Thumb Code     2  startup_stm32f10x_md.o(.text)
    BusFault_Handler                         0x080001af   Thumb Code     2  startup_stm32f10x_md.o(.text)
    UsageFault_Handler                       0x080001b1   Thumb Code     2  startup_stm32f10x_md.o(.text)
    SVC_Handler                              0x080001b3   Thumb Code     2  startup_stm32f10x_md.o(.text)
    DebugMon_Handler                         0x080001b5   Thumb Code     2  startup_stm32f10x_md.o(.text)
    PendSV_Handler                           0x080001b7   Thumb Code     2  startup_stm32f10x_md.o(.text)
    SysTick_Handler                          0x080001b9   Thumb Code     2  startup_stm32f10x_md.o(.text)
    ADC1_2_IRQHandler                        0x080001bb   Thumb Code     0  startup_stm32f10x_md.o(.text)
    CAN1_RX1_IRQHandler                      0x080001bb   Thumb Code     0  startup_stm32f10x_md.o(.text)
    CAN1_SCE_IRQHandler                      0x080001bb   Thumb Code     0  startup_stm32f10x_md.o(.text)
    DMA1_Channel1_IRQHandler                 0x080001bb   Thumb Code     0  startup_stm32f10x_md.o(.text)
    DMA1_Channel2_IRQHandler                 0x080001bb   Thumb Code     0  startup_stm32f10x_md.o(.text)
    DMA1_Channel3_IRQHandler                 0x080001bb   Thumb Code     0  startup_stm32f10x_md.o(.text)
    DMA1_Channel4_IRQHandler                 0x080001bb   Thumb Code     0  startup_stm32f10x_md.o(.text)
    DMA1_Channel5_IRQHandler                 0x080001bb   Thumb Code     0  startup_stm32f10x_md.o(.text)
    DMA1_Channel6_IRQHandler                 0x080001bb   Thumb Code     0  startup_stm32f10x_md.o(.text)
    DMA1_Channel7_IRQHandler                 0x080001bb   Thumb Code     0  startup_stm32f10x_md.o(.text)
    EXTI15_10_IRQHandler                     0x080001bb   Thumb Code     0  startup_stm32f10x_md.o(.text)
    FLASH_IRQHandler                         0x080001bb   Thumb Code     0  startup_stm32f10x_md.o(.text)
    I2C1_ER_IRQHandler                       0x080001bb   Thumb Code     0  startup_stm32f10x_md.o(.text)
    I2C1_EV_IRQHandler                       0x080001bb   Thumb Code     0  startup_stm32f10x_md.o(.text)
    I2C2_ER_IRQHandler                       0x080001bb   Thumb Code     0  startup_stm32f10x_md.o(.text)
    I2C2_EV_IRQHandler                       0x080001bb   Thumb Code     0  startup_stm32f10x_md.o(.text)
    PVD_IRQHandler                           0x080001bb   Thumb Code     0  startup_stm32f10x_md.o(.text)
    RCC_IRQHandler                           0x080001bb   Thumb Code     0  startup_stm32f10x_md.o(.text)
    RTCAlarm_IRQHandler                      0x080001bb   Thumb Code     0  startup_stm32f10x_md.o(.text)
    RTC_IRQHandler                           0x080001bb   Thumb Code     0  startup_stm32f10x_md.o(.text)
    SPI1_IRQHandler                          0x080001bb   Thumb Code     0  startup_stm32f10x_md.o(.text)
    SPI2_IRQHandler                          0x080001bb   Thumb Code     0  startup_stm32f10x_md.o(.text)
    TAMPER_IRQHandler                        0x080001bb   Thumb Code     0  startup_stm32f10x_md.o(.text)
    TIM1_BRK_IRQHandler                      0x080001bb   Thumb Code     0  startup_stm32f10x_md.o(.text)
    TIM1_CC_IRQHandler                       0x080001bb   Thumb Code     0  startup_stm32f10x_md.o(.text)
    TIM1_TRG_COM_IRQHandler                  0x080001bb   Thumb Code     0  startup_stm32f10x_md.o(.text)
    TIM1_UP_IRQHandler                       0x080001bb   Thumb Code     0  startup_stm32f10x_md.o(.text)
    USBWakeUp_IRQHandler                     0x080001bb   Thumb Code     0  startup_stm32f10x_md.o(.text)
    USB_HP_CAN1_TX_IRQHandler                0x080001bb   Thumb Code     0  startup_stm32f10x_md.o(.text)
    USB_LP_CAN1_RX0_IRQHandler               0x080001bb   Thumb Code     0  startup_stm32f10x_md.o(.text)
    WWDG_IRQHandler                          0x080001bb   Thumb Code     0  startup_stm32f10x_md.o(.text)
    __user_initial_stackheap                 0x080001bd   Thumb Code     0  startup_stm32f10x_md.o(.text)
    __use_no_semihosting                     0x080001e1   Thumb Code     2  use_no_semi_2.o(.text)
    __2printf                                0x080001e5   Thumb Code    20  noretval__2printf.o(.text)
    __printf                                 0x080001fd   Thumb Code   270  __printf_wp.o(.text)
    __use_two_region_memory                  0x0800030b   Thumb Code     2  heapauxi.o(.text)
    __rt_heap_escrow$2region                 0x0800030d   Thumb Code     2  heapauxi.o(.text)
    __rt_heap_expand$2region                 0x0800030f   Thumb Code     2  heapauxi.o(.text)
    __I$use$semihosting                      0x08000311   Thumb Code     0  use_no_semi.o(.text)
    __use_no_semihosting_swi                 0x08000311   Thumb Code     2  use_no_semi.o(.text)
    __read_errno                             0x08000313   Thumb Code    10  _rserrno.o(.text)
    __set_errno                              0x0800031d   Thumb Code    12  _rserrno.o(.text)
    __lib_sel_fp_printf                      0x08000329   Thumb Code     2  _printf_fp_dec.o(.text)
    _printf_fp_dec_real                      0x080004db   Thumb Code   620  _printf_fp_dec.o(.text)
    _printf_char_file                        0x08000749   Thumb Code    32  _printf_char_file.o(.text)
    __rt_locale                              0x0800076d   Thumb Code     8  rt_locale_intlibspace.o(.text)
    __aeabi_errno_addr                       0x08000775   Thumb Code     8  rt_errno_addr_intlibspace.o(.text)
    __errno$intlibspace                      0x08000775   Thumb Code     0  rt_errno_addr_intlibspace.o(.text)
    __rt_errno_addr$intlibspace              0x08000775   Thumb Code     0  rt_errno_addr_intlibspace.o(.text)
    _ll_udiv10                               0x0800077d   Thumb Code   138  lludiv10.o(.text)
    _printf_char_common                      0x08000813   Thumb Code    32  _printf_char_common.o(.text)
    _printf_fp_infnan                        0x08000839   Thumb Code   112  _printf_fp_infnan.o(.text)
    _btod_etento                             0x080008b9   Thumb Code   224  bigflt0.o(.text)
    ferror                                   0x0800099d   Thumb Code     8  ferror.o(.text)
    __user_libspace                          0x080009a5   Thumb Code     8  libspace.o(.text)
    __user_perproc_libspace                  0x080009a5   Thumb Code     0  libspace.o(.text)
    __user_perthread_libspace                0x080009a5   Thumb Code     0  libspace.o(.text)
    __user_setup_stackheap                   0x080009ad   Thumb Code    74  sys_stackheap_outer.o(.text)
    exit                                     0x080009f7   Thumb Code    18  exit.o(.text)
    strcmp                                   0x08000a09   Thumb Code   128  strcmpv7m.o(.text)
    _btod_d2e                                0x08000a89   Thumb Code    62  btod.o(CL$$btod_d2e)
    _d2e_denorm_low                          0x08000ac7   Thumb Code    70  btod.o(CL$$btod_d2e_denorm_low)
    _d2e_norm_op1                            0x08000b0d   Thumb Code    96  btod.o(CL$$btod_d2e_norm_op1)
    __btod_div_common                        0x08000b6d   Thumb Code   696  btod.o(CL$$btod_div_common)
    _e2e                                     0x08000ea5   Thumb Code   220  btod.o(CL$$btod_e2e)
    _btod_ediv                               0x08000f81   Thumb Code    42  btod.o(CL$$btod_ediv)
    _btod_emul                               0x08000fab   Thumb Code    42  btod.o(CL$$btod_emul)
    __btod_mult_common                       0x08000fd5   Thumb Code   580  btod.o(CL$$btod_mult_common)
    EXTI0_IRQHandler                         0x08001219   Thumb Code    18  isr.o(i.EXTI0_IRQHandler)
    EXTI1_IRQHandler                         0x08001231   Thumb Code    18  isr.o(i.EXTI1_IRQHandler)
    EXTI2_IRQHandler                         0x08001249   Thumb Code    52  isr.o(i.EXTI2_IRQHandler)
    EXTI3_IRQHandler                         0x08001285   Thumb Code    18  isr.o(i.EXTI3_IRQHandler)
    EXTI4_IRQHandler                         0x0800129d   Thumb Code    52  isr.o(i.EXTI4_IRQHandler)
    EXTI9_5_IRQHandler                       0x080012d9   Thumb Code   276  isr.o(i.EXTI9_5_IRQHandler)
    I2C_Init                                 0x0800141d   Thumb Code    44  ml_i2c.o(i.I2C_Init)
    I2C_NotSendAck                           0x08001449   Thumb Code    34  ml_i2c.o(i.I2C_NotSendAck)
    I2C_ReceiveByte                          0x0800146b   Thumb Code    64  ml_i2c.o(i.I2C_ReceiveByte)
    I2C_SendByte                             0x080014ab   Thumb Code    66  ml_i2c.o(i.I2C_SendByte)
    I2C_Start                                0x080014ed   Thumb Code    44  ml_i2c.o(i.I2C_Start)
    I2C_Stop                                 0x08001519   Thumb Code    34  ml_i2c.o(i.I2C_Stop)
    I2C_WaitAck                              0x0800153b   Thumb Code    48  ml_i2c.o(i.I2C_WaitAck)
    MPU6050_GetData                          0x0800156d   Thumb Code   160  ml_mpu6050.o(i.MPU6050_GetData)
    MPU6050_Init                             0x08001625   Thumb Code    52  ml_mpu6050.o(i.MPU6050_Init)
    MPU6050_Read                             0x08001659   Thumb Code    64  ml_mpu6050.o(i.MPU6050_Read)
    MPU6050_Write                            0x08001699   Thumb Code    46  ml_mpu6050.o(i.MPU6050_Write)
    NVIC_Group_Config                        0x080016c9   Thumb Code    30  ml_nvic.o(i.NVIC_Group_Config)
    NVIC_init                                0x080016f1   Thumb Code    70  ml_nvic.o(i.NVIC_init)
    OLED_Clear                               0x0800173d   Thumb Code    42  ml_oled.o(i.OLED_Clear)
    OLED_I2C_Init                            0x08001767   Thumb Code    44  ml_oled.o(i.OLED_I2C_Init)
    OLED_I2C_SendByte                        0x08001793   Thumb Code    74  ml_oled.o(i.OLED_I2C_SendByte)
    OLED_I2C_Start                           0x080017dd   Thumb Code    44  ml_oled.o(i.OLED_I2C_Start)
    OLED_I2C_Stop                            0x08001809   Thumb Code    34  ml_oled.o(i.OLED_I2C_Stop)
    OLED_Init                                0x0800182b   Thumb Code   174  ml_oled.o(i.OLED_Init)
    OLED_SetCursor                           0x080018d9   Thumb Code    34  ml_oled.o(i.OLED_SetCursor)
    OLED_WriteCommand                        0x080018fb   Thumb Code    32  ml_oled.o(i.OLED_WriteCommand)
    OLED_WriteData                           0x0800191b   Thumb Code    32  ml_oled.o(i.OLED_WriteData)
    SystemInit                               0x08001a25   Thumb Code    78  system_stm32f10x.o(i.SystemInit)
    TIM2_IRQHandler                          0x08001a85   Thumb Code    30  isr.o(i.TIM2_IRQHandler)
    TIM3_IRQHandler                          0x08001aa5   Thumb Code    30  isr.o(i.TIM3_IRQHandler)
    TIM4_IRQHandler                          0x08001ac9   Thumb Code    24  isr.o(i.TIM4_IRQHandler)
    USART1_IRQHandler                        0x08001ae5   Thumb Code    24  isr.o(i.USART1_IRQHandler)
    USART2_IRQHandler                        0x08001b01   Thumb Code    24  isr.o(i.USART2_IRQHandler)
    USART3_IRQHandler                        0x08001b1d   Thumb Code    24  isr.o(i.USART3_IRQHandler)
    __ARM_fpclassify                         0x08001b39   Thumb Code    40  fpclassify.o(i.__ARM_fpclassify)
    __ARM_fpclassifyf                        0x08001b61   Thumb Code    38  fpclassifyf.o(i.__ARM_fpclassifyf)
    __mathlib_flt_infnan                     0x08001b87   Thumb Code     6  funder.o(i.__mathlib_flt_infnan)
    __mathlib_flt_infnan2                    0x08001b8d   Thumb Code     4  funder.o(i.__mathlib_flt_infnan2)
    __mathlib_flt_invalid                    0x08001b91   Thumb Code     8  funder.o(i.__mathlib_flt_invalid)
    __mathlib_flt_underflow                  0x08001b99   Thumb Code    10  funder.o(i.__mathlib_flt_underflow)
    __mathlib_rredf2                         0x08001ba5   Thumb Code   344  rredf.o(i.__mathlib_rredf2)
    _is_digit                                0x08001d0d   Thumb Code    14  __printf_wp.o(i._is_digit)
    _sys_exit                                0x08001d1b   Thumb Code     4  ml_uart.o(i._sys_exit)
    asinf                                    0x08001d21   Thumb Code   254  asinf.o(i.asinf)
    atan2f                                   0x08001e45   Thumb Code   598  atan2f.o(i.atan2f)
    calculate_adaptive_alpha                 0x080020e9   Thumb Code    78  mcu_dmp.o(i.calculate_adaptive_alpha)
    cosf                                     0x080022f1   Thumb Code   328  cosf.o(i.cosf)
    delay_ms                                 0x0800246d   Thumb Code    24  ml_delay.o(i.delay_ms)
    delay_us                                 0x08002485   Thumb Code    46  ml_delay.o(i.delay_us)
    ekf_update                               0x080024b5   Thumb Code   338  mcu_dmp.o(i.ekf_update)
    encoder_init                             0x0800260d   Thumb Code    44  motor.o(i.encoder_init)
    exti_init                                0x08002639   Thumb Code   254  ml_exti.o(i.exti_init)
    exti_pin_init                            0x08002745   Thumb Code   328  ml_exti.o(i.exti_pin_init)
    fputc                                    0x0800288d   Thumb Code    24  ml_uart.o(i.fputc)
    gpio_get                                 0x080028a9   Thumb Code    30  ml_gpio.o(i.gpio_get)
    gpio_init                                0x080028cd   Thumb Code   408  ml_gpio.o(i.gpio_init)
    gpio_set                                 0x08002a71   Thumb Code    60  ml_gpio.o(i.gpio_set)
    gray_init                                0x08002ab1   Thumb Code    84  gray_track.o(i.gray_init)
    imu_get_euler_angles                     0x08002b05   Thumb Code   416  mcu_dmp.o(i.imu_get_euler_angles)
    imu_init                                 0x08002cd5   Thumb Code    36  mcu_dmp.o(i.imu_init)
    imu_update                               0x08002d11   Thumb Code  1974  mcu_dmp.o(i.imu_update)
    invSqrt                                  0x080034dd   Thumb Code    72  mcu_dmp.o(i.invSqrt)
    main                                     0x08003529   Thumb Code   176  main.o(i.main)
    motorA_duty                              0x0800361d   Thumb Code    50  motor.o(i.motorA_duty)
    motorB_duty                              0x08003655   Thumb Code    50  motor.o(i.motorB_duty)
    motor_init                               0x0800368d   Thumb Code    68  motor.o(i.motor_init)
    motor_target_set                         0x080036d1   Thumb Code    84  pid.o(i.motor_target_set)
    pid_cal                                  0x08003735   Thumb Code   194  pid.o(i.pid_cal)
    pid_control                              0x080037f9   Thumb Code   184  pid.o(i.pid_control)
    pid_init                                 0x080038d5   Thumb Code    14  pid.o(i.pid_init)
    pidout_limit                             0x080038e5   Thumb Code    34  pid.o(i.pidout_limit)
    pwm_init                                 0x0800390d   Thumb Code   354  ml_pwm.o(i.pwm_init)
    pwm_pin_init                             0x08003a7d   Thumb Code   172  ml_pwm.o(i.pwm_pin_init)
    pwm_update                               0x08003b29   Thumb Code   266  ml_pwm.o(i.pwm_update)
    sinf                                     0x08003c3d   Thumb Code   338  sinf.o(i.sinf)
    sqrtf                                    0x08003dc5   Thumb Code    44  sqrtf.o(i.sqrtf)
    tim_interrupt_ms_init                    0x08003df1   Thumb Code   104  ml_tim.o(i.tim_interrupt_ms_init)
    uart_baud_config                         0x08003e61   Thumb Code   142  ml_uart.o(i.uart_baud_config)
    uart_init                                0x08003f01   Thumb Code    92  ml_uart.o(i.uart_init)
    uart_pin_init                            0x08003f65   Thumb Code    86  ml_uart.o(i.uart_pin_init)
    _get_lc_numeric                          0x08003fbd   Thumb Code    44  lc_numeric_c.o(locale$$code)
    __aeabi_d2f                              0x08003fe9   Thumb Code     0  d2f.o(x$fpl$d2f)
    _d2f                                     0x08003fe9   Thumb Code    98  d2f.o(x$fpl$d2f)
    __aeabi_dadd                             0x0800404d   Thumb Code     0  daddsub_clz.o(x$fpl$dadd)
    _dadd                                    0x0800404d   Thumb Code   332  daddsub_clz.o(x$fpl$dadd)
    __aeabi_ddiv                             0x0800419d   Thumb Code     0  ddiv.o(x$fpl$ddiv)
    _ddiv                                    0x0800419d   Thumb Code   552  ddiv.o(x$fpl$ddiv)
    __aeabi_i2d                              0x0800444d   Thumb Code     0  dflt_clz.o(x$fpl$dflt)
    _dflt                                    0x0800444d   Thumb Code    46  dflt_clz.o(x$fpl$dflt)
    __aeabi_ui2d                             0x0800447b   Thumb Code     0  dflt_clz.o(x$fpl$dfltu)
    _dfltu                                   0x0800447b   Thumb Code    38  dflt_clz.o(x$fpl$dfltu)
    __aeabi_dmul                             0x080044a1   Thumb Code     0  dmul.o(x$fpl$dmul)
    _dmul                                    0x080044a1   Thumb Code   332  dmul.o(x$fpl$dmul)
    __fpl_dnaninf                            0x080045f5   Thumb Code   156  dnaninf.o(x$fpl$dnaninf)
    __fpl_dretinf                            0x08004691   Thumb Code    12  dretinf.o(x$fpl$dretinf)
    __aeabi_dsub                             0x0800469d   Thumb Code     0  daddsub_clz.o(x$fpl$dsub)
    _dsub                                    0x0800469d   Thumb Code   464  daddsub_clz.o(x$fpl$dsub)
    __aeabi_f2d                              0x08004871   Thumb Code     0  f2d.o(x$fpl$f2d)
    _f2d                                     0x08004871   Thumb Code    86  f2d.o(x$fpl$f2d)
    __aeabi_fadd                             0x080048c9   Thumb Code     0  faddsub_clz.o(x$fpl$fadd)
    _fadd                                    0x080048c9   Thumb Code   196  faddsub_clz.o(x$fpl$fadd)
    __fpl_fcheck_NaN1                        0x0800498d   Thumb Code     6  fcheck1.o(x$fpl$fcheck1)
    __fpl_fcmp_Inf                           0x08004999   Thumb Code    24  fcmpi.o(x$fpl$fcmpinf)
    __aeabi_fdiv                             0x080049b1   Thumb Code     0  fdiv.o(x$fpl$fdiv)
    _fdiv                                    0x080049b1   Thumb Code   384  fdiv.o(x$fpl$fdiv)
    __aeabi_cfcmpeq                          0x08004b35   Thumb Code     0  feqf.o(x$fpl$feqf)
    _fcmpeq                                  0x08004b35   Thumb Code   104  feqf.o(x$fpl$feqf)
    __aeabi_f2iz                             0x08004b9d   Thumb Code     0  ffix.o(x$fpl$ffix)
    _ffix                                    0x08004b9d   Thumb Code    54  ffix.o(x$fpl$ffix)
    __aeabi_f2uiz                            0x08004bd5   Thumb Code     0  ffixu.o(x$fpl$ffixu)
    _ffixu                                   0x08004bd5   Thumb Code    62  ffixu.o(x$fpl$ffixu)
    __aeabi_i2f                              0x08004c15   Thumb Code     0  fflt_clz.o(x$fpl$fflt)
    _fflt                                    0x08004c15   Thumb Code    48  fflt_clz.o(x$fpl$fflt)
    __aeabi_ui2f                             0x08004c45   Thumb Code     0  fflt_clz.o(x$fpl$ffltu)
    _ffltu                                   0x08004c45   Thumb Code    38  fflt_clz.o(x$fpl$ffltu)
    __aeabi_cfcmple                          0x08004c6d   Thumb Code     0  fleqf.o(x$fpl$fleqf)
    _fcmple                                  0x08004c6d   Thumb Code   104  fleqf.o(x$fpl$fleqf)
    __fpl_fcmple_InfNaN                      0x08004cbf   Thumb Code     0  fleqf.o(x$fpl$fleqf)
    __aeabi_fmul                             0x08004cd5   Thumb Code     0  fmul.o(x$fpl$fmul)
    _fmul                                    0x08004cd5   Thumb Code   258  fmul.o(x$fpl$fmul)
    __fpl_fnaninf                            0x08004dd7   Thumb Code   140  fnaninf.o(x$fpl$fnaninf)
    __fpl_fretinf                            0x08004e63   Thumb Code    10  fretinf.o(x$fpl$fretinf)
    __aeabi_cfrcmple                         0x08004e6d   Thumb Code     0  frleqf.o(x$fpl$frleqf)
    _frcmple                                 0x08004e6d   Thumb Code    98  frleqf.o(x$fpl$frleqf)
    _frnd                                    0x08004ed1   Thumb Code    96  frnd.o(x$fpl$frnd)
    __aeabi_frsub                            0x08004f31   Thumb Code     0  faddsub_clz.o(x$fpl$frsb)
    _frsb                                    0x08004f31   Thumb Code    20  faddsub_clz.o(x$fpl$frsb)
    _fsqrt                                   0x08004f45   Thumb Code   272  fsqrt.o(x$fpl$fsqrt)
    __aeabi_fsub                             0x08005055   Thumb Code     0  faddsub_clz.o(x$fpl$fsub)
    _fsub                                    0x08005055   Thumb Code   234  faddsub_clz.o(x$fpl$fsub)
    _printf_fp_dec                           0x0800513f   Thumb Code     4  printf1.o(x$fpl$printf1)
    __fpl_return_NaN                         0x08005143   Thumb Code   100  retnan.o(x$fpl$retnan)
    __ARM_scalbnf                            0x080051a7   Thumb Code    76  scalbnf.o(x$fpl$scalbnf)
    __fpl_cmpreturn                          0x080051f3   Thumb Code    48  trapv.o(x$fpl$trapveneer)
    __I$use$fp                               0x08005222   Number         0  usenofp.o(x$fpl$usenofp)
    Region$$Table$$Base                      0x080052e8   Number         0  anon$$obj.o(Region$$Table)
    Region$$Table$$Limit                     0x08005308   Number         0  anon$$obj.o(Region$$Table)
    motorA_dir                               0x20000000   Data           1  motor.o(.data)
    motorB_dir                               0x20000001   Data           1  motor.o(.data)
    Encoder_count1                           0x20000004   Data           4  motor.o(.data)
    Encoder_count2                           0x20000008   Data           4  motor.o(.data)
    speed_now                                0x2000000c   Data           4  motor.o(.data)
    gpio_index                               0x2000009c   Data          12  ml_gpio.o(.data)
    tim_index                                0x200000a8   Data          12  ml_tim.o(.data)
    uart_index                               0x200000b4   Data          12  ml_uart.o(.data)
    __stdout                                 0x200000c0   Data           4  ml_uart.o(.data)
    ax                                       0x200000c4   Data           2  ml_mpu6050.o(.data)
    ay                                       0x200000c6   Data           2  ml_mpu6050.o(.data)
    az                                       0x200000c8   Data           2  ml_mpu6050.o(.data)
    gx                                       0x200000ca   Data           2  ml_mpu6050.o(.data)
    gy                                       0x200000cc   Data           2  ml_mpu6050.o(.data)
    gz                                       0x200000ce   Data           2  ml_mpu6050.o(.data)
    roll_gyro                                0x200000d0   Data           4  ml_mpu6050.o(.data)
    pitch_gyro                               0x200000d4   Data           4  ml_mpu6050.o(.data)
    yaw_gyro                                 0x200000d8   Data           4  ml_mpu6050.o(.data)
    roll_acc                                 0x200000dc   Data           4  ml_mpu6050.o(.data)
    pitch_acc                                0x200000e0   Data           4  ml_mpu6050.o(.data)
    yaw_acc                                  0x200000e4   Data           4  ml_mpu6050.o(.data)
    roll_Kalman                              0x200000e8   Data           4  ml_mpu6050.o(.data)
    pitch_Kalman                             0x200000ec   Data           4  ml_mpu6050.o(.data)
    yaw_Kalman                               0x200000f0   Data           4  ml_mpu6050.o(.data)
    motorA                                   0x200000f4   Data          52  pid.o(.bss)
    motorB                                   0x20000128   Data          52  pid.o(.bss)
    angle                                    0x2000015c   Data          52  pid.o(.bss)
    __libspace_start                         0x200001b4   Data          96  libspace.o(.bss)
    __temporary_stack_top$libspace           0x20000214   Data           0  libspace.o(.bss)



==============================================================================

Memory Map of the image

  Image Entry point : 0x080000ed

  Load Region LR_IROM1 (Base: 0x08000000, Size: 0x00005418, Max: 0x00010000, ABSOLUTE)

    Execution Region ER_IROM1 (Exec base: 0x08000000, Load base: 0x08000000, Size: 0x00005324, Max: 0x00010000, ABSOLUTE)

    Exec Addr    Load Addr    Size         Type   Attr      Idx    E Section Name        Object

    0x08000000   0x08000000   0x000000ec   Data   RO          561    RESET               startup_stm32f10x_md.o
    0x080000ec   0x080000ec   0x00000008   Code   RO         1146  * !!!main             c_w.l(__main.o)
    0x080000f4   0x080000f4   0x00000034   Code   RO         1555    !!!scatter          c_w.l(__scatter.o)
    0x08000128   0x08000128   0x0000001a   Code   RO         1557    !!handler_copy      c_w.l(__scatter_copy.o)
    0x08000142   0x08000142   0x00000002   PAD
    0x08000144   0x08000144   0x0000001c   Code   RO         1559    !!handler_zi        c_w.l(__scatter_zi.o)
    0x08000160   0x08000160   0x00000000   Code   RO         1143    .ARM.Collect$$_printf_percent$$00000000  c_w.l(_printf_percent.o)
    0x08000160   0x08000160   0x00000006   Code   RO         1142    .ARM.Collect$$_printf_percent$$00000003  c_w.l(_printf_f.o)
    0x08000166   0x08000166   0x00000004   Code   RO         1269    .ARM.Collect$$_printf_percent$$00000017  c_w.l(_printf_percent_end.o)
    0x0800016a   0x0800016a   0x00000002   Code   RO         1426    .ARM.Collect$$libinit$$00000000  c_w.l(libinit.o)
    0x0800016c   0x0800016c   0x00000000   Code   RO         1428    .ARM.Collect$$libinit$$00000002  c_w.l(libinit2.o)
    0x0800016c   0x0800016c   0x00000000   Code   RO         1430    .ARM.Collect$$libinit$$00000004  c_w.l(libinit2.o)
    0x0800016c   0x0800016c   0x00000000   Code   RO         1433    .ARM.Collect$$libinit$$0000000A  c_w.l(libinit2.o)
    0x0800016c   0x0800016c   0x00000000   Code   RO         1435    .ARM.Collect$$libinit$$0000000C  c_w.l(libinit2.o)
    0x0800016c   0x0800016c   0x00000000   Code   RO         1437    .ARM.Collect$$libinit$$0000000E  c_w.l(libinit2.o)
    0x0800016c   0x0800016c   0x00000006   Code   RO         1438    .ARM.Collect$$libinit$$0000000F  c_w.l(libinit2.o)
    0x08000172   0x08000172   0x00000000   Code   RO         1440    .ARM.Collect$$libinit$$00000011  c_w.l(libinit2.o)
    0x08000172   0x08000172   0x00000000   Code   RO         1442    .ARM.Collect$$libinit$$00000013  c_w.l(libinit2.o)
    0x08000172   0x08000172   0x00000000   Code   RO         1444    .ARM.Collect$$libinit$$00000015  c_w.l(libinit2.o)
    0x08000172   0x08000172   0x0000000a   Code   RO         1445    .ARM.Collect$$libinit$$00000016  c_w.l(libinit2.o)
    0x0800017c   0x0800017c   0x00000000   Code   RO         1446    .ARM.Collect$$libinit$$00000017  c_w.l(libinit2.o)
    0x0800017c   0x0800017c   0x00000000   Code   RO         1448    .ARM.Collect$$libinit$$00000019  c_w.l(libinit2.o)
    0x0800017c   0x0800017c   0x00000000   Code   RO         1450    .ARM.Collect$$libinit$$0000001B  c_w.l(libinit2.o)
    0x0800017c   0x0800017c   0x00000000   Code   RO         1452    .ARM.Collect$$libinit$$0000001D  c_w.l(libinit2.o)
    0x0800017c   0x0800017c   0x00000000   Code   RO         1454    .ARM.Collect$$libinit$$0000001F  c_w.l(libinit2.o)
    0x0800017c   0x0800017c   0x00000000   Code   RO         1456    .ARM.Collect$$libinit$$00000021  c_w.l(libinit2.o)
    0x0800017c   0x0800017c   0x00000000   Code   RO         1458    .ARM.Collect$$libinit$$00000023  c_w.l(libinit2.o)
    0x0800017c   0x0800017c   0x00000000   Code   RO         1460    .ARM.Collect$$libinit$$00000025  c_w.l(libinit2.o)
    0x0800017c   0x0800017c   0x00000000   Code   RO         1464    .ARM.Collect$$libinit$$0000002C  c_w.l(libinit2.o)
    0x0800017c   0x0800017c   0x00000000   Code   RO         1466    .ARM.Collect$$libinit$$0000002E  c_w.l(libinit2.o)
    0x0800017c   0x0800017c   0x00000000   Code   RO         1468    .ARM.Collect$$libinit$$00000030  c_w.l(libinit2.o)
    0x0800017c   0x0800017c   0x00000000   Code   RO         1470    .ARM.Collect$$libinit$$00000032  c_w.l(libinit2.o)
    0x0800017c   0x0800017c   0x00000002   Code   RO         1471    .ARM.Collect$$libinit$$00000033  c_w.l(libinit2.o)
    0x0800017e   0x0800017e   0x00000002   Code   RO         1503    .ARM.Collect$$libshutdown$$00000000  c_w.l(libshutdown.o)
    0x08000180   0x08000180   0x00000000   Code   RO         1512    .ARM.Collect$$libshutdown$$00000002  c_w.l(libshutdown2.o)
    0x08000180   0x08000180   0x00000000   Code   RO         1514    .ARM.Collect$$libshutdown$$00000004  c_w.l(libshutdown2.o)
    0x08000180   0x08000180   0x00000000   Code   RO         1516    .ARM.Collect$$libshutdown$$00000006  c_w.l(libshutdown2.o)
    0x08000180   0x08000180   0x00000000   Code   RO         1519    .ARM.Collect$$libshutdown$$00000009  c_w.l(libshutdown2.o)
    0x08000180   0x08000180   0x00000000   Code   RO         1522    .ARM.Collect$$libshutdown$$0000000C  c_w.l(libshutdown2.o)
    0x08000180   0x08000180   0x00000000   Code   RO         1524    .ARM.Collect$$libshutdown$$0000000E  c_w.l(libshutdown2.o)
    0x08000180   0x08000180   0x00000000   Code   RO         1527    .ARM.Collect$$libshutdown$$00000011  c_w.l(libshutdown2.o)
    0x08000180   0x08000180   0x00000002   Code   RO         1528    .ARM.Collect$$libshutdown$$00000012  c_w.l(libshutdown2.o)
    0x08000182   0x08000182   0x00000000   Code   RO         1262    .ARM.Collect$$rtentry$$00000000  c_w.l(__rtentry.o)
    0x08000182   0x08000182   0x00000000   Code   RO         1340    .ARM.Collect$$rtentry$$00000002  c_w.l(__rtentry2.o)
    0x08000182   0x08000182   0x00000006   Code   RO         1352    .ARM.Collect$$rtentry$$00000004  c_w.l(__rtentry4.o)
    0x08000188   0x08000188   0x00000000   Code   RO         1342    .ARM.Collect$$rtentry$$00000009  c_w.l(__rtentry2.o)
    0x08000188   0x08000188   0x00000004   Code   RO         1343    .ARM.Collect$$rtentry$$0000000A  c_w.l(__rtentry2.o)
    0x0800018c   0x0800018c   0x00000000   Code   RO         1345    .ARM.Collect$$rtentry$$0000000C  c_w.l(__rtentry2.o)
    0x0800018c   0x0800018c   0x00000008   Code   RO         1346    .ARM.Collect$$rtentry$$0000000D  c_w.l(__rtentry2.o)
    0x08000194   0x08000194   0x00000002   Code   RO         1474    .ARM.Collect$$rtexit$$00000000  c_w.l(rtexit.o)
    0x08000196   0x08000196   0x00000000   Code   RO         1483    .ARM.Collect$$rtexit$$00000002  c_w.l(rtexit2.o)
    0x08000196   0x08000196   0x00000004   Code   RO         1484    .ARM.Collect$$rtexit$$00000003  c_w.l(rtexit2.o)
    0x0800019a   0x0800019a   0x00000006   Code   RO         1485    .ARM.Collect$$rtexit$$00000004  c_w.l(rtexit2.o)
    0x080001a0   0x080001a0   0x00000040   Code   RO          562    .text               startup_stm32f10x_md.o
    0x080001e0   0x080001e0   0x00000002   Code   RO         1114    .text               c_w.l(use_no_semi_2.o)
    0x080001e2   0x080001e2   0x00000002   PAD
    0x080001e4   0x080001e4   0x00000018   Code   RO         1118    .text               c_w.l(noretval__2printf.o)
    0x080001fc   0x080001fc   0x0000010e   Code   RO         1130    .text               c_w.l(__printf_wp.o)
    0x0800030a   0x0800030a   0x00000006   Code   RO         1144    .text               c_w.l(heapauxi.o)
    0x08000310   0x08000310   0x00000002   Code   RO         1260    .text               c_w.l(use_no_semi.o)
    0x08000312   0x08000312   0x00000016   Code   RO         1263    .text               c_w.l(_rserrno.o)
    0x08000328   0x08000328   0x0000041e   Code   RO         1265    .text               c_w.l(_printf_fp_dec.o)
    0x08000746   0x08000746   0x00000002   PAD
    0x08000748   0x08000748   0x00000024   Code   RO         1267    .text               c_w.l(_printf_char_file.o)
    0x0800076c   0x0800076c   0x00000008   Code   RO         1357    .text               c_w.l(rt_locale_intlibspace.o)
    0x08000774   0x08000774   0x00000008   Code   RO         1362    .text               c_w.l(rt_errno_addr_intlibspace.o)
    0x0800077c   0x0800077c   0x0000008a   Code   RO         1364    .text               c_w.l(lludiv10.o)
    0x08000806   0x08000806   0x00000002   PAD
    0x08000808   0x08000808   0x00000030   Code   RO         1366    .text               c_w.l(_printf_char_common.o)
    0x08000838   0x08000838   0x00000080   Code   RO         1368    .text               c_w.l(_printf_fp_infnan.o)
    0x080008b8   0x080008b8   0x000000e4   Code   RO         1370    .text               c_w.l(bigflt0.o)
    0x0800099c   0x0800099c   0x00000008   Code   RO         1395    .text               c_w.l(ferror.o)
    0x080009a4   0x080009a4   0x00000008   Code   RO         1410    .text               c_w.l(libspace.o)
    0x080009ac   0x080009ac   0x0000004a   Code   RO         1413    .text               c_w.l(sys_stackheap_outer.o)
    0x080009f6   0x080009f6   0x00000012   Code   RO         1417    .text               c_w.l(exit.o)
    0x08000a08   0x08000a08   0x00000080   Code   RO         1419    .text               c_w.l(strcmpv7m.o)
    0x08000a88   0x08000a88   0x0000003e   Code   RO         1373    CL$$btod_d2e        c_w.l(btod.o)
    0x08000ac6   0x08000ac6   0x00000046   Code   RO         1375    CL$$btod_d2e_denorm_low  c_w.l(btod.o)
    0x08000b0c   0x08000b0c   0x00000060   Code   RO         1374    CL$$btod_d2e_norm_op1  c_w.l(btod.o)
    0x08000b6c   0x08000b6c   0x00000338   Code   RO         1383    CL$$btod_div_common  c_w.l(btod.o)
    0x08000ea4   0x08000ea4   0x000000dc   Code   RO         1380    CL$$btod_e2e        c_w.l(btod.o)
    0x08000f80   0x08000f80   0x0000002a   Code   RO         1377    CL$$btod_ediv       c_w.l(btod.o)
    0x08000faa   0x08000faa   0x0000002a   Code   RO         1376    CL$$btod_emul       c_w.l(btod.o)
    0x08000fd4   0x08000fd4   0x00000244   Code   RO         1382    CL$$btod_mult_common  c_w.l(btod.o)
    0x08001218   0x08001218   0x00000018   Code   RO           96    i.EXTI0_IRQHandler  isr.o
    0x08001230   0x08001230   0x00000018   Code   RO           97    i.EXTI1_IRQHandler  isr.o
    0x08001248   0x08001248   0x0000003c   Code   RO           98    i.EXTI2_IRQHandler  isr.o
    0x08001284   0x08001284   0x00000018   Code   RO           99    i.EXTI3_IRQHandler  isr.o
    0x0800129c   0x0800129c   0x0000003c   Code   RO          100    i.EXTI4_IRQHandler  isr.o
    0x080012d8   0x080012d8   0x00000144   Code   RO          101    i.EXTI9_5_IRQHandler  isr.o
    0x0800141c   0x0800141c   0x0000002c   Code   RO          890    i.I2C_Init          ml_i2c.o
    0x08001448   0x08001448   0x00000022   Code   RO          891    i.I2C_NotSendAck    ml_i2c.o
    0x0800146a   0x0800146a   0x00000040   Code   RO          892    i.I2C_ReceiveByte   ml_i2c.o
    0x080014aa   0x080014aa   0x00000042   Code   RO          894    i.I2C_SendByte      ml_i2c.o
    0x080014ec   0x080014ec   0x0000002c   Code   RO          895    i.I2C_Start         ml_i2c.o
    0x08001518   0x08001518   0x00000022   Code   RO          896    i.I2C_Stop          ml_i2c.o
    0x0800153a   0x0800153a   0x00000030   Code   RO          897    i.I2C_WaitAck       ml_i2c.o
    0x0800156a   0x0800156a   0x00000002   PAD
    0x0800156c   0x0800156c   0x000000b8   Code   RO          850    i.MPU6050_GetData   ml_mpu6050.o
    0x08001624   0x08001624   0x00000034   Code   RO          851    i.MPU6050_Init      ml_mpu6050.o
    0x08001658   0x08001658   0x00000040   Code   RO          852    i.MPU6050_Read      ml_mpu6050.o
    0x08001698   0x08001698   0x0000002e   Code   RO          853    i.MPU6050_Write     ml_mpu6050.o
    0x080016c6   0x080016c6   0x00000002   PAD
    0x080016c8   0x080016c8   0x00000028   Code   RO          664    i.NVIC_Group_Config  ml_nvic.o
    0x080016f0   0x080016f0   0x0000004c   Code   RO          665    i.NVIC_init         ml_nvic.o
    0x0800173c   0x0800173c   0x0000002a   Code   RO          948    i.OLED_Clear        ml_oled.o
    0x08001766   0x08001766   0x0000002c   Code   RO          950    i.OLED_I2C_Init     ml_oled.o
    0x08001792   0x08001792   0x0000004a   Code   RO          951    i.OLED_I2C_SendByte  ml_oled.o
    0x080017dc   0x080017dc   0x0000002c   Code   RO          952    i.OLED_I2C_Start    ml_oled.o
    0x08001808   0x08001808   0x00000022   Code   RO          953    i.OLED_I2C_Stop     ml_oled.o
    0x0800182a   0x0800182a   0x000000ae   Code   RO          954    i.OLED_Init         ml_oled.o
    0x080018d8   0x080018d8   0x00000022   Code   RO          956    i.OLED_SetCursor    ml_oled.o
    0x080018fa   0x080018fa   0x00000020   Code   RO          964    i.OLED_WriteCommand  ml_oled.o
    0x0800191a   0x0800191a   0x00000020   Code   RO          965    i.OLED_WriteData    ml_oled.o
    0x0800193a   0x0800193a   0x00000008   Code   RO          525    i.SetSysClock       system_stm32f10x.o
    0x08001942   0x08001942   0x00000002   PAD
    0x08001944   0x08001944   0x000000e0   Code   RO          526    i.SetSysClockTo72   system_stm32f10x.o
    0x08001a24   0x08001a24   0x00000060   Code   RO          528    i.SystemInit        system_stm32f10x.o
    0x08001a84   0x08001a84   0x0000001e   Code   RO          102    i.TIM2_IRQHandler   isr.o
    0x08001aa2   0x08001aa2   0x00000002   PAD
    0x08001aa4   0x08001aa4   0x00000024   Code   RO          103    i.TIM3_IRQHandler   isr.o
    0x08001ac8   0x08001ac8   0x0000001c   Code   RO          104    i.TIM4_IRQHandler   isr.o
    0x08001ae4   0x08001ae4   0x0000001c   Code   RO          105    i.USART1_IRQHandler  isr.o
    0x08001b00   0x08001b00   0x0000001c   Code   RO          106    i.USART2_IRQHandler  isr.o
    0x08001b1c   0x08001b1c   0x0000001c   Code   RO          107    i.USART3_IRQHandler  isr.o
    0x08001b38   0x08001b38   0x00000028   Code   RO         1307    i.__ARM_fpclassify  m_ws.l(fpclassify.o)
    0x08001b60   0x08001b60   0x00000026   Code   RO         1309    i.__ARM_fpclassifyf  m_ws.l(fpclassifyf.o)
    0x08001b86   0x08001b86   0x00000006   Code   RO         1312    i.__mathlib_flt_infnan  m_ws.l(funder.o)
    0x08001b8c   0x08001b8c   0x00000004   Code   RO         1313    i.__mathlib_flt_infnan2  m_ws.l(funder.o)
    0x08001b90   0x08001b90   0x00000008   Code   RO         1314    i.__mathlib_flt_invalid  m_ws.l(funder.o)
    0x08001b98   0x08001b98   0x0000000a   Code   RO         1317    i.__mathlib_flt_underflow  m_ws.l(funder.o)
    0x08001ba2   0x08001ba2   0x00000002   PAD
    0x08001ba4   0x08001ba4   0x00000168   Code   RO         1328    i.__mathlib_rredf2  m_ws.l(rredf.o)
    0x08001d0c   0x08001d0c   0x0000000e   Code   RO         1132    i._is_digit         c_w.l(__printf_wp.o)
    0x08001d1a   0x08001d1a   0x00000004   Code   RO          736    i._sys_exit         ml_uart.o
    0x08001d1e   0x08001d1e   0x00000002   PAD
    0x08001d20   0x08001d20   0x00000124   Code   RO         1211    i.asinf             m_ws.l(asinf.o)
    0x08001e44   0x08001e44   0x000002a4   Code   RO         1219    i.atan2f            m_ws.l(atan2f.o)
    0x080020e8   0x080020e8   0x00000054   Code   RO          298    i.calculate_adaptive_alpha  mcu_dmp.o
    0x0800213c   0x0800213c   0x000001b4   Code   RO          299    i.compute_rotation_matrix  mcu_dmp.o
    0x080022f0   0x080022f0   0x0000017c   Code   RO         1227    i.cosf              m_ws.l(cosf.o)
    0x0800246c   0x0800246c   0x00000018   Code   RO          640    i.delay_ms          ml_delay.o
    0x08002484   0x08002484   0x0000002e   Code   RO          642    i.delay_us          ml_delay.o
    0x080024b2   0x080024b2   0x00000002   PAD
    0x080024b4   0x080024b4   0x00000158   Code   RO          300    i.ekf_update        mcu_dmp.o
    0x0800260c   0x0800260c   0x0000002c   Code   RO          178    i.encoder_init      motor.o
    0x08002638   0x08002638   0x0000010c   Code   RO          828    i.exti_init         ml_exti.o
    0x08002744   0x08002744   0x00000148   Code   RO          829    i.exti_pin_init     ml_exti.o
    0x0800288c   0x0800288c   0x0000001c   Code   RO          737    i.fputc             ml_uart.o
    0x080028a8   0x080028a8   0x00000024   Code   RO          567    i.gpio_get          ml_gpio.o
    0x080028cc   0x080028cc   0x000001a4   Code   RO          568    i.gpio_init         ml_gpio.o
    0x08002a70   0x08002a70   0x00000040   Code   RO          569    i.gpio_set          ml_gpio.o
    0x08002ab0   0x08002ab0   0x00000054   Code   RO          271    i.gray_init         gray_track.o
    0x08002b04   0x08002b04   0x000001d0   Code   RO          301    i.imu_get_euler_angles  mcu_dmp.o
    0x08002cd4   0x08002cd4   0x0000003c   Code   RO          302    i.imu_init          mcu_dmp.o
    0x08002d10   0x08002d10   0x000007cc   Code   RO          303    i.imu_update        mcu_dmp.o
    0x080034dc   0x080034dc   0x0000004c   Code   RO          304    i.invSqrt           mcu_dmp.o
    0x08003528   0x08003528   0x000000f4   Code   RO            1    i.main              main.o
    0x0800361c   0x0800361c   0x00000038   Code   RO          179    i.motorA_duty       motor.o
    0x08003654   0x08003654   0x00000038   Code   RO          180    i.motorB_duty       motor.o
    0x0800368c   0x0800368c   0x00000044   Code   RO          181    i.motor_init        motor.o
    0x080036d0   0x080036d0   0x00000064   Code   RO          219    i.motor_target_set  pid.o
    0x08003734   0x08003734   0x000000c2   Code   RO          220    i.pid_cal           pid.o
    0x080037f6   0x080037f6   0x00000002   PAD
    0x080037f8   0x080037f8   0x000000dc   Code   RO          221    i.pid_control       pid.o
    0x080038d4   0x080038d4   0x0000000e   Code   RO          222    i.pid_init          pid.o
    0x080038e2   0x080038e2   0x00000002   PAD
    0x080038e4   0x080038e4   0x00000028   Code   RO          223    i.pidout_limit      pid.o
    0x0800390c   0x0800390c   0x00000170   Code   RO          686    i.pwm_init          ml_pwm.o
    0x08003a7c   0x08003a7c   0x000000ac   Code   RO          687    i.pwm_pin_init      ml_pwm.o
    0x08003b28   0x08003b28   0x00000114   Code   RO          688    i.pwm_update        ml_pwm.o
    0x08003c3c   0x08003c3c   0x00000188   Code   RO         1245    i.sinf              m_ws.l(sinf.o)
    0x08003dc4   0x08003dc4   0x0000002c   Code   RO         1253    i.sqrtf             m_ws.l(sqrtf.o)
    0x08003df0   0x08003df0   0x00000070   Code   RO          714    i.tim_interrupt_ms_init  ml_tim.o
    0x08003e60   0x08003e60   0x000000a0   Code   RO          738    i.uart_baud_config  ml_uart.o
    0x08003f00   0x08003f00   0x00000064   Code   RO          740    i.uart_init         ml_uart.o
    0x08003f64   0x08003f64   0x00000056   Code   RO          741    i.uart_pin_init     ml_uart.o
    0x08003fba   0x08003fba   0x00000002   PAD
    0x08003fbc   0x08003fbc   0x0000002c   Code   RO         1400    locale$$code        c_w.l(lc_numeric_c.o)
    0x08003fe8   0x08003fe8   0x00000062   Code   RO         1148    x$fpl$d2f           fz_ws.l(d2f.o)
    0x0800404a   0x0800404a   0x00000002   PAD
    0x0800404c   0x0800404c   0x00000150   Code   RO         1150    x$fpl$dadd          fz_ws.l(daddsub_clz.o)
    0x0800419c   0x0800419c   0x000002b0   Code   RO         1157    x$fpl$ddiv          fz_ws.l(ddiv.o)
    0x0800444c   0x0800444c   0x0000002e   Code   RO         1165    x$fpl$dflt          fz_ws.l(dflt_clz.o)
    0x0800447a   0x0800447a   0x00000026   Code   RO         1164    x$fpl$dfltu         fz_ws.l(dflt_clz.o)
    0x080044a0   0x080044a0   0x00000154   Code   RO         1172    x$fpl$dmul          fz_ws.l(dmul.o)
    0x080045f4   0x080045f4   0x0000009c   Code   RO         1272    x$fpl$dnaninf       fz_ws.l(dnaninf.o)
    0x08004690   0x08004690   0x0000000c   Code   RO         1274    x$fpl$dretinf       fz_ws.l(dretinf.o)
    0x0800469c   0x0800469c   0x000001d4   Code   RO         1152    x$fpl$dsub          fz_ws.l(daddsub_clz.o)
    0x08004870   0x08004870   0x00000056   Code   RO         1174    x$fpl$f2d           fz_ws.l(f2d.o)
    0x080048c6   0x080048c6   0x00000002   PAD
    0x080048c8   0x080048c8   0x000000c4   Code   RO         1176    x$fpl$fadd          fz_ws.l(faddsub_clz.o)
    0x0800498c   0x0800498c   0x0000000c   Code   RO         1406    x$fpl$fcheck1       fz_ws.l(fcheck1.o)
    0x08004998   0x08004998   0x00000018   Code   RO         1278    x$fpl$fcmpinf       fz_ws.l(fcmpi.o)
    0x080049b0   0x080049b0   0x00000184   Code   RO         1183    x$fpl$fdiv          fz_ws.l(fdiv.o)
    0x08004b34   0x08004b34   0x00000068   Code   RO         1186    x$fpl$feqf          fz_ws.l(feqf.o)
    0x08004b9c   0x08004b9c   0x00000036   Code   RO         1188    x$fpl$ffix          fz_ws.l(ffix.o)
    0x08004bd2   0x08004bd2   0x00000002   PAD
    0x08004bd4   0x08004bd4   0x0000003e   Code   RO         1192    x$fpl$ffixu         fz_ws.l(ffixu.o)
    0x08004c12   0x08004c12   0x00000002   PAD
    0x08004c14   0x08004c14   0x00000030   Code   RO         1197    x$fpl$fflt          fz_ws.l(fflt_clz.o)
    0x08004c44   0x08004c44   0x00000026   Code   RO         1196    x$fpl$ffltu         fz_ws.l(fflt_clz.o)
    0x08004c6a   0x08004c6a   0x00000002   PAD
    0x08004c6c   0x08004c6c   0x00000068   Code   RO         1202    x$fpl$fleqf         fz_ws.l(fleqf.o)
    0x08004cd4   0x08004cd4   0x00000102   Code   RO         1204    x$fpl$fmul          fz_ws.l(fmul.o)
    0x08004dd6   0x08004dd6   0x0000008c   Code   RO         1280    x$fpl$fnaninf       fz_ws.l(fnaninf.o)
    0x08004e62   0x08004e62   0x0000000a   Code   RO         1282    x$fpl$fretinf       fz_ws.l(fretinf.o)
    0x08004e6c   0x08004e6c   0x00000062   Code   RO         1206    x$fpl$frleqf        fz_ws.l(frleqf.o)
    0x08004ece   0x08004ece   0x00000002   PAD
    0x08004ed0   0x08004ed0   0x00000060   Code   RO         1284    x$fpl$frnd          fz_ws.l(frnd.o)
    0x08004f30   0x08004f30   0x00000014   Code   RO         1177    x$fpl$frsb          fz_ws.l(faddsub_clz.o)
    0x08004f44   0x08004f44   0x00000110   Code   RO         1286    x$fpl$fsqrt         fz_ws.l(fsqrt.o)
    0x08005054   0x08005054   0x000000ea   Code   RO         1178    x$fpl$fsub          fz_ws.l(faddsub_clz.o)
    0x0800513e   0x0800513e   0x00000004   Code   RO         1208    x$fpl$printf1       fz_ws.l(printf1.o)
    0x08005142   0x08005142   0x00000064   Code   RO         1472    x$fpl$retnan        fz_ws.l(retnan.o)
    0x080051a6   0x080051a6   0x0000004c   Code   RO         1290    x$fpl$scalbnf       fz_ws.l(scalbnf.o)
    0x080051f2   0x080051f2   0x00000030   Code   RO         1480    x$fpl$trapveneer    fz_ws.l(trapv.o)
    0x08005222   0x08005222   0x00000000   Code   RO         1292    x$fpl$usenofp       fz_ws.l(usenofp.o)
    0x08005222   0x08005222   0x00000002   PAD
    0x08005224   0x08005224   0x00000010   Data   RO          308    .constdata          mcu_dmp.o
    0x08005234   0x08005234   0x00000020   Data   RO         1329    .constdata          m_ws.l(rredf.o)
    0x08005254   0x08005254   0x00000094   Data   RO         1371    .constdata          c_w.l(bigflt0.o)
    0x080052e8   0x080052e8   0x00000020   Data   RO         1553    Region$$Table       anon$$obj.o
    0x08005308   0x08005308   0x0000001c   Data   RO         1399    locale$$data        c_w.l(lc_numeric_c.o)


    Execution Region RW_IRAM1 (Exec base: 0x20000000, Load base: 0x08005324, Size: 0x00000818, Max: 0x00005000, ABSOLUTE)

    Exec Addr    Load Addr    Size         Type   Attr      Idx    E Section Name        Object

    0x20000000   0x08005324   0x00000010   Data   RW          182    .data               motor.o
    0x20000010   0x08005334   0x0000008c   Data   RW          309    .data               mcu_dmp.o
    0x2000009c   0x080053c0   0x0000000c   Data   RW          570    .data               ml_gpio.o
    0x200000a8   0x080053cc   0x0000000c   Data   RW          715    .data               ml_tim.o
    0x200000b4   0x080053d8   0x00000010   Data   RW          744    .data               ml_uart.o
    0x200000c4   0x080053e8   0x00000030   Data   RW          854    .data               ml_mpu6050.o
    0x200000f4        -       0x0000009c   Zero   RW          224    .bss                pid.o
    0x20000190        -       0x00000024   Zero   RW          307    .bss                mcu_dmp.o
    0x200001b4        -       0x00000060   Zero   RW         1411    .bss                c_w.l(libspace.o)
    0x20000214   0x08005418   0x00000004   PAD
    0x20000218        -       0x00000200   Zero   RW          560    HEAP                startup_stm32f10x_md.o
    0x20000418        -       0x00000400   Zero   RW          559    STACK               startup_stm32f10x_md.o


==============================================================================

Image component sizes


      Code (inc. data)   RO Data    RW Data    ZI Data      Debug   Object Name

        84          0          0          0          0        436   gray_track.o
       694        104          0          0          0       4846   isr.o
       244         68          0          0          0     207355   main.o
      3460        178         16        140         36      11388   mcu_dmp.o
        70          0          0          0          0        906   ml_delay.o
       596         38          0          0          0       1392   ml_exti.o
       520         22          0         12          0       4703   ml_gpio.o
       334          0          0          0          0       3258   ml_i2c.o
       346         24          0         48          0       2709   ml_mpu6050.o
       116         16          0          0          0       1052   ml_nvic.o
       510          0          0          0          0       4384   ml_oled.o
       816         36          0          0          0       1907   ml_pwm.o
       112          8          0         12          0       1500   ml_tim.o
       378         30          0         16          0       4556   ml_uart.o
       224         12          0         16          0       2136   motor.o
       568         58          0          0        156       3647   pid.o
        64         26        236          0       1536        804   startup_stm32f10x_md.o
       328         28          0          0          0       1873   system_stm32f10x.o

    ----------------------------------------------------------------------
      9482        648        284        244       1728     258852   Object Totals
         0          0         32          0          0          0   (incl. Generated)
        18          0          0          0          0          0   (incl. Padding)

    ----------------------------------------------------------------------

      Code (inc. data)   RO Data    RW Data    ZI Data      Debug   Library Member Name

         8          0          0          0          0         68   __main.o
       284          0          0          0          0        156   __printf_wp.o
         0          0          0          0          0          0   __rtentry.o
        12          0          0          0          0          0   __rtentry2.o
         6          0          0          0          0          0   __rtentry4.o
        52          8          0          0          0          0   __scatter.o
        26          0          0          0          0          0   __scatter_copy.o
        28          0          0          0          0          0   __scatter_zi.o
        48          6          0          0          0         96   _printf_char_common.o
        36          4          0          0          0         80   _printf_char_file.o
         6          0          0          0          0          0   _printf_f.o
      1054          0          0          0          0        216   _printf_fp_dec.o
       128         16          0          0          0         84   _printf_fp_infnan.o
         0          0          0          0          0          0   _printf_percent.o
         4          0          0          0          0          0   _printf_percent_end.o
        22          0          0          0          0        100   _rserrno.o
       228          4        148          0          0         96   bigflt0.o
      1936        128          0          0          0        672   btod.o
        18          0          0          0          0         80   exit.o
         8          0          0          0          0         68   ferror.o
         6          0          0          0          0        152   heapauxi.o
        44         10         28          0          0         76   lc_numeric_c.o
         2          0          0          0          0          0   libinit.o
        18          0          0          0          0          0   libinit2.o
         2          0          0          0          0          0   libshutdown.o
         2          0          0          0          0          0   libshutdown2.o
         8          4          0          0         96         68   libspace.o
       138          0          0          0          0         80   lludiv10.o
        24          4          0          0          0         84   noretval__2printf.o
         8          4          0          0          0         68   rt_errno_addr_intlibspace.o
         8          4          0          0          0         68   rt_locale_intlibspace.o
         2          0          0          0          0          0   rtexit.o
        10          0          0          0          0          0   rtexit2.o
       128          0          0          0          0         68   strcmpv7m.o
        74          0          0          0          0         80   sys_stackheap_outer.o
         2          0          0          0          0         68   use_no_semi.o
         2          0          0          0          0         68   use_no_semi_2.o
        98          4          0          0          0         92   d2f.o
       804         16          0          0          0        272   daddsub_clz.o
       688        140          0          0          0        208   ddiv.o
        84          0          0          0          0        136   dflt_clz.o
       340         12          0          0          0        104   dmul.o
       156          4          0          0          0         92   dnaninf.o
        12          0          0          0          0         68   dretinf.o
        86          4          0          0          0         84   f2d.o
       450          8          0          0          0        236   faddsub_clz.o
        12          4          0          0          0         68   fcheck1.o
        24          0          0          0          0         68   fcmpi.o
       388         76          0          0          0         96   fdiv.o
       104          4          0          0          0         84   feqf.o
        54          4          0          0          0         84   ffix.o
        62          4          0          0          0         84   ffixu.o
        86          0          0          0          0        136   fflt_clz.o
       104          4          0          0          0         84   fleqf.o
       258          4          0          0          0         84   fmul.o
       140          4          0          0          0         84   fnaninf.o
        10          0          0          0          0         68   fretinf.o
        98          0          0          0          0         68   frleqf.o
        96          4          0          0          0         76   frnd.o
       272        100          0          0          0         88   fsqrt.o
         4          0          0          0          0         68   printf1.o
       100          0          0          0          0         68   retnan.o
        76          0          0          0          0         68   scalbnf.o
        48          0          0          0          0         68   trapv.o
         0          0          0          0          0          0   usenofp.o
       292         38          0          0          0        120   asinf.o
       676         78          0          0          0        116   atan2f.o
       380         52          0          0          0        124   cosf.o
        40          0          0          0          0         68   fpclassify.o
        38          0          0          0          0         68   fpclassifyf.o
        28          0          0          0          0        272   funder.o
       360         16         32          0          0         88   rredf.o
       392         54          0          0          0        124   sinf.o
        44          0          0          0          0         80   sqrtf.o

    ----------------------------------------------------------------------
     11310        826        208          0        100       6392   Library Totals
        24          0          0          0          4          0   (incl. Padding)

    ----------------------------------------------------------------------

      Code (inc. data)   RO Data    RW Data    ZI Data      Debug   Library Name

      4382        192        176          0         96       2596   c_w.l
      4654        396          0          0          0       2736   fz_ws.l
      2250        238         32          0          0       1060   m_ws.l

    ----------------------------------------------------------------------
     11310        826        208          0        100       6392   Library Totals

    ----------------------------------------------------------------------

==============================================================================


      Code (inc. data)   RO Data    RW Data    ZI Data      Debug   

     20792       1474        492        244       1828     258064   Grand Totals
     20792       1474        492        244       1828     258064   ELF Image Totals
     20792       1474        492        244          0          0   ROM Totals

==============================================================================

    Total RO  Size (Code + RO Data)                21284 (  20.79kB)
    Total RW  Size (RW Data + ZI Data)              2072 (   2.02kB)
    Total ROM Size (Code + RO Data + RW Data)      21528 (  21.02kB)

==============================================================================

