Component: ARM Compiler 5.06 update 6 (build 750) Tool: armlink [4d35ed]

==============================================================================

Section Cross References

    main.o(i.main) refers to ml_oled.o(i.OLED_Init) for OLED_Init
    system_stm32f10x.o(i.SetSysClock) refers to system_stm32f10x.o(i.SetSysClockTo72) for SetSysClockTo72
    system_stm32f10x.o(i.SystemCoreClockUpdate) refers to system_stm32f10x.o(.data) for SystemCoreClock
    system_stm32f10x.o(i.SystemInit) refers to system_stm32f10x.o(i.SetSysClock) for SetSysClock
    startup_stm32f10x_md.o(STACK) refers (Special) to heapauxi.o(.text) for __use_two_region_memory
    startup_stm32f10x_md.o(HEAP) refers (Special) to heapauxi.o(.text) for __use_two_region_memory
    startup_stm32f10x_md.o(RESET) refers (Special) to heapauxi.o(.text) for __use_two_region_memory
    startup_stm32f10x_md.o(RESET) refers to startup_stm32f10x_md.o(STACK) for __initial_sp
    startup_stm32f10x_md.o(RESET) refers to startup_stm32f10x_md.o(.text) for Reset_Handler
    startup_stm32f10x_md.o(RESET) refers to isr.o(i.EXTI0_IRQHandler) for EXTI0_IRQHandler
    startup_stm32f10x_md.o(RESET) refers to isr.o(i.EXTI1_IRQHandler) for EXTI1_IRQHandler
    startup_stm32f10x_md.o(RESET) refers to isr.o(i.EXTI2_IRQHandler) for EXTI2_IRQHandler
    startup_stm32f10x_md.o(RESET) refers to isr.o(i.EXTI3_IRQHandler) for EXTI3_IRQHandler
    startup_stm32f10x_md.o(RESET) refers to isr.o(i.EXTI4_IRQHandler) for EXTI4_IRQHandler
    startup_stm32f10x_md.o(RESET) refers to isr.o(i.EXTI9_5_IRQHandler) for EXTI9_5_IRQHandler
    startup_stm32f10x_md.o(RESET) refers to isr.o(i.TIM2_IRQHandler) for TIM2_IRQHandler
    startup_stm32f10x_md.o(RESET) refers to isr.o(i.TIM3_IRQHandler) for TIM3_IRQHandler
    startup_stm32f10x_md.o(RESET) refers to isr.o(i.TIM4_IRQHandler) for TIM4_IRQHandler
    startup_stm32f10x_md.o(RESET) refers to isr.o(i.USART1_IRQHandler) for USART1_IRQHandler
    startup_stm32f10x_md.o(RESET) refers to isr.o(i.USART2_IRQHandler) for USART2_IRQHandler
    startup_stm32f10x_md.o(RESET) refers to isr.o(i.USART3_IRQHandler) for USART3_IRQHandler
    startup_stm32f10x_md.o(.text) refers (Special) to heapauxi.o(.text) for __use_two_region_memory
    startup_stm32f10x_md.o(.text) refers to system_stm32f10x.o(i.SystemInit) for SystemInit
    startup_stm32f10x_md.o(.text) refers to __main.o(!!!main) for __main
    startup_stm32f10x_md.o(.text) refers to startup_stm32f10x_md.o(HEAP) for Heap_Mem
    startup_stm32f10x_md.o(.text) refers to startup_stm32f10x_md.o(STACK) for Stack_Mem
    ml_gpio.o(i.gpio_get) refers to ml_gpio.o(.data) for gpio_index
    ml_gpio.o(i.gpio_init) refers to ml_gpio.o(.data) for gpio_index
    ml_gpio.o(i.gpio_set) refers to ml_gpio.o(.data) for gpio_index
    ml_delay.o(i.delay_ms) refers to ml_delay.o(i.delay_us) for delay_us
    ml_delay.o(i.delay_s) refers to ml_delay.o(i.delay_ms) for delay_ms
    ml_nvic.o(i.NVIC_init) refers to ml_nvic.o(i.NVIC_Group_Config) for NVIC_Group_Config
    ml_pwm.o(i.pwm_duty_update) refers to fflt_clz.o(x$fpl$fflt) for __aeabi_i2f
    ml_pwm.o(i.pwm_duty_update) refers to fdiv.o(x$fpl$fdiv) for __aeabi_fdiv
    ml_pwm.o(i.pwm_duty_update) refers to fmul.o(x$fpl$fmul) for __aeabi_fmul
    ml_pwm.o(i.pwm_duty_update) refers to ffixu.o(x$fpl$ffixu) for __aeabi_f2uiz
    ml_pwm.o(i.pwm_duty_update) refers to ml_tim.o(.data) for tim_index
    ml_pwm.o(i.pwm_init) refers to ml_pwm.o(i.pwm_pin_init) for pwm_pin_init
    ml_pwm.o(i.pwm_init) refers to ml_tim.o(.data) for tim_index
    ml_pwm.o(i.pwm_pin_init) refers to ml_gpio.o(i.gpio_init) for gpio_init
    ml_tim.o(i.tim_interrupt_ms_init) refers to ml_nvic.o(i.NVIC_init) for NVIC_init
    ml_tim.o(i.tim_interrupt_ms_init) refers to ml_tim.o(.data) for tim_index
    ml_uart.o(i._sys_exit) refers (Special) to use_no_semi_2.o(.text) for __use_no_semihosting
    ml_uart.o(i.fputc) refers (Special) to use_no_semi_2.o(.text) for __use_no_semihosting
    ml_uart.o(i.uart_baud_config) refers (Special) to use_no_semi_2.o(.text) for __use_no_semihosting
    ml_uart.o(i.uart_baud_config) refers to dflt_clz.o(x$fpl$dfltu) for __aeabi_ui2d
    ml_uart.o(i.uart_baud_config) refers to dflt_clz.o(x$fpl$dflt) for __aeabi_i2d
    ml_uart.o(i.uart_baud_config) refers to dmul.o(x$fpl$dmul) for __aeabi_dmul
    ml_uart.o(i.uart_baud_config) refers to fflt_clz.o(x$fpl$fflt) for __aeabi_i2f
    ml_uart.o(i.uart_baud_config) refers to f2d.o(x$fpl$f2d) for __aeabi_f2d
    ml_uart.o(i.uart_baud_config) refers to ddiv.o(x$fpl$ddiv) for __aeabi_ddiv
    ml_uart.o(i.uart_baud_config) refers to daddsub_clz.o(x$fpl$dsub) for __aeabi_dsub
    ml_uart.o(i.uart_baud_config) refers to d2f.o(x$fpl$d2f) for __aeabi_d2f
    ml_uart.o(i.uart_baud_config) refers to fmul.o(x$fpl$fmul) for __aeabi_fmul
    ml_uart.o(i.uart_baud_config) refers to ffixu.o(x$fpl$ffixu) for __aeabi_f2uiz
    ml_uart.o(i.uart_baud_config) refers to ml_uart.o(.data) for uart_index
    ml_uart.o(i.uart_getbyte) refers (Special) to use_no_semi_2.o(.text) for __use_no_semihosting
    ml_uart.o(i.uart_getbyte) refers to ml_uart.o(.data) for uart_index
    ml_uart.o(i.uart_init) refers (Special) to use_no_semi_2.o(.text) for __use_no_semihosting
    ml_uart.o(i.uart_init) refers to ml_uart.o(i.uart_pin_init) for uart_pin_init
    ml_uart.o(i.uart_init) refers to ml_uart.o(i.uart_baud_config) for uart_baud_config
    ml_uart.o(i.uart_init) refers to ml_nvic.o(i.NVIC_init) for NVIC_init
    ml_uart.o(i.uart_init) refers to ml_uart.o(.data) for uart_index
    ml_uart.o(i.uart_pin_init) refers (Special) to use_no_semi_2.o(.text) for __use_no_semihosting
    ml_uart.o(i.uart_pin_init) refers to ml_gpio.o(i.gpio_init) for gpio_init
    ml_uart.o(i.uart_sendbyte) refers (Special) to use_no_semi_2.o(.text) for __use_no_semihosting
    ml_uart.o(i.uart_sendbyte) refers to ml_delay.o(i.delay_ms) for delay_ms
    ml_uart.o(i.uart_sendbyte) refers to ml_uart.o(.data) for uart_index
    ml_uart.o(i.uart_sendstr) refers (Special) to use_no_semi_2.o(.text) for __use_no_semihosting
    ml_uart.o(i.uart_sendstr) refers to ml_uart.o(i.uart_sendbyte) for uart_sendbyte
    ml_uart.o(.data) refers (Special) to use_no_semi_2.o(.text) for __use_no_semihosting
    ml_adc.o(i.adc_get) refers to ml_adc.o(.data) for adc_index
    ml_adc.o(i.adc_init) refers to ml_adc.o(i.adc_pin_init) for adc_pin_init
    ml_adc.o(i.adc_init) refers to ml_adc.o(.data) for adc_index
    ml_adc.o(i.adc_pin_init) refers to ml_gpio.o(i.gpio_init) for gpio_init
    ml_exti.o(i.exti_init) refers to ml_exti.o(i.exti_pin_init) for exti_pin_init
    ml_exti.o(i.exti_init) refers to ml_nvic.o(i.NVIC_init) for NVIC_init
    ml_exti.o(i.exti_pin_init) refers to ml_gpio.o(i.gpio_init) for gpio_init
    ml_mpu6050.o(i.MPU6050_GetData) refers to ml_mpu6050.o(i.MPU6050_Read) for MPU6050_Read
    ml_mpu6050.o(i.MPU6050_GetData) refers to ml_mpu6050.o(.data) for ax
    ml_mpu6050.o(i.MPU6050_Init) refers to ml_mpu6050.o(i.MPU6050_Write) for MPU6050_Write
    ml_mpu6050.o(i.MPU6050_Read) refers to ml_i2c.o(i.I2C_Start) for I2C_Start
    ml_mpu6050.o(i.MPU6050_Read) refers to ml_i2c.o(i.I2C_SendByte) for I2C_SendByte
    ml_mpu6050.o(i.MPU6050_Read) refers to ml_i2c.o(i.I2C_WaitAck) for I2C_WaitAck
    ml_mpu6050.o(i.MPU6050_Read) refers to ml_i2c.o(i.I2C_Stop) for I2C_Stop
    ml_mpu6050.o(i.MPU6050_Read) refers to ml_i2c.o(i.I2C_ReceiveByte) for I2C_ReceiveByte
    ml_mpu6050.o(i.MPU6050_Read) refers to ml_i2c.o(i.I2C_NotSendAck) for I2C_NotSendAck
    ml_mpu6050.o(i.MPU6050_Write) refers to ml_i2c.o(i.I2C_Start) for I2C_Start
    ml_mpu6050.o(i.MPU6050_Write) refers to ml_i2c.o(i.I2C_SendByte) for I2C_SendByte
    ml_mpu6050.o(i.MPU6050_Write) refers to ml_i2c.o(i.I2C_WaitAck) for I2C_WaitAck
    ml_mpu6050.o(i.MPU6050_Write) refers to ml_i2c.o(i.I2C_Stop) for I2C_Stop
    ml_i2c.o(i.I2C_Init) refers to ml_gpio.o(i.gpio_init) for gpio_init
    ml_i2c.o(i.I2C_Init) refers to ml_gpio.o(i.gpio_set) for gpio_set
    ml_i2c.o(i.I2C_NotSendAck) refers to ml_gpio.o(i.gpio_set) for gpio_set
    ml_i2c.o(i.I2C_ReceiveByte) refers to ml_gpio.o(i.gpio_set) for gpio_set
    ml_i2c.o(i.I2C_ReceiveByte) refers to ml_gpio.o(i.gpio_get) for gpio_get
    ml_i2c.o(i.I2C_SendAck) refers to ml_gpio.o(i.gpio_set) for gpio_set
    ml_i2c.o(i.I2C_SendByte) refers to ml_gpio.o(i.gpio_set) for gpio_set
    ml_i2c.o(i.I2C_Start) refers to ml_gpio.o(i.gpio_set) for gpio_set
    ml_i2c.o(i.I2C_Stop) refers to ml_gpio.o(i.gpio_set) for gpio_set
    ml_i2c.o(i.I2C_WaitAck) refers to ml_gpio.o(i.gpio_set) for gpio_set
    ml_i2c.o(i.I2C_WaitAck) refers to ml_gpio.o(i.gpio_get) for gpio_get
    ml_oled.o(i.OLED_Clear) refers to ml_oled.o(i.OLED_SetCursor) for OLED_SetCursor
    ml_oled.o(i.OLED_Clear) refers to ml_oled.o(i.OLED_WriteData) for OLED_WriteData
    ml_oled.o(i.OLED_DrawBMP) refers to ml_oled.o(i.OLED_SetCursor) for OLED_SetCursor
    ml_oled.o(i.OLED_DrawBMP) refers to ml_oled.o(i.OLED_WriteData) for OLED_WriteData
    ml_oled.o(i.OLED_I2C_Init) refers to ml_gpio.o(i.gpio_init) for gpio_init
    ml_oled.o(i.OLED_I2C_Init) refers to ml_gpio.o(i.gpio_set) for gpio_set
    ml_oled.o(i.OLED_I2C_SendByte) refers to ml_gpio.o(i.gpio_set) for gpio_set
    ml_oled.o(i.OLED_I2C_Start) refers to ml_gpio.o(i.gpio_set) for gpio_set
    ml_oled.o(i.OLED_I2C_Stop) refers to ml_gpio.o(i.gpio_set) for gpio_set
    ml_oled.o(i.OLED_Init) refers to ml_oled.o(i.OLED_I2C_Init) for OLED_I2C_Init
    ml_oled.o(i.OLED_Init) refers to ml_oled.o(i.OLED_WriteCommand) for OLED_WriteCommand
    ml_oled.o(i.OLED_Init) refers to ml_oled.o(i.OLED_Clear) for OLED_Clear
    ml_oled.o(i.OLED_SetCursor) refers to ml_oled.o(i.OLED_WriteCommand) for OLED_WriteCommand
    ml_oled.o(i.OLED_ShowBinNum) refers to ml_oled.o(i.OLED_Pow) for OLED_Pow
    ml_oled.o(i.OLED_ShowBinNum) refers to ml_oled.o(i.OLED_ShowChar) for OLED_ShowChar
    ml_oled.o(i.OLED_ShowChar) refers to ml_oled.o(i.OLED_SetCursor) for OLED_SetCursor
    ml_oled.o(i.OLED_ShowChar) refers to ml_oled.o(i.OLED_WriteData) for OLED_WriteData
    ml_oled.o(i.OLED_ShowChar) refers to ml_oled.o(.constdata) for OLED_F8x16
    ml_oled.o(i.OLED_ShowFloat) refers to ffix.o(x$fpl$ffix) for __aeabi_f2iz
    ml_oled.o(i.OLED_ShowFloat) refers to dflt_clz.o(x$fpl$dfltu) for __aeabi_ui2d
    ml_oled.o(i.OLED_ShowFloat) refers to pow.o(i.pow) for pow
    ml_oled.o(i.OLED_ShowFloat) refers to fflt_clz.o(x$fpl$fflt) for __aeabi_i2f
    ml_oled.o(i.OLED_ShowFloat) refers to faddsub_clz.o(x$fpl$frsb) for __aeabi_frsub
    ml_oled.o(i.OLED_ShowFloat) refers to f2d.o(x$fpl$f2d) for __aeabi_f2d
    ml_oled.o(i.OLED_ShowFloat) refers to dmul.o(x$fpl$dmul) for __aeabi_dmul
    ml_oled.o(i.OLED_ShowFloat) refers to dfix.o(x$fpl$dfix) for __aeabi_d2iz
    ml_oled.o(i.OLED_ShowFloat) refers to ml_oled.o(i.OLED_ShowSignedNum) for OLED_ShowSignedNum
    ml_oled.o(i.OLED_ShowFloat) refers to ml_oled.o(i.OLED_ShowString) for OLED_ShowString
    ml_oled.o(i.OLED_ShowFloat) refers to ml_oled.o(i.OLED_ShowNum) for OLED_ShowNum
    ml_oled.o(i.OLED_ShowHexNum) refers to ml_oled.o(i.OLED_Pow) for OLED_Pow
    ml_oled.o(i.OLED_ShowHexNum) refers to ml_oled.o(i.OLED_ShowChar) for OLED_ShowChar
    ml_oled.o(i.OLED_ShowNum) refers to ml_oled.o(i.OLED_Pow) for OLED_Pow
    ml_oled.o(i.OLED_ShowNum) refers to ml_oled.o(i.OLED_ShowChar) for OLED_ShowChar
    ml_oled.o(i.OLED_ShowSignedNum) refers to ml_oled.o(i.OLED_ShowChar) for OLED_ShowChar
    ml_oled.o(i.OLED_ShowSignedNum) refers to ml_oled.o(i.OLED_Pow) for OLED_Pow
    ml_oled.o(i.OLED_ShowString) refers to ml_oled.o(i.OLED_ShowChar) for OLED_ShowChar
    ml_oled.o(i.OLED_WriteCommand) refers to ml_oled.o(i.OLED_I2C_Start) for OLED_I2C_Start
    ml_oled.o(i.OLED_WriteCommand) refers to ml_oled.o(i.OLED_I2C_SendByte) for OLED_I2C_SendByte
    ml_oled.o(i.OLED_WriteCommand) refers to ml_oled.o(i.OLED_I2C_Stop) for OLED_I2C_Stop
    ml_oled.o(i.OLED_WriteData) refers to ml_oled.o(i.OLED_I2C_Start) for OLED_I2C_Start
    ml_oled.o(i.OLED_WriteData) refers to ml_oled.o(i.OLED_I2C_SendByte) for OLED_I2C_SendByte
    ml_oled.o(i.OLED_WriteData) refers to ml_oled.o(i.OLED_I2C_Stop) for OLED_I2C_Stop
    use_no_semi_2.o(.text) refers (Special) to use_no_semi.o(.text) for __use_no_semihosting_swi
    __main.o(!!!main) refers to __rtentry.o(.ARM.Collect$$rtentry$$00000000) for __rt_entry
    d2f.o(x$fpl$d2f) refers (Special) to usenofp.o(x$fpl$usenofp) for __I$use$fp
    d2f.o(x$fpl$d2f) refers to fretinf.o(x$fpl$fretinf) for __fpl_fretinf
    d2f.o(x$fpl$d2f) refers to dnaninf.o(x$fpl$dnaninf) for __fpl_dnaninf
    daddsub_clz.o(x$fpl$dadd) refers (Special) to usenofp.o(x$fpl$usenofp) for __I$use$fp
    daddsub_clz.o(x$fpl$dadd) refers to daddsub_clz.o(x$fpl$dsub) for _dsub1
    daddsub_clz.o(x$fpl$dadd) refers to dretinf.o(x$fpl$dretinf) for __fpl_dretinf
    daddsub_clz.o(x$fpl$dadd) refers to dnaninf.o(x$fpl$dnaninf) for __fpl_dnaninf
    daddsub_clz.o(x$fpl$drsb) refers (Special) to usenofp.o(x$fpl$usenofp) for __I$use$fp
    daddsub_clz.o(x$fpl$drsb) refers to daddsub_clz.o(x$fpl$dadd) for _dadd1
    daddsub_clz.o(x$fpl$drsb) refers to daddsub_clz.o(x$fpl$dsub) for _dsub1
    daddsub_clz.o(x$fpl$dsub) refers (Special) to usenofp.o(x$fpl$usenofp) for __I$use$fp
    daddsub_clz.o(x$fpl$dsub) refers to daddsub_clz.o(x$fpl$dadd) for _dadd1
    daddsub_clz.o(x$fpl$dsub) refers to dnaninf.o(x$fpl$dnaninf) for __fpl_dnaninf
    ddiv.o(x$fpl$drdiv) refers (Special) to usenofp.o(x$fpl$usenofp) for __I$use$fp
    ddiv.o(x$fpl$drdiv) refers to ddiv.o(x$fpl$ddiv) for ddiv_entry
    ddiv.o(x$fpl$ddiv) refers (Special) to usenofp.o(x$fpl$usenofp) for __I$use$fp
    ddiv.o(x$fpl$ddiv) refers to dretinf.o(x$fpl$dretinf) for __fpl_dretinf
    ddiv.o(x$fpl$ddiv) refers to dnaninf.o(x$fpl$dnaninf) for __fpl_dnaninf
    dfix.o(x$fpl$dfix) refers (Special) to usenofp.o(x$fpl$usenofp) for __I$use$fp
    dfix.o(x$fpl$dfix) refers to dnaninf.o(x$fpl$dnaninf) for __fpl_dnaninf
    dfix.o(x$fpl$dfixr) refers (Special) to usenofp.o(x$fpl$usenofp) for __I$use$fp
    dfix.o(x$fpl$dfixr) refers to dnaninf.o(x$fpl$dnaninf) for __fpl_dnaninf
    dflt_clz.o(x$fpl$dfltu) refers (Special) to usenofp.o(x$fpl$usenofp) for __I$use$fp
    dflt_clz.o(x$fpl$dflt) refers (Special) to usenofp.o(x$fpl$usenofp) for __I$use$fp
    dflt_clz.o(x$fpl$dfltn) refers (Special) to usenofp.o(x$fpl$usenofp) for __I$use$fp
    dmul.o(x$fpl$dmul) refers (Special) to usenofp.o(x$fpl$usenofp) for __I$use$fp
    dmul.o(x$fpl$dmul) refers to dretinf.o(x$fpl$dretinf) for __fpl_dretinf
    dmul.o(x$fpl$dmul) refers to dnaninf.o(x$fpl$dnaninf) for __fpl_dnaninf
    f2d.o(x$fpl$f2d) refers (Special) to usenofp.o(x$fpl$usenofp) for __I$use$fp
    f2d.o(x$fpl$f2d) refers to fnaninf.o(x$fpl$fnaninf) for __fpl_fnaninf
    f2d.o(x$fpl$f2d) refers to dretinf.o(x$fpl$dretinf) for __fpl_dretinf
    faddsub_clz.o(x$fpl$fadd) refers (Special) to usenofp.o(x$fpl$usenofp) for __I$use$fp
    faddsub_clz.o(x$fpl$fadd) refers to faddsub_clz.o(x$fpl$fsub) for _fsub1
    faddsub_clz.o(x$fpl$fadd) refers to fretinf.o(x$fpl$fretinf) for __fpl_fretinf
    faddsub_clz.o(x$fpl$fadd) refers to fnaninf.o(x$fpl$fnaninf) for __fpl_fnaninf
    faddsub_clz.o(x$fpl$frsb) refers (Special) to usenofp.o(x$fpl$usenofp) for __I$use$fp
    faddsub_clz.o(x$fpl$frsb) refers to faddsub_clz.o(x$fpl$fadd) for _fadd1
    faddsub_clz.o(x$fpl$frsb) refers to faddsub_clz.o(x$fpl$fsub) for _fsub1
    faddsub_clz.o(x$fpl$fsub) refers (Special) to usenofp.o(x$fpl$usenofp) for __I$use$fp
    faddsub_clz.o(x$fpl$fsub) refers to faddsub_clz.o(x$fpl$fadd) for _fadd1
    faddsub_clz.o(x$fpl$fsub) refers to fnaninf.o(x$fpl$fnaninf) for __fpl_fnaninf
    fdiv.o(x$fpl$frdiv) refers (Special) to usenofp.o(x$fpl$usenofp) for __I$use$fp
    fdiv.o(x$fpl$frdiv) refers to fdiv.o(x$fpl$fdiv) for _fdiv1
    fdiv.o(x$fpl$fdiv) refers (Special) to usenofp.o(x$fpl$usenofp) for __I$use$fp
    fdiv.o(x$fpl$fdiv) refers to fretinf.o(x$fpl$fretinf) for __fpl_fretinf
    fdiv.o(x$fpl$fdiv) refers to fnaninf.o(x$fpl$fnaninf) for __fpl_fnaninf
    ffix.o(x$fpl$ffix) refers (Special) to usenofp.o(x$fpl$usenofp) for __I$use$fp
    ffix.o(x$fpl$ffix) refers to fnaninf.o(x$fpl$fnaninf) for __fpl_fnaninf
    ffix.o(x$fpl$ffixr) refers (Special) to usenofp.o(x$fpl$usenofp) for __I$use$fp
    ffix.o(x$fpl$ffixr) refers to fnaninf.o(x$fpl$fnaninf) for __fpl_fnaninf
    ffixu.o(x$fpl$ffixu) refers (Special) to usenofp.o(x$fpl$usenofp) for __I$use$fp
    ffixu.o(x$fpl$ffixu) refers to fnaninf.o(x$fpl$fnaninf) for __fpl_fnaninf
    ffixu.o(x$fpl$ffixur) refers (Special) to usenofp.o(x$fpl$usenofp) for __I$use$fp
    ffixu.o(x$fpl$ffixur) refers to fnaninf.o(x$fpl$fnaninf) for __fpl_fnaninf
    fflt_clz.o(x$fpl$ffltu) refers (Special) to usenofp.o(x$fpl$usenofp) for __I$use$fp
    fflt_clz.o(x$fpl$fflt) refers (Special) to usenofp.o(x$fpl$usenofp) for __I$use$fp
    fflt_clz.o(x$fpl$ffltn) refers (Special) to usenofp.o(x$fpl$usenofp) for __I$use$fp
    fmul.o(x$fpl$fmul) refers (Special) to usenofp.o(x$fpl$usenofp) for __I$use$fp
    fmul.o(x$fpl$fmul) refers to fretinf.o(x$fpl$fretinf) for __fpl_fretinf
    fmul.o(x$fpl$fmul) refers to fnaninf.o(x$fpl$fnaninf) for __fpl_fnaninf
    pow.o(i.__softfp_pow) refers (Special) to usenofp.o(x$fpl$usenofp) for __I$use$fp
    pow.o(i.__softfp_pow) refers to pow.o(i.pow) for pow
    pow.o(i.pow) refers (Special) to usenofp.o(x$fpl$usenofp) for __I$use$fp
    pow.o(i.pow) refers to dunder.o(i.__mathlib_dbl_infnan2) for __mathlib_dbl_infnan2
    pow.o(i.pow) refers to _rserrno.o(.text) for __set_errno
    pow.o(i.pow) refers to dunder.o(i.__mathlib_dbl_divzero) for __mathlib_dbl_divzero
    pow.o(i.pow) refers to ddiv.o(x$fpl$ddiv) for __aeabi_ddiv
    pow.o(i.pow) refers to sqrt.o(i.sqrt) for sqrt
    pow.o(i.pow) refers to dmul.o(x$fpl$dmul) for __aeabi_dmul
    pow.o(i.pow) refers to dflt_clz.o(x$fpl$dflt) for __aeabi_i2d
    pow.o(i.pow) refers to dunder.o(i.__mathlib_dbl_invalid) for __mathlib_dbl_invalid
    pow.o(i.pow) refers to dunder.o(i.__mathlib_dbl_overflow) for __mathlib_dbl_overflow
    pow.o(i.pow) refers to dunder.o(i.__mathlib_dbl_underflow) for __mathlib_dbl_underflow
    pow.o(i.pow) refers to daddsub_clz.o(x$fpl$dsub) for __aeabi_dsub
    pow.o(i.pow) refers to scalbn.o(x$fpl$scalbn) for __ARM_scalbn
    pow.o(i.pow) refers to daddsub_clz.o(x$fpl$drsb) for __aeabi_drsub
    pow.o(i.pow) refers to daddsub_clz.o(x$fpl$dadd) for __aeabi_dadd
    pow.o(i.pow) refers to qnan.o(.constdata) for __mathlib_zero
    pow.o(i.pow) refers to poly.o(i.__kernel_poly) for __kernel_poly
    pow.o(i.pow) refers to drleqf.o(x$fpl$drleqf) for __aeabi_cdrcmple
    pow.o(i.pow) refers to pow.o(.constdata) for .constdata
    pow.o(i.pow) refers to fpclassify.o(i.__ARM_fpclassify) for __ARM_fpclassify
    pow.o(.constdata) refers (Special) to usenofp.o(x$fpl$usenofp) for __I$use$fp
    pow_x.o(i.____softfp_pow$lsc) refers (Special) to usenofp.o(x$fpl$usenofp) for __I$use$fp
    pow_x.o(i.____softfp_pow$lsc) refers to pow_x.o(i.__pow$lsc) for __pow$lsc
    pow_x.o(i.__pow$lsc) refers (Special) to usenofp.o(x$fpl$usenofp) for __I$use$fp
    pow_x.o(i.__pow$lsc) refers to dunder.o(i.__mathlib_dbl_infnan2) for __mathlib_dbl_infnan2
    pow_x.o(i.__pow$lsc) refers to _rserrno.o(.text) for __set_errno
    pow_x.o(i.__pow$lsc) refers to ddiv.o(x$fpl$ddiv) for __aeabi_ddiv
    pow_x.o(i.__pow$lsc) refers to sqrt.o(i.sqrt) for sqrt
    pow_x.o(i.__pow$lsc) refers to dmul.o(x$fpl$dmul) for __aeabi_dmul
    pow_x.o(i.__pow$lsc) refers to dflt_clz.o(x$fpl$dflt) for __aeabi_i2d
    pow_x.o(i.__pow$lsc) refers to daddsub_clz.o(x$fpl$dsub) for __aeabi_dsub
    pow_x.o(i.__pow$lsc) refers to scalbn.o(x$fpl$scalbn) for __ARM_scalbn
    pow_x.o(i.__pow$lsc) refers to daddsub_clz.o(x$fpl$drsb) for __aeabi_drsub
    pow_x.o(i.__pow$lsc) refers to daddsub_clz.o(x$fpl$dadd) for __aeabi_dadd
    pow_x.o(i.__pow$lsc) refers to qnan.o(.constdata) for __mathlib_zero
    pow_x.o(i.__pow$lsc) refers to poly.o(i.__kernel_poly) for __kernel_poly
    pow_x.o(i.__pow$lsc) refers to drleqf.o(x$fpl$drleqf) for __aeabi_cdrcmple
    pow_x.o(i.__pow$lsc) refers to pow_x.o(.constdata) for .constdata
    pow_x.o(.constdata) refers (Special) to usenofp.o(x$fpl$usenofp) for __I$use$fp
    __rtentry.o(.ARM.Collect$$rtentry$$00000000) refers (Special) to __rtentry2.o(.ARM.Collect$$rtentry$$0000000A) for __rt_entry_li
    __rtentry.o(.ARM.Collect$$rtentry$$00000000) refers (Special) to __rtentry2.o(.ARM.Collect$$rtentry$$0000000D) for __rt_entry_main
    __rtentry.o(.ARM.Collect$$rtentry$$00000000) refers (Special) to __rtentry2.o(.ARM.Collect$$rtentry$$0000000C) for __rt_entry_postli_1
    __rtentry.o(.ARM.Collect$$rtentry$$00000000) refers (Special) to __rtentry2.o(.ARM.Collect$$rtentry$$00000009) for __rt_entry_postsh_1
    __rtentry.o(.ARM.Collect$$rtentry$$00000000) refers (Special) to __rtentry2.o(.ARM.Collect$$rtentry$$00000002) for __rt_entry_presh_1
    __rtentry.o(.ARM.Collect$$rtentry$$00000000) refers (Special) to __rtentry4.o(.ARM.Collect$$rtentry$$00000004) for __rt_entry_sh
    _rserrno.o(.text) refers to rt_errno_addr_intlibspace.o(.text) for __aeabi_errno_addr
    dnaninf.o(x$fpl$dnaninf) refers (Special) to usenofp.o(x$fpl$usenofp) for __I$use$fp
    dretinf.o(x$fpl$dretinf) refers (Special) to usenofp.o(x$fpl$usenofp) for __I$use$fp
    drleqf.o(x$fpl$drleqf) refers (Special) to usenofp.o(x$fpl$usenofp) for __I$use$fp
    drleqf.o(x$fpl$drleqf) refers to dleqf.o(x$fpl$dleqf) for __fpl_dcmple_InfNaN
    fnaninf.o(x$fpl$fnaninf) refers (Special) to usenofp.o(x$fpl$usenofp) for __I$use$fp
    fretinf.o(x$fpl$fretinf) refers (Special) to usenofp.o(x$fpl$usenofp) for __I$use$fp
    scalbn.o(x$fpl$scalbn) refers (Special) to usenofp.o(x$fpl$usenofp) for __I$use$fp
    scalbn.o(x$fpl$scalbn) refers to dcheck1.o(x$fpl$dcheck1) for __fpl_dcheck_NaN1
    dunder.o(i.__mathlib_dbl_divzero) refers to ddiv.o(x$fpl$ddiv) for __aeabi_ddiv
    dunder.o(i.__mathlib_dbl_infnan) refers to scalbn.o(x$fpl$scalbn) for __ARM_scalbn
    dunder.o(i.__mathlib_dbl_infnan2) refers to daddsub_clz.o(x$fpl$dadd) for __aeabi_dadd
    dunder.o(i.__mathlib_dbl_invalid) refers to ddiv.o(x$fpl$ddiv) for __aeabi_ddiv
    dunder.o(i.__mathlib_dbl_overflow) refers to scalbn.o(x$fpl$scalbn) for __ARM_scalbn
    dunder.o(i.__mathlib_dbl_posinfnan) refers to dmul.o(x$fpl$dmul) for __aeabi_dmul
    dunder.o(i.__mathlib_dbl_underflow) refers to scalbn.o(x$fpl$scalbn) for __ARM_scalbn
    fpclassify.o(i.__ARM_fpclassify) refers (Special) to usenofp.o(x$fpl$usenofp) for __I$use$fp
    poly.o(i.__kernel_poly) refers (Special) to usenofp.o(x$fpl$usenofp) for __I$use$fp
    poly.o(i.__kernel_poly) refers to dmul.o(x$fpl$dmul) for __aeabi_dmul
    poly.o(i.__kernel_poly) refers to daddsub_clz.o(x$fpl$dadd) for __aeabi_dadd
    qnan.o(.constdata) refers (Special) to usenofp.o(x$fpl$usenofp) for __I$use$fp
    sqrt.o(i.__softfp_sqrt) refers (Special) to usenofp.o(x$fpl$usenofp) for __I$use$fp
    sqrt.o(i.__softfp_sqrt) refers to dsqrt_noumaal.o(x$fpl$dsqrt) for _dsqrt
    sqrt.o(i.__softfp_sqrt) refers to _rserrno.o(.text) for __set_errno
    sqrt.o(i.sqrt) refers (Special) to usenofp.o(x$fpl$usenofp) for __I$use$fp
    sqrt.o(i.sqrt) refers to dsqrt_noumaal.o(x$fpl$dsqrt) for _dsqrt
    sqrt.o(i.sqrt) refers to _rserrno.o(.text) for __set_errno
    sqrt_x.o(i.____softfp_sqrt$lsc) refers (Special) to usenofp.o(x$fpl$usenofp) for __I$use$fp
    sqrt_x.o(i.____softfp_sqrt$lsc) refers to dleqf.o(x$fpl$dleqf) for __aeabi_cdcmple
    sqrt_x.o(i.____softfp_sqrt$lsc) refers to _rserrno.o(.text) for __set_errno
    sqrt_x.o(i.____softfp_sqrt$lsc) refers to dsqrt_noumaal.o(x$fpl$dsqrt) for _dsqrt
    sqrt_x.o(i.__sqrt$lsc) refers (Special) to usenofp.o(x$fpl$usenofp) for __I$use$fp
    sqrt_x.o(i.__sqrt$lsc) refers to dleqf.o(x$fpl$dleqf) for __aeabi_cdcmple
    sqrt_x.o(i.__sqrt$lsc) refers to _rserrno.o(.text) for __set_errno
    sqrt_x.o(i.__sqrt$lsc) refers to dsqrt_noumaal.o(x$fpl$dsqrt) for _dsqrt
    __rtentry2.o(.ARM.Collect$$rtentry$$00000008) refers to boardinit2.o(.text) for _platform_post_stackheap_init
    __rtentry2.o(.ARM.Collect$$rtentry$$0000000A) refers to libinit.o(.ARM.Collect$$libinit$$00000000) for __rt_lib_init
    __rtentry2.o(.ARM.Collect$$rtentry$$0000000B) refers to boardinit3.o(.text) for _platform_post_lib_init
    __rtentry2.o(.ARM.Collect$$rtentry$$0000000D) refers to main.o(i.main) for main
    __rtentry2.o(.ARM.Collect$$rtentry$$0000000D) refers to exit.o(.text) for exit
    __rtentry2.o(.ARM.exidx) refers to __rtentry2.o(.ARM.Collect$$rtentry$$00000001) for .ARM.Collect$$rtentry$$00000001
    __rtentry2.o(.ARM.exidx) refers to __rtentry2.o(.ARM.Collect$$rtentry$$00000008) for .ARM.Collect$$rtentry$$00000008
    __rtentry2.o(.ARM.exidx) refers to __rtentry2.o(.ARM.Collect$$rtentry$$0000000A) for .ARM.Collect$$rtentry$$0000000A
    __rtentry2.o(.ARM.exidx) refers to __rtentry2.o(.ARM.Collect$$rtentry$$0000000B) for .ARM.Collect$$rtentry$$0000000B
    __rtentry2.o(.ARM.exidx) refers to __rtentry2.o(.ARM.Collect$$rtentry$$0000000D) for .ARM.Collect$$rtentry$$0000000D
    __rtentry4.o(.ARM.Collect$$rtentry$$00000004) refers to sys_stackheap_outer.o(.text) for __user_setup_stackheap
    __rtentry4.o(.ARM.exidx) refers to __rtentry4.o(.ARM.Collect$$rtentry$$00000004) for .ARM.Collect$$rtentry$$00000004
    rt_errno_addr.o(.text) refers to rt_errno_addr.o(.bss) for __aeabi_errno_addr_data
    rt_errno_addr_intlibspace.o(.text) refers to libspace.o(.bss) for __libspace_start
    dcheck1.o(x$fpl$dcheck1) refers (Special) to usenofp.o(x$fpl$usenofp) for __I$use$fp
    dcheck1.o(x$fpl$dcheck1) refers to retnan.o(x$fpl$retnan) for __fpl_return_NaN
    dleqf.o(x$fpl$dleqf) refers (Special) to usenofp.o(x$fpl$usenofp) for __I$use$fp
    dleqf.o(x$fpl$dleqf) refers to dnaninf.o(x$fpl$dnaninf) for __fpl_dnaninf
    dleqf.o(x$fpl$dleqf) refers to dcmpi.o(x$fpl$dcmpinf) for __fpl_dcmp_Inf
    dsqrt_noumaal.o(x$fpl$dsqrt) refers (Special) to usenofp.o(x$fpl$usenofp) for __I$use$fp
    dsqrt_noumaal.o(x$fpl$dsqrt) refers to dnaninf.o(x$fpl$dnaninf) for __fpl_dnaninf
    libspace.o(.text) refers to libspace.o(.bss) for __libspace_start
    sys_stackheap_outer.o(.text) refers to libspace.o(.text) for __user_perproc_libspace
    sys_stackheap_outer.o(.text) refers to startup_stm32f10x_md.o(.text) for __user_initial_stackheap
    exit.o(.text) refers to rtexit.o(.ARM.Collect$$rtexit$$00000000) for __rt_exit
    libinit.o(.ARM.Collect$$libinit$$00000000) refers (Special) to libinit2.o(.ARM.Collect$$libinit$$0000002E) for __rt_lib_init_alloca_1
    libinit.o(.ARM.Collect$$libinit$$00000000) refers (Special) to libinit2.o(.ARM.Collect$$libinit$$0000002C) for __rt_lib_init_argv_1
    libinit.o(.ARM.Collect$$libinit$$00000000) refers (Special) to libinit2.o(.ARM.Collect$$libinit$$0000001B) for __rt_lib_init_atexit_1
    libinit.o(.ARM.Collect$$libinit$$00000000) refers (Special) to libinit2.o(.ARM.Collect$$libinit$$00000021) for __rt_lib_init_clock_1
    libinit.o(.ARM.Collect$$libinit$$00000000) refers (Special) to libinit2.o(.ARM.Collect$$libinit$$00000032) for __rt_lib_init_cpp_1
    libinit.o(.ARM.Collect$$libinit$$00000000) refers (Special) to libinit2.o(.ARM.Collect$$libinit$$00000030) for __rt_lib_init_exceptions_1
    libinit.o(.ARM.Collect$$libinit$$00000000) refers (Special) to libinit2.o(.ARM.Collect$$libinit$$00000002) for __rt_lib_init_fp_1
    libinit.o(.ARM.Collect$$libinit$$00000000) refers (Special) to libinit2.o(.ARM.Collect$$libinit$$0000001F) for __rt_lib_init_fp_trap_1
    libinit.o(.ARM.Collect$$libinit$$00000000) refers (Special) to libinit2.o(.ARM.Collect$$libinit$$00000023) for __rt_lib_init_getenv_1
    libinit.o(.ARM.Collect$$libinit$$00000000) refers (Special) to libinit2.o(.ARM.Collect$$libinit$$0000000A) for __rt_lib_init_heap_1
    libinit.o(.ARM.Collect$$libinit$$00000000) refers (Special) to libinit2.o(.ARM.Collect$$libinit$$00000011) for __rt_lib_init_lc_collate_1
    libinit.o(.ARM.Collect$$libinit$$00000000) refers (Special) to libinit2.o(.ARM.Collect$$libinit$$00000013) for __rt_lib_init_lc_ctype_1
    libinit.o(.ARM.Collect$$libinit$$00000000) refers (Special) to libinit2.o(.ARM.Collect$$libinit$$00000015) for __rt_lib_init_lc_monetary_1
    libinit.o(.ARM.Collect$$libinit$$00000000) refers (Special) to libinit2.o(.ARM.Collect$$libinit$$00000017) for __rt_lib_init_lc_numeric_1
    libinit.o(.ARM.Collect$$libinit$$00000000) refers (Special) to libinit2.o(.ARM.Collect$$libinit$$00000019) for __rt_lib_init_lc_time_1
    libinit.o(.ARM.Collect$$libinit$$00000000) refers (Special) to libinit2.o(.ARM.Collect$$libinit$$00000004) for __rt_lib_init_preinit_1
    libinit.o(.ARM.Collect$$libinit$$00000000) refers (Special) to libinit2.o(.ARM.Collect$$libinit$$0000000E) for __rt_lib_init_rand_1
    libinit.o(.ARM.Collect$$libinit$$00000000) refers (Special) to libinit2.o(.ARM.Collect$$libinit$$00000033) for __rt_lib_init_return
    libinit.o(.ARM.Collect$$libinit$$00000000) refers (Special) to libinit2.o(.ARM.Collect$$libinit$$0000001D) for __rt_lib_init_signal_1
    libinit.o(.ARM.Collect$$libinit$$00000000) refers (Special) to libinit2.o(.ARM.Collect$$libinit$$00000025) for __rt_lib_init_stdio_1
    libinit.o(.ARM.Collect$$libinit$$00000000) refers (Special) to libinit2.o(.ARM.Collect$$libinit$$0000000C) for __rt_lib_init_user_alloc_1
    dcmpi.o(x$fpl$dcmpinf) refers (Special) to usenofp.o(x$fpl$usenofp) for __I$use$fp
    retnan.o(x$fpl$retnan) refers (Special) to usenofp.o(x$fpl$usenofp) for __I$use$fp
    retnan.o(x$fpl$retnan) refers to trapv.o(x$fpl$trapveneer) for __fpl_cmpreturn
    rtexit.o(.ARM.Collect$$rtexit$$00000000) refers (Special) to rtexit2.o(.ARM.Collect$$rtexit$$00000004) for __rt_exit_exit
    rtexit.o(.ARM.Collect$$rtexit$$00000000) refers (Special) to rtexit2.o(.ARM.Collect$$rtexit$$00000003) for __rt_exit_ls
    rtexit.o(.ARM.Collect$$rtexit$$00000000) refers (Special) to rtexit2.o(.ARM.Collect$$rtexit$$00000002) for __rt_exit_prels_1
    rtexit.o(.ARM.exidx) refers (Special) to rtexit2.o(.ARM.Collect$$rtexit$$00000004) for __rt_exit_exit
    rtexit.o(.ARM.exidx) refers (Special) to rtexit2.o(.ARM.Collect$$rtexit$$00000003) for __rt_exit_ls
    rtexit.o(.ARM.exidx) refers (Special) to rtexit2.o(.ARM.Collect$$rtexit$$00000002) for __rt_exit_prels_1
    rtexit.o(.ARM.exidx) refers to rtexit.o(.ARM.Collect$$rtexit$$00000000) for .ARM.Collect$$rtexit$$00000000
    libinit2.o(.ARM.Collect$$libinit$$00000010) refers to libinit2.o(.ARM.Collect$$libinit$$0000000F) for .ARM.Collect$$libinit$$0000000F
    libinit2.o(.ARM.Collect$$libinit$$00000012) refers to libinit2.o(.ARM.Collect$$libinit$$0000000F) for .ARM.Collect$$libinit$$0000000F
    libinit2.o(.ARM.Collect$$libinit$$00000014) refers to libinit2.o(.ARM.Collect$$libinit$$0000000F) for .ARM.Collect$$libinit$$0000000F
    libinit2.o(.ARM.Collect$$libinit$$00000016) refers to libinit2.o(.ARM.Collect$$libinit$$0000000F) for .ARM.Collect$$libinit$$0000000F
    libinit2.o(.ARM.Collect$$libinit$$00000018) refers to libinit2.o(.ARM.Collect$$libinit$$0000000F) for .ARM.Collect$$libinit$$0000000F
    libinit2.o(.ARM.Collect$$libinit$$00000026) refers to argv_veneer.o(.emb_text) for __ARM_argv_veneer
    libinit2.o(.ARM.Collect$$libinit$$00000027) refers to argv_veneer.o(.emb_text) for __ARM_argv_veneer
    trapv.o(x$fpl$trapveneer) refers (Special) to usenofp.o(x$fpl$usenofp) for __I$use$fp
    rtexit2.o(.ARM.Collect$$rtexit$$00000003) refers to libshutdown.o(.ARM.Collect$$libshutdown$$00000000) for __rt_lib_shutdown
    rtexit2.o(.ARM.Collect$$rtexit$$00000004) refers to ml_uart.o(i._sys_exit) for _sys_exit
    rtexit2.o(.ARM.exidx) refers to rtexit2.o(.ARM.Collect$$rtexit$$00000001) for .ARM.Collect$$rtexit$$00000001
    rtexit2.o(.ARM.exidx) refers to rtexit2.o(.ARM.Collect$$rtexit$$00000003) for .ARM.Collect$$rtexit$$00000003
    rtexit2.o(.ARM.exidx) refers to rtexit2.o(.ARM.Collect$$rtexit$$00000004) for .ARM.Collect$$rtexit$$00000004
    argv_veneer.o(.emb_text) refers to no_argv.o(.text) for __ARM_get_argv
    _get_argv_nomalloc.o(.text) refers (Special) to hrguard.o(.text) for __heap_region$guard
    _get_argv_nomalloc.o(.text) refers to defsig_rtmem_outer.o(.text) for __rt_SIGRTMEM
    _get_argv_nomalloc.o(.text) refers to sys_command.o(.text) for _sys_command_string
    libshutdown.o(.ARM.Collect$$libshutdown$$00000000) refers (Special) to libshutdown2.o(.ARM.Collect$$libshutdown$$00000002) for __rt_lib_shutdown_cpp_1
    libshutdown.o(.ARM.Collect$$libshutdown$$00000000) refers (Special) to libshutdown2.o(.ARM.Collect$$libshutdown$$00000007) for __rt_lib_shutdown_fp_trap_1
    libshutdown.o(.ARM.Collect$$libshutdown$$00000000) refers (Special) to libshutdown2.o(.ARM.Collect$$libshutdown$$0000000F) for __rt_lib_shutdown_heap_1
    libshutdown.o(.ARM.Collect$$libshutdown$$00000000) refers (Special) to libshutdown2.o(.ARM.Collect$$libshutdown$$00000010) for __rt_lib_shutdown_return
    libshutdown.o(.ARM.Collect$$libshutdown$$00000000) refers (Special) to libshutdown2.o(.ARM.Collect$$libshutdown$$0000000A) for __rt_lib_shutdown_signal_1
    libshutdown.o(.ARM.Collect$$libshutdown$$00000000) refers (Special) to libshutdown2.o(.ARM.Collect$$libshutdown$$00000004) for __rt_lib_shutdown_stdio_1
    libshutdown.o(.ARM.Collect$$libshutdown$$00000000) refers (Special) to libshutdown2.o(.ARM.Collect$$libshutdown$$0000000C) for __rt_lib_shutdown_user_alloc_1
    sys_command.o(.text) refers (Special) to use_no_semi.o(.text) for __I$use$semihosting
    sys_command.o(.text) refers (Special) to indicate_semi.o(.text) for __semihosting_library_function
    defsig_rtmem_outer.o(.text) refers to defsig_rtmem_inner.o(.text) for __rt_SIGRTMEM_inner
    defsig_rtmem_outer.o(.text) refers to defsig_exit.o(.text) for __sig_exit
    defsig_rtmem_formal.o(.text) refers to rt_raise.o(.text) for __rt_raise
    rt_raise.o(.text) refers to __raise.o(.text) for __raise
    rt_raise.o(.text) refers to ml_uart.o(i._sys_exit) for _sys_exit
    defsig_exit.o(.text) refers to ml_uart.o(i._sys_exit) for _sys_exit
    defsig_rtmem_inner.o(.text) refers to defsig_general.o(.text) for __default_signal_display
    __raise.o(.text) refers to defsig.o(CL$$defsig) for __default_signal_handler
    defsig_general.o(.text) refers to sys_wrch.o(.text) for _ttywrch
    sys_wrch.o(.text) refers (Special) to use_no_semi.o(.text) for __I$use$semihosting
    sys_wrch.o(.text) refers (Special) to indicate_semi.o(.text) for __semihosting_library_function
    defsig.o(CL$$defsig) refers to defsig_rtmem_inner.o(.text) for __rt_SIGRTMEM_inner
    defsig_abrt_inner.o(.text) refers to defsig_general.o(.text) for __default_signal_display
    defsig_fpe_inner.o(.text) refers to defsig_general.o(.text) for __default_signal_display
    defsig_rtred_inner.o(.text) refers to defsig_general.o(.text) for __default_signal_display
    defsig_stak_inner.o(.text) refers to defsig_general.o(.text) for __default_signal_display
    defsig_pvfn_inner.o(.text) refers to defsig_general.o(.text) for __default_signal_display
    defsig_cppl_inner.o(.text) refers to defsig_general.o(.text) for __default_signal_display
    defsig_segv_inner.o(.text) refers to defsig_general.o(.text) for __default_signal_display
    defsig_other.o(.text) refers to defsig_general.o(.text) for __default_signal_display


==============================================================================

Removing Unused input sections from the image.

    Removing system_stm32f10x.o(i.SystemCoreClockUpdate), (164 bytes).
    Removing system_stm32f10x.o(.data), (20 bytes).
    Removing ml_gpio.o(i.gpio_get), (36 bytes).
    Removing ml_delay.o(i.delay_ms), (24 bytes).
    Removing ml_delay.o(i.delay_s), (24 bytes).
    Removing ml_delay.o(i.delay_us), (46 bytes).
    Removing ml_nvic.o(i.NVIC_Group_Config), (40 bytes).
    Removing ml_nvic.o(i.NVIC_init), (76 bytes).
    Removing ml_pwm.o(i.pwm_duty_update), (276 bytes).
    Removing ml_pwm.o(i.pwm_init), (368 bytes).
    Removing ml_pwm.o(i.pwm_pin_init), (172 bytes).
    Removing ml_tim.o(i.tim_interrupt_ms_init), (112 bytes).
    Removing ml_tim.o(.data), (12 bytes).
    Removing ml_uart.o(i.fputc), (28 bytes).
    Removing ml_uart.o(i.uart_baud_config), (160 bytes).
    Removing ml_uart.o(i.uart_getbyte), (20 bytes).
    Removing ml_uart.o(i.uart_init), (100 bytes).
    Removing ml_uart.o(i.uart_pin_init), (86 bytes).
    Removing ml_uart.o(i.uart_sendbyte), (52 bytes).
    Removing ml_uart.o(i.uart_sendstr), (26 bytes).
    Removing ml_uart.o(.data), (16 bytes).
    Removing ml_adc.o(i.adc_get), (64 bytes).
    Removing ml_adc.o(i.adc_init), (472 bytes).
    Removing ml_adc.o(i.adc_pin_init), (224 bytes).
    Removing ml_adc.o(.data), (12 bytes).
    Removing ml_exti.o(i.exti_init), (308 bytes).
    Removing ml_exti.o(i.exti_pin_init), (328 bytes).
    Removing ml_mpu6050.o(i.MPU6050_GetData), (184 bytes).
    Removing ml_mpu6050.o(i.MPU6050_Init), (52 bytes).
    Removing ml_mpu6050.o(i.MPU6050_Read), (64 bytes).
    Removing ml_mpu6050.o(i.MPU6050_Write), (46 bytes).
    Removing ml_mpu6050.o(.data), (12 bytes).
    Removing ml_i2c.o(i.I2C_Init), (44 bytes).
    Removing ml_i2c.o(i.I2C_NotSendAck), (34 bytes).
    Removing ml_i2c.o(i.I2C_ReceiveByte), (64 bytes).
    Removing ml_i2c.o(i.I2C_SendAck), (34 bytes).
    Removing ml_i2c.o(i.I2C_SendByte), (66 bytes).
    Removing ml_i2c.o(i.I2C_Start), (44 bytes).
    Removing ml_i2c.o(i.I2C_Stop), (34 bytes).
    Removing ml_i2c.o(i.I2C_WaitAck), (48 bytes).
    Removing ml_oled.o(i.OLED_DrawBMP), (116 bytes).
    Removing ml_oled.o(i.OLED_Pow), (20 bytes).
    Removing ml_oled.o(i.OLED_ShowBinNum), (62 bytes).
    Removing ml_oled.o(i.OLED_ShowChar), (116 bytes).
    Removing ml_oled.o(i.OLED_ShowFloat), (152 bytes).
    Removing ml_oled.o(i.OLED_ShowHexNum), (84 bytes).
    Removing ml_oled.o(i.OLED_ShowNum), (68 bytes).
    Removing ml_oled.o(i.OLED_ShowSignedNum), (102 bytes).
    Removing ml_oled.o(i.OLED_ShowString), (40 bytes).
    Removing ml_oled.o(.constdata), (1520 bytes).

50 unused section(s) (total 6272 bytes) removed from the image.

==============================================================================

Image Symbol Table

    Local Symbols

    Symbol Name                              Value     Ov Type        Size  Object(Section)

    ../clib/angel/boardlib.s                 0x00000000   Number         0  boardshut.o ABSOLUTE
    ../clib/angel/boardlib.s                 0x00000000   Number         0  boardinit3.o ABSOLUTE
    ../clib/angel/boardlib.s                 0x00000000   Number         0  boardinit2.o ABSOLUTE
    ../clib/angel/boardlib.s                 0x00000000   Number         0  boardinit1.o ABSOLUTE
    ../clib/angel/handlers.s                 0x00000000   Number         0  __scatter_copy.o ABSOLUTE
    ../clib/angel/handlers.s                 0x00000000   Number         0  __scatter_zi.o ABSOLUTE
    ../clib/angel/kernel.s                   0x00000000   Number         0  rtexit2.o ABSOLUTE
    ../clib/angel/kernel.s                   0x00000000   Number         0  __rtentry4.o ABSOLUTE
    ../clib/angel/kernel.s                   0x00000000   Number         0  __rtentry2.o ABSOLUTE
    ../clib/angel/kernel.s                   0x00000000   Number         0  rtexit.o ABSOLUTE
    ../clib/angel/kernel.s                   0x00000000   Number         0  __rtentry.o ABSOLUTE
    ../clib/angel/rt.s                       0x00000000   Number         0  rt_raise.o ABSOLUTE
    ../clib/angel/rt.s                       0x00000000   Number         0  rt_errno_addr.o ABSOLUTE
    ../clib/angel/rt.s                       0x00000000   Number         0  rt_errno_addr_intlibspace.o ABSOLUTE
    ../clib/angel/scatter.s                  0x00000000   Number         0  __scatter.o ABSOLUTE
    ../clib/angel/startup.s                  0x00000000   Number         0  __main.o ABSOLUTE
    ../clib/angel/sys.s                      0x00000000   Number         0  use_no_semi_2.o ABSOLUTE
    ../clib/angel/sys.s                      0x00000000   Number         0  sys_stackheap_outer.o ABSOLUTE
    ../clib/angel/sys.s                      0x00000000   Number         0  indicate_semi.o ABSOLUTE
    ../clib/angel/sys.s                      0x00000000   Number         0  use_no_semi.o ABSOLUTE
    ../clib/angel/sys.s                      0x00000000   Number         0  libspace.o ABSOLUTE
    ../clib/angel/sysapp.c                   0x00000000   Number         0  sys_wrch.o ABSOLUTE
    ../clib/angel/sysapp.c                   0x00000000   Number         0  sys_command.o ABSOLUTE
    ../clib/armsys.c                         0x00000000   Number         0  argv_veneer.o ABSOLUTE
    ../clib/armsys.c                         0x00000000   Number         0  no_argv.o ABSOLUTE
    ../clib/armsys.c                         0x00000000   Number         0  _get_argv_nomalloc.o ABSOLUTE
    ../clib/armsys.c                         0x00000000   Number         0  argv_veneer.o ABSOLUTE
    ../clib/fenv.c                           0x00000000   Number         0  _rserrno.o ABSOLUTE
    ../clib/heapalloc.c                      0x00000000   Number         0  hrguard.o ABSOLUTE
    ../clib/heapaux.c                        0x00000000   Number         0  heapauxi.o ABSOLUTE
    ../clib/libinit.s                        0x00000000   Number         0  libshutdown.o ABSOLUTE
    ../clib/libinit.s                        0x00000000   Number         0  libshutdown2.o ABSOLUTE
    ../clib/libinit.s                        0x00000000   Number         0  libinit2.o ABSOLUTE
    ../clib/libinit.s                        0x00000000   Number         0  libinit.o ABSOLUTE
    ../clib/signal.c                         0x00000000   Number         0  defsig_rtred_inner.o ABSOLUTE
    ../clib/signal.c                         0x00000000   Number         0  defsig_fpe_inner.o ABSOLUTE
    ../clib/signal.c                         0x00000000   Number         0  defsig_abrt_inner.o ABSOLUTE
    ../clib/signal.c                         0x00000000   Number         0  defsig_general.o ABSOLUTE
    ../clib/signal.c                         0x00000000   Number         0  __raise.o ABSOLUTE
    ../clib/signal.c                         0x00000000   Number         0  defsig_rtmem_inner.o ABSOLUTE
    ../clib/signal.c                         0x00000000   Number         0  defsig_exit.o ABSOLUTE
    ../clib/signal.c                         0x00000000   Number         0  defsig_rtmem_formal.o ABSOLUTE
    ../clib/signal.c                         0x00000000   Number         0  defsig_rtmem_outer.o ABSOLUTE
    ../clib/signal.c                         0x00000000   Number         0  defsig_other.o ABSOLUTE
    ../clib/signal.c                         0x00000000   Number         0  defsig_segv_inner.o ABSOLUTE
    ../clib/signal.c                         0x00000000   Number         0  defsig_cppl_inner.o ABSOLUTE
    ../clib/signal.c                         0x00000000   Number         0  defsig_stak_inner.o ABSOLUTE
    ../clib/signal.c                         0x00000000   Number         0  defsig_pvfn_inner.o ABSOLUTE
    ../clib/signal.s                         0x00000000   Number         0  defsig.o ABSOLUTE
    ../clib/stdlib.c                         0x00000000   Number         0  exit.o ABSOLUTE
    ../fplib/d2f.s                           0x00000000   Number         0  d2f.o ABSOLUTE
    ../fplib/daddsub.s                       0x00000000   Number         0  daddsub_clz.o ABSOLUTE
    ../fplib/dcheck1.s                       0x00000000   Number         0  dcheck1.o ABSOLUTE
    ../fplib/dcmpi.s                         0x00000000   Number         0  dcmpi.o ABSOLUTE
    ../fplib/ddiv.s                          0x00000000   Number         0  ddiv.o ABSOLUTE
    ../fplib/dfix.s                          0x00000000   Number         0  dfix.o ABSOLUTE
    ../fplib/dflt.s                          0x00000000   Number         0  dflt_clz.o ABSOLUTE
    ../fplib/dleqf.s                         0x00000000   Number         0  dleqf.o ABSOLUTE
    ../fplib/dmul.s                          0x00000000   Number         0  dmul.o ABSOLUTE
    ../fplib/dnaninf.s                       0x00000000   Number         0  dnaninf.o ABSOLUTE
    ../fplib/dretinf.s                       0x00000000   Number         0  dretinf.o ABSOLUTE
    ../fplib/drleqf.s                        0x00000000   Number         0  drleqf.o ABSOLUTE
    ../fplib/dsqrt.s                         0x00000000   Number         0  dsqrt_noumaal.o ABSOLUTE
    ../fplib/f2d.s                           0x00000000   Number         0  f2d.o ABSOLUTE
    ../fplib/faddsub.s                       0x00000000   Number         0  faddsub_clz.o ABSOLUTE
    ../fplib/fdiv.s                          0x00000000   Number         0  fdiv.o ABSOLUTE
    ../fplib/ffix.s                          0x00000000   Number         0  ffix.o ABSOLUTE
    ../fplib/ffixu.s                         0x00000000   Number         0  ffixu.o ABSOLUTE
    ../fplib/fflt.s                          0x00000000   Number         0  fflt_clz.o ABSOLUTE
    ../fplib/fmul.s                          0x00000000   Number         0  fmul.o ABSOLUTE
    ../fplib/fnaninf.s                       0x00000000   Number         0  fnaninf.o ABSOLUTE
    ../fplib/fpinit.s                        0x00000000   Number         0  fpinit.o ABSOLUTE
    ../fplib/fretinf.s                       0x00000000   Number         0  fretinf.o ABSOLUTE
    ../fplib/retnan.s                        0x00000000   Number         0  retnan.o ABSOLUTE
    ../fplib/scalbn.s                        0x00000000   Number         0  scalbn.o ABSOLUTE
    ../fplib/trapv.s                         0x00000000   Number         0  trapv.o ABSOLUTE
    ../fplib/usenofp.s                       0x00000000   Number         0  usenofp.o ABSOLUTE
    ../mathlib/dunder.c                      0x00000000   Number         0  dunder.o ABSOLUTE
    ../mathlib/fpclassify.c                  0x00000000   Number         0  fpclassify.o ABSOLUTE
    ../mathlib/poly.c                        0x00000000   Number         0  poly.o ABSOLUTE
    ../mathlib/pow.c                         0x00000000   Number         0  pow.o ABSOLUTE
    ../mathlib/pow.c                         0x00000000   Number         0  pow_x.o ABSOLUTE
    ../mathlib/qnan.c                        0x00000000   Number         0  qnan.o ABSOLUTE
    ../mathlib/sqrt.c                        0x00000000   Number         0  sqrt_x.o ABSOLUTE
    ../mathlib/sqrt.c                        0x00000000   Number         0  sqrt.o ABSOLUTE
    ..\ML_LIBS\ml_adc.c                      0x00000000   Number         0  ml_adc.o ABSOLUTE
    ..\ML_LIBS\ml_delay.c                    0x00000000   Number         0  ml_delay.o ABSOLUTE
    ..\ML_LIBS\ml_exti.c                     0x00000000   Number         0  ml_exti.o ABSOLUTE
    ..\ML_LIBS\ml_gpio.c                     0x00000000   Number         0  ml_gpio.o ABSOLUTE
    ..\ML_LIBS\ml_nvic.c                     0x00000000   Number         0  ml_nvic.o ABSOLUTE
    ..\ML_LIBS\ml_pwm.c                      0x00000000   Number         0  ml_pwm.o ABSOLUTE
    ..\ML_LIBS\ml_tim.c                      0x00000000   Number         0  ml_tim.o ABSOLUTE
    ..\ML_LIBS\ml_uart.c                     0x00000000   Number         0  ml_uart.o ABSOLUTE
    ..\ml_libs\ml_i2c.c                      0x00000000   Number         0  ml_i2c.o ABSOLUTE
    ..\ml_libs\ml_mpu6050.c                  0x00000000   Number         0  ml_mpu6050.o ABSOLUTE
    ..\ml_libs\ml_oled.c                     0x00000000   Number         0  ml_oled.o ABSOLUTE
    ..\sys\startup_stm32f10x_md.s            0x00000000   Number         0  startup_stm32f10x_md.o ABSOLUTE
    ..\sys\system_stm32f10x.c                0x00000000   Number         0  system_stm32f10x.o ABSOLUTE
    dc.s                                     0x00000000   Number         0  dc.o ABSOLUTE
    isr.c                                    0x00000000   Number         0  isr.o ABSOLUTE
    main.c                                   0x00000000   Number         0  main.o ABSOLUTE
    RESET                                    0x08000000   Section      236  startup_stm32f10x_md.o(RESET)
    !!!main                                  0x080000ec   Section        8  __main.o(!!!main)
    !!!scatter                               0x080000f4   Section       52  __scatter.o(!!!scatter)
    !!handler_copy                           0x08000128   Section       26  __scatter_copy.o(!!handler_copy)
    !!handler_zi                             0x08000144   Section       28  __scatter_zi.o(!!handler_zi)
    .ARM.Collect$$libinit$$00000000          0x08000160   Section        2  libinit.o(.ARM.Collect$$libinit$$00000000)
    .ARM.Collect$$libinit$$00000002          0x08000162   Section        0  libinit2.o(.ARM.Collect$$libinit$$00000002)
    .ARM.Collect$$libinit$$00000004          0x08000162   Section        0  libinit2.o(.ARM.Collect$$libinit$$00000004)
    .ARM.Collect$$libinit$$0000000A          0x08000162   Section        0  libinit2.o(.ARM.Collect$$libinit$$0000000A)
    .ARM.Collect$$libinit$$0000000C          0x08000162   Section        0  libinit2.o(.ARM.Collect$$libinit$$0000000C)
    .ARM.Collect$$libinit$$0000000E          0x08000162   Section        0  libinit2.o(.ARM.Collect$$libinit$$0000000E)
    .ARM.Collect$$libinit$$00000011          0x08000162   Section        0  libinit2.o(.ARM.Collect$$libinit$$00000011)
    .ARM.Collect$$libinit$$00000013          0x08000162   Section        0  libinit2.o(.ARM.Collect$$libinit$$00000013)
    .ARM.Collect$$libinit$$00000015          0x08000162   Section        0  libinit2.o(.ARM.Collect$$libinit$$00000015)
    .ARM.Collect$$libinit$$00000017          0x08000162   Section        0  libinit2.o(.ARM.Collect$$libinit$$00000017)
    .ARM.Collect$$libinit$$00000019          0x08000162   Section        0  libinit2.o(.ARM.Collect$$libinit$$00000019)
    .ARM.Collect$$libinit$$0000001B          0x08000162   Section        0  libinit2.o(.ARM.Collect$$libinit$$0000001B)
    .ARM.Collect$$libinit$$0000001D          0x08000162   Section        0  libinit2.o(.ARM.Collect$$libinit$$0000001D)
    .ARM.Collect$$libinit$$0000001F          0x08000162   Section        0  libinit2.o(.ARM.Collect$$libinit$$0000001F)
    .ARM.Collect$$libinit$$00000021          0x08000162   Section        0  libinit2.o(.ARM.Collect$$libinit$$00000021)
    .ARM.Collect$$libinit$$00000023          0x08000162   Section        0  libinit2.o(.ARM.Collect$$libinit$$00000023)
    .ARM.Collect$$libinit$$00000025          0x08000162   Section        0  libinit2.o(.ARM.Collect$$libinit$$00000025)
    .ARM.Collect$$libinit$$0000002C          0x08000162   Section        0  libinit2.o(.ARM.Collect$$libinit$$0000002C)
    .ARM.Collect$$libinit$$0000002E          0x08000162   Section        0  libinit2.o(.ARM.Collect$$libinit$$0000002E)
    .ARM.Collect$$libinit$$00000030          0x08000162   Section        0  libinit2.o(.ARM.Collect$$libinit$$00000030)
    .ARM.Collect$$libinit$$00000032          0x08000162   Section        0  libinit2.o(.ARM.Collect$$libinit$$00000032)
    .ARM.Collect$$libinit$$00000033          0x08000162   Section        2  libinit2.o(.ARM.Collect$$libinit$$00000033)
    .ARM.Collect$$libshutdown$$00000000      0x08000164   Section        2  libshutdown.o(.ARM.Collect$$libshutdown$$00000000)
    .ARM.Collect$$libshutdown$$00000002      0x08000166   Section        0  libshutdown2.o(.ARM.Collect$$libshutdown$$00000002)
    .ARM.Collect$$libshutdown$$00000004      0x08000166   Section        0  libshutdown2.o(.ARM.Collect$$libshutdown$$00000004)
    .ARM.Collect$$libshutdown$$00000007      0x08000166   Section        0  libshutdown2.o(.ARM.Collect$$libshutdown$$00000007)
    .ARM.Collect$$libshutdown$$0000000A      0x08000166   Section        0  libshutdown2.o(.ARM.Collect$$libshutdown$$0000000A)
    .ARM.Collect$$libshutdown$$0000000C      0x08000166   Section        0  libshutdown2.o(.ARM.Collect$$libshutdown$$0000000C)
    .ARM.Collect$$libshutdown$$0000000F      0x08000166   Section        0  libshutdown2.o(.ARM.Collect$$libshutdown$$0000000F)
    .ARM.Collect$$libshutdown$$00000010      0x08000166   Section        2  libshutdown2.o(.ARM.Collect$$libshutdown$$00000010)
    .ARM.Collect$$rtentry$$00000000          0x08000168   Section        0  __rtentry.o(.ARM.Collect$$rtentry$$00000000)
    .ARM.Collect$$rtentry$$00000002          0x08000168   Section        0  __rtentry2.o(.ARM.Collect$$rtentry$$00000002)
    .ARM.Collect$$rtentry$$00000004          0x08000168   Section        6  __rtentry4.o(.ARM.Collect$$rtentry$$00000004)
    .ARM.Collect$$rtentry$$00000009          0x0800016e   Section        0  __rtentry2.o(.ARM.Collect$$rtentry$$00000009)
    .ARM.Collect$$rtentry$$0000000A          0x0800016e   Section        4  __rtentry2.o(.ARM.Collect$$rtentry$$0000000A)
    .ARM.Collect$$rtentry$$0000000C          0x08000172   Section        0  __rtentry2.o(.ARM.Collect$$rtentry$$0000000C)
    .ARM.Collect$$rtentry$$0000000D          0x08000172   Section        8  __rtentry2.o(.ARM.Collect$$rtentry$$0000000D)
    .ARM.Collect$$rtexit$$00000000           0x0800017a   Section        2  rtexit.o(.ARM.Collect$$rtexit$$00000000)
    .ARM.Collect$$rtexit$$00000002           0x0800017c   Section        0  rtexit2.o(.ARM.Collect$$rtexit$$00000002)
    .ARM.Collect$$rtexit$$00000003           0x0800017c   Section        4  rtexit2.o(.ARM.Collect$$rtexit$$00000003)
    .ARM.Collect$$rtexit$$00000004           0x08000180   Section        6  rtexit2.o(.ARM.Collect$$rtexit$$00000004)
    .text                                    0x08000188   Section       64  startup_stm32f10x_md.o(.text)
    .text                                    0x080001c8   Section        2  use_no_semi_2.o(.text)
    .text                                    0x080001ca   Section        0  heapauxi.o(.text)
    .text                                    0x080001d0   Section        2  use_no_semi.o(.text)
    .text                                    0x080001d4   Section        8  libspace.o(.text)
    .text                                    0x080001dc   Section       74  sys_stackheap_outer.o(.text)
    .text                                    0x08000226   Section        0  exit.o(.text)
    i.EXTI0_IRQHandler                       0x08000238   Section        0  isr.o(i.EXTI0_IRQHandler)
    i.EXTI1_IRQHandler                       0x08000250   Section        0  isr.o(i.EXTI1_IRQHandler)
    i.EXTI2_IRQHandler                       0x08000268   Section        0  isr.o(i.EXTI2_IRQHandler)
    i.EXTI3_IRQHandler                       0x08000280   Section        0  isr.o(i.EXTI3_IRQHandler)
    i.EXTI4_IRQHandler                       0x08000298   Section        0  isr.o(i.EXTI4_IRQHandler)
    i.EXTI9_5_IRQHandler                     0x080002b0   Section        0  isr.o(i.EXTI9_5_IRQHandler)
    i.OLED_Clear                             0x0800030c   Section        0  ml_oled.o(i.OLED_Clear)
    i.OLED_I2C_Init                          0x08000336   Section        0  ml_oled.o(i.OLED_I2C_Init)
    i.OLED_I2C_SendByte                      0x08000362   Section        0  ml_oled.o(i.OLED_I2C_SendByte)
    i.OLED_I2C_Start                         0x080003ac   Section        0  ml_oled.o(i.OLED_I2C_Start)
    i.OLED_I2C_Stop                          0x080003d8   Section        0  ml_oled.o(i.OLED_I2C_Stop)
    i.OLED_Init                              0x080003fa   Section        0  ml_oled.o(i.OLED_Init)
    i.OLED_SetCursor                         0x080004a8   Section        0  ml_oled.o(i.OLED_SetCursor)
    i.OLED_WriteCommand                      0x080004ca   Section        0  ml_oled.o(i.OLED_WriteCommand)
    i.OLED_WriteData                         0x080004ea   Section        0  ml_oled.o(i.OLED_WriteData)
    i.SetSysClock                            0x0800050a   Section        0  system_stm32f10x.o(i.SetSysClock)
    SetSysClock                              0x0800050b   Thumb Code     8  system_stm32f10x.o(i.SetSysClock)
    i.SetSysClockTo72                        0x08000514   Section        0  system_stm32f10x.o(i.SetSysClockTo72)
    SetSysClockTo72                          0x08000515   Thumb Code   214  system_stm32f10x.o(i.SetSysClockTo72)
    i.SystemInit                             0x080005f4   Section        0  system_stm32f10x.o(i.SystemInit)
    i.TIM2_IRQHandler                        0x08000654   Section        0  isr.o(i.TIM2_IRQHandler)
    i.TIM3_IRQHandler                        0x08000674   Section        0  isr.o(i.TIM3_IRQHandler)
    i.TIM4_IRQHandler                        0x08000690   Section        0  isr.o(i.TIM4_IRQHandler)
    i.USART1_IRQHandler                      0x080006ac   Section        0  isr.o(i.USART1_IRQHandler)
    i.USART2_IRQHandler                      0x080006c8   Section        0  isr.o(i.USART2_IRQHandler)
    i.USART3_IRQHandler                      0x080006e4   Section        0  isr.o(i.USART3_IRQHandler)
    i._sys_exit                              0x08000700   Section        0  ml_uart.o(i._sys_exit)
    i.gpio_init                              0x08000704   Section        0  ml_gpio.o(i.gpio_init)
    i.gpio_set                               0x080008a8   Section        0  ml_gpio.o(i.gpio_set)
    i.main                                   0x080008e8   Section        0  main.o(i.main)
    .data                                    0x20000000   Section       12  ml_gpio.o(.data)
    .bss                                     0x2000000c   Section       96  libspace.o(.bss)
    HEAP                                     0x20000070   Section      512  startup_stm32f10x_md.o(HEAP)
    Heap_Mem                                 0x20000070   Data         512  startup_stm32f10x_md.o(HEAP)
    STACK                                    0x20000270   Section     1024  startup_stm32f10x_md.o(STACK)
    Stack_Mem                                0x20000270   Data        1024  startup_stm32f10x_md.o(STACK)
    __initial_sp                             0x20000670   Data           0  startup_stm32f10x_md.o(STACK)

    Global Symbols

    Symbol Name                              Value     Ov Type        Size  Object(Section)

    BuildAttributes$$THM_ISAv4$P$D$K$B$S$PE$A:L22UL41UL21$X:L11$S22US41US21$IEEE1$IW$USESV6$~STKCKD$USESV7$~SHL$OTIME$ROPI$IEEEX$EBA8$UX$STANDARDLIB$REQ8$PRES8$EABIv2 0x00000000   Number         0  anon$$obj.o ABSOLUTE
    __ARM_use_no_argv                        0x00000000   Number         0  main.o ABSOLUTE
    __ARM_exceptions_init                     - Undefined Weak Reference
    __alloca_initialize                       - Undefined Weak Reference
    __arm_preinit_                            - Undefined Weak Reference
    __cpp_initialize__aeabi_                  - Undefined Weak Reference
    __cxa_finalize                            - Undefined Weak Reference
    __rt_locale                               - Undefined Weak Reference
    __sigvec_lookup                           - Undefined Weak Reference
    _atexit_init                              - Undefined Weak Reference
    _call_atexit_fns                          - Undefined Weak Reference
    _clock_init                               - Undefined Weak Reference
    _fp_trap_init                             - Undefined Weak Reference
    _fp_trap_shutdown                         - Undefined Weak Reference
    _get_lc_collate                           - Undefined Weak Reference
    _get_lc_ctype                             - Undefined Weak Reference
    _get_lc_monetary                          - Undefined Weak Reference
    _get_lc_numeric                           - Undefined Weak Reference
    _get_lc_time                              - Undefined Weak Reference
    _getenv_init                              - Undefined Weak Reference
    _handle_redirection                       - Undefined Weak Reference
    _init_alloc                               - Undefined Weak Reference
    _init_user_alloc                          - Undefined Weak Reference
    _initio                                   - Undefined Weak Reference
    _rand_init                                - Undefined Weak Reference
    _signal_finish                            - Undefined Weak Reference
    _signal_init                              - Undefined Weak Reference
    _terminate_alloc                          - Undefined Weak Reference
    _terminate_user_alloc                     - Undefined Weak Reference
    _terminateio                              - Undefined Weak Reference
    __Vectors_Size                           0x000000ec   Number         0  startup_stm32f10x_md.o ABSOLUTE
    __Vectors                                0x08000000   Data           4  startup_stm32f10x_md.o(RESET)
    __Vectors_End                            0x080000ec   Data           0  startup_stm32f10x_md.o(RESET)
    __main                                   0x080000ed   Thumb Code     8  __main.o(!!!main)
    __scatterload                            0x080000f5   Thumb Code     0  __scatter.o(!!!scatter)
    __scatterload_rt2                        0x080000f5   Thumb Code    44  __scatter.o(!!!scatter)
    __scatterload_rt2_thumb_only             0x080000f5   Thumb Code     0  __scatter.o(!!!scatter)
    __scatterload_null                       0x08000103   Thumb Code     0  __scatter.o(!!!scatter)
    __scatterload_copy                       0x08000129   Thumb Code    26  __scatter_copy.o(!!handler_copy)
    __scatterload_zeroinit                   0x08000145   Thumb Code    28  __scatter_zi.o(!!handler_zi)
    __rt_lib_init                            0x08000161   Thumb Code     0  libinit.o(.ARM.Collect$$libinit$$00000000)
    __rt_lib_init_alloca_1                   0x08000163   Thumb Code     0  libinit2.o(.ARM.Collect$$libinit$$0000002E)
    __rt_lib_init_argv_1                     0x08000163   Thumb Code     0  libinit2.o(.ARM.Collect$$libinit$$0000002C)
    __rt_lib_init_atexit_1                   0x08000163   Thumb Code     0  libinit2.o(.ARM.Collect$$libinit$$0000001B)
    __rt_lib_init_clock_1                    0x08000163   Thumb Code     0  libinit2.o(.ARM.Collect$$libinit$$00000021)
    __rt_lib_init_cpp_1                      0x08000163   Thumb Code     0  libinit2.o(.ARM.Collect$$libinit$$00000032)
    __rt_lib_init_exceptions_1               0x08000163   Thumb Code     0  libinit2.o(.ARM.Collect$$libinit$$00000030)
    __rt_lib_init_fp_1                       0x08000163   Thumb Code     0  libinit2.o(.ARM.Collect$$libinit$$00000002)
    __rt_lib_init_fp_trap_1                  0x08000163   Thumb Code     0  libinit2.o(.ARM.Collect$$libinit$$0000001F)
    __rt_lib_init_getenv_1                   0x08000163   Thumb Code     0  libinit2.o(.ARM.Collect$$libinit$$00000023)
    __rt_lib_init_heap_1                     0x08000163   Thumb Code     0  libinit2.o(.ARM.Collect$$libinit$$0000000A)
    __rt_lib_init_lc_collate_1               0x08000163   Thumb Code     0  libinit2.o(.ARM.Collect$$libinit$$00000011)
    __rt_lib_init_lc_ctype_1                 0x08000163   Thumb Code     0  libinit2.o(.ARM.Collect$$libinit$$00000013)
    __rt_lib_init_lc_monetary_1              0x08000163   Thumb Code     0  libinit2.o(.ARM.Collect$$libinit$$00000015)
    __rt_lib_init_lc_numeric_1               0x08000163   Thumb Code     0  libinit2.o(.ARM.Collect$$libinit$$00000017)
    __rt_lib_init_lc_time_1                  0x08000163   Thumb Code     0  libinit2.o(.ARM.Collect$$libinit$$00000019)
    __rt_lib_init_preinit_1                  0x08000163   Thumb Code     0  libinit2.o(.ARM.Collect$$libinit$$00000004)
    __rt_lib_init_rand_1                     0x08000163   Thumb Code     0  libinit2.o(.ARM.Collect$$libinit$$0000000E)
    __rt_lib_init_return                     0x08000163   Thumb Code     0  libinit2.o(.ARM.Collect$$libinit$$00000033)
    __rt_lib_init_signal_1                   0x08000163   Thumb Code     0  libinit2.o(.ARM.Collect$$libinit$$0000001D)
    __rt_lib_init_stdio_1                    0x08000163   Thumb Code     0  libinit2.o(.ARM.Collect$$libinit$$00000025)
    __rt_lib_init_user_alloc_1               0x08000163   Thumb Code     0  libinit2.o(.ARM.Collect$$libinit$$0000000C)
    __rt_lib_shutdown                        0x08000165   Thumb Code     0  libshutdown.o(.ARM.Collect$$libshutdown$$00000000)
    __rt_lib_shutdown_cpp_1                  0x08000167   Thumb Code     0  libshutdown2.o(.ARM.Collect$$libshutdown$$00000002)
    __rt_lib_shutdown_fp_trap_1              0x08000167   Thumb Code     0  libshutdown2.o(.ARM.Collect$$libshutdown$$00000007)
    __rt_lib_shutdown_heap_1                 0x08000167   Thumb Code     0  libshutdown2.o(.ARM.Collect$$libshutdown$$0000000F)
    __rt_lib_shutdown_return                 0x08000167   Thumb Code     0  libshutdown2.o(.ARM.Collect$$libshutdown$$00000010)
    __rt_lib_shutdown_signal_1               0x08000167   Thumb Code     0  libshutdown2.o(.ARM.Collect$$libshutdown$$0000000A)
    __rt_lib_shutdown_stdio_1                0x08000167   Thumb Code     0  libshutdown2.o(.ARM.Collect$$libshutdown$$00000004)
    __rt_lib_shutdown_user_alloc_1           0x08000167   Thumb Code     0  libshutdown2.o(.ARM.Collect$$libshutdown$$0000000C)
    __rt_entry                               0x08000169   Thumb Code     0  __rtentry.o(.ARM.Collect$$rtentry$$00000000)
    __rt_entry_presh_1                       0x08000169   Thumb Code     0  __rtentry2.o(.ARM.Collect$$rtentry$$00000002)
    __rt_entry_sh                            0x08000169   Thumb Code     0  __rtentry4.o(.ARM.Collect$$rtentry$$00000004)
    __rt_entry_li                            0x0800016f   Thumb Code     0  __rtentry2.o(.ARM.Collect$$rtentry$$0000000A)
    __rt_entry_postsh_1                      0x0800016f   Thumb Code     0  __rtentry2.o(.ARM.Collect$$rtentry$$00000009)
    __rt_entry_main                          0x08000173   Thumb Code     0  __rtentry2.o(.ARM.Collect$$rtentry$$0000000D)
    __rt_entry_postli_1                      0x08000173   Thumb Code     0  __rtentry2.o(.ARM.Collect$$rtentry$$0000000C)
    __rt_exit                                0x0800017b   Thumb Code     0  rtexit.o(.ARM.Collect$$rtexit$$00000000)
    __rt_exit_ls                             0x0800017d   Thumb Code     0  rtexit2.o(.ARM.Collect$$rtexit$$00000003)
    __rt_exit_prels_1                        0x0800017d   Thumb Code     0  rtexit2.o(.ARM.Collect$$rtexit$$00000002)
    __rt_exit_exit                           0x08000181   Thumb Code     0  rtexit2.o(.ARM.Collect$$rtexit$$00000004)
    Reset_Handler                            0x08000189   Thumb Code     8  startup_stm32f10x_md.o(.text)
    NMI_Handler                              0x08000191   Thumb Code     2  startup_stm32f10x_md.o(.text)
    HardFault_Handler                        0x08000193   Thumb Code     2  startup_stm32f10x_md.o(.text)
    MemManage_Handler                        0x08000195   Thumb Code     2  startup_stm32f10x_md.o(.text)
    BusFault_Handler                         0x08000197   Thumb Code     2  startup_stm32f10x_md.o(.text)
    UsageFault_Handler                       0x08000199   Thumb Code     2  startup_stm32f10x_md.o(.text)
    SVC_Handler                              0x0800019b   Thumb Code     2  startup_stm32f10x_md.o(.text)
    DebugMon_Handler                         0x0800019d   Thumb Code     2  startup_stm32f10x_md.o(.text)
    PendSV_Handler                           0x0800019f   Thumb Code     2  startup_stm32f10x_md.o(.text)
    SysTick_Handler                          0x080001a1   Thumb Code     2  startup_stm32f10x_md.o(.text)
    ADC1_2_IRQHandler                        0x080001a3   Thumb Code     0  startup_stm32f10x_md.o(.text)
    CAN1_RX1_IRQHandler                      0x080001a3   Thumb Code     0  startup_stm32f10x_md.o(.text)
    CAN1_SCE_IRQHandler                      0x080001a3   Thumb Code     0  startup_stm32f10x_md.o(.text)
    DMA1_Channel1_IRQHandler                 0x080001a3   Thumb Code     0  startup_stm32f10x_md.o(.text)
    DMA1_Channel2_IRQHandler                 0x080001a3   Thumb Code     0  startup_stm32f10x_md.o(.text)
    DMA1_Channel3_IRQHandler                 0x080001a3   Thumb Code     0  startup_stm32f10x_md.o(.text)
    DMA1_Channel4_IRQHandler                 0x080001a3   Thumb Code     0  startup_stm32f10x_md.o(.text)
    DMA1_Channel5_IRQHandler                 0x080001a3   Thumb Code     0  startup_stm32f10x_md.o(.text)
    DMA1_Channel6_IRQHandler                 0x080001a3   Thumb Code     0  startup_stm32f10x_md.o(.text)
    DMA1_Channel7_IRQHandler                 0x080001a3   Thumb Code     0  startup_stm32f10x_md.o(.text)
    EXTI15_10_IRQHandler                     0x080001a3   Thumb Code     0  startup_stm32f10x_md.o(.text)
    FLASH_IRQHandler                         0x080001a3   Thumb Code     0  startup_stm32f10x_md.o(.text)
    I2C1_ER_IRQHandler                       0x080001a3   Thumb Code     0  startup_stm32f10x_md.o(.text)
    I2C1_EV_IRQHandler                       0x080001a3   Thumb Code     0  startup_stm32f10x_md.o(.text)
    I2C2_ER_IRQHandler                       0x080001a3   Thumb Code     0  startup_stm32f10x_md.o(.text)
    I2C2_EV_IRQHandler                       0x080001a3   Thumb Code     0  startup_stm32f10x_md.o(.text)
    PVD_IRQHandler                           0x080001a3   Thumb Code     0  startup_stm32f10x_md.o(.text)
    RCC_IRQHandler                           0x080001a3   Thumb Code     0  startup_stm32f10x_md.o(.text)
    RTCAlarm_IRQHandler                      0x080001a3   Thumb Code     0  startup_stm32f10x_md.o(.text)
    RTC_IRQHandler                           0x080001a3   Thumb Code     0  startup_stm32f10x_md.o(.text)
    SPI1_IRQHandler                          0x080001a3   Thumb Code     0  startup_stm32f10x_md.o(.text)
    SPI2_IRQHandler                          0x080001a3   Thumb Code     0  startup_stm32f10x_md.o(.text)
    TAMPER_IRQHandler                        0x080001a3   Thumb Code     0  startup_stm32f10x_md.o(.text)
    TIM1_BRK_IRQHandler                      0x080001a3   Thumb Code     0  startup_stm32f10x_md.o(.text)
    TIM1_CC_IRQHandler                       0x080001a3   Thumb Code     0  startup_stm32f10x_md.o(.text)
    TIM1_TRG_COM_IRQHandler                  0x080001a3   Thumb Code     0  startup_stm32f10x_md.o(.text)
    TIM1_UP_IRQHandler                       0x080001a3   Thumb Code     0  startup_stm32f10x_md.o(.text)
    USBWakeUp_IRQHandler                     0x080001a3   Thumb Code     0  startup_stm32f10x_md.o(.text)
    USB_HP_CAN1_TX_IRQHandler                0x080001a3   Thumb Code     0  startup_stm32f10x_md.o(.text)
    USB_LP_CAN1_RX0_IRQHandler               0x080001a3   Thumb Code     0  startup_stm32f10x_md.o(.text)
    WWDG_IRQHandler                          0x080001a3   Thumb Code     0  startup_stm32f10x_md.o(.text)
    __user_initial_stackheap                 0x080001a5   Thumb Code     0  startup_stm32f10x_md.o(.text)
    __use_no_semihosting                     0x080001c9   Thumb Code     2  use_no_semi_2.o(.text)
    __use_two_region_memory                  0x080001cb   Thumb Code     2  heapauxi.o(.text)
    __rt_heap_escrow$2region                 0x080001cd   Thumb Code     2  heapauxi.o(.text)
    __rt_heap_expand$2region                 0x080001cf   Thumb Code     2  heapauxi.o(.text)
    __I$use$semihosting                      0x080001d1   Thumb Code     0  use_no_semi.o(.text)
    __use_no_semihosting_swi                 0x080001d1   Thumb Code     2  use_no_semi.o(.text)
    __user_libspace                          0x080001d5   Thumb Code     8  libspace.o(.text)
    __user_perproc_libspace                  0x080001d5   Thumb Code     0  libspace.o(.text)
    __user_perthread_libspace                0x080001d5   Thumb Code     0  libspace.o(.text)
    __user_setup_stackheap                   0x080001dd   Thumb Code    74  sys_stackheap_outer.o(.text)
    exit                                     0x08000227   Thumb Code    18  exit.o(.text)
    EXTI0_IRQHandler                         0x08000239   Thumb Code    18  isr.o(i.EXTI0_IRQHandler)
    EXTI1_IRQHandler                         0x08000251   Thumb Code    18  isr.o(i.EXTI1_IRQHandler)
    EXTI2_IRQHandler                         0x08000269   Thumb Code    18  isr.o(i.EXTI2_IRQHandler)
    EXTI3_IRQHandler                         0x08000281   Thumb Code    18  isr.o(i.EXTI3_IRQHandler)
    EXTI4_IRQHandler                         0x08000299   Thumb Code    18  isr.o(i.EXTI4_IRQHandler)
    EXTI9_5_IRQHandler                       0x080002b1   Thumb Code    86  isr.o(i.EXTI9_5_IRQHandler)
    OLED_Clear                               0x0800030d   Thumb Code    42  ml_oled.o(i.OLED_Clear)
    OLED_I2C_Init                            0x08000337   Thumb Code    44  ml_oled.o(i.OLED_I2C_Init)
    OLED_I2C_SendByte                        0x08000363   Thumb Code    74  ml_oled.o(i.OLED_I2C_SendByte)
    OLED_I2C_Start                           0x080003ad   Thumb Code    44  ml_oled.o(i.OLED_I2C_Start)
    OLED_I2C_Stop                            0x080003d9   Thumb Code    34  ml_oled.o(i.OLED_I2C_Stop)
    OLED_Init                                0x080003fb   Thumb Code   174  ml_oled.o(i.OLED_Init)
    OLED_SetCursor                           0x080004a9   Thumb Code    34  ml_oled.o(i.OLED_SetCursor)
    OLED_WriteCommand                        0x080004cb   Thumb Code    32  ml_oled.o(i.OLED_WriteCommand)
    OLED_WriteData                           0x080004eb   Thumb Code    32  ml_oled.o(i.OLED_WriteData)
    SystemInit                               0x080005f5   Thumb Code    78  system_stm32f10x.o(i.SystemInit)
    TIM2_IRQHandler                          0x08000655   Thumb Code    30  isr.o(i.TIM2_IRQHandler)
    TIM3_IRQHandler                          0x08000675   Thumb Code    24  isr.o(i.TIM3_IRQHandler)
    TIM4_IRQHandler                          0x08000691   Thumb Code    24  isr.o(i.TIM4_IRQHandler)
    USART1_IRQHandler                        0x080006ad   Thumb Code    24  isr.o(i.USART1_IRQHandler)
    USART2_IRQHandler                        0x080006c9   Thumb Code    24  isr.o(i.USART2_IRQHandler)
    USART3_IRQHandler                        0x080006e5   Thumb Code    24  isr.o(i.USART3_IRQHandler)
    _sys_exit                                0x08000701   Thumb Code     4  ml_uart.o(i._sys_exit)
    gpio_init                                0x08000705   Thumb Code   408  ml_gpio.o(i.gpio_init)
    gpio_set                                 0x080008a9   Thumb Code    60  ml_gpio.o(i.gpio_set)
    main                                     0x080008e9   Thumb Code     8  main.o(i.main)
    Region$$Table$$Base                      0x080008f0   Number         0  anon$$obj.o(Region$$Table)
    Region$$Table$$Limit                     0x08000910   Number         0  anon$$obj.o(Region$$Table)
    gpio_index                               0x20000000   Data          12  ml_gpio.o(.data)
    __libspace_start                         0x2000000c   Data          96  libspace.o(.bss)
    __temporary_stack_top$libspace           0x2000006c   Data           0  libspace.o(.bss)



==============================================================================

Memory Map of the image

  Image Entry point : 0x080000ed

  Load Region LR_IROM1 (Base: 0x08000000, Size: 0x0000091c, Max: 0x00010000, ABSOLUTE)

    Execution Region ER_IROM1 (Exec base: 0x08000000, Load base: 0x08000000, Size: 0x00000910, Max: 0x00010000, ABSOLUTE)

    Exec Addr    Load Addr    Size         Type   Attr      Idx    E Section Name        Object

    0x08000000   0x08000000   0x000000ec   Data   RO          203    RESET               startup_stm32f10x_md.o
    0x080000ec   0x080000ec   0x00000008   Code   RO          727  * !!!main             c_w.l(__main.o)
    0x080000f4   0x080000f4   0x00000034   Code   RO         1003    !!!scatter          c_w.l(__scatter.o)
    0x08000128   0x08000128   0x0000001a   Code   RO         1005    !!handler_copy      c_w.l(__scatter_copy.o)
    0x08000142   0x08000142   0x00000002   PAD
    0x08000144   0x08000144   0x0000001c   Code   RO         1007    !!handler_zi        c_w.l(__scatter_zi.o)
    0x08000160   0x08000160   0x00000002   Code   RO          874    .ARM.Collect$$libinit$$00000000  c_w.l(libinit.o)
    0x08000162   0x08000162   0x00000000   Code   RO          882    .ARM.Collect$$libinit$$00000002  c_w.l(libinit2.o)
    0x08000162   0x08000162   0x00000000   Code   RO          884    .ARM.Collect$$libinit$$00000004  c_w.l(libinit2.o)
    0x08000162   0x08000162   0x00000000   Code   RO          887    .ARM.Collect$$libinit$$0000000A  c_w.l(libinit2.o)
    0x08000162   0x08000162   0x00000000   Code   RO          889    .ARM.Collect$$libinit$$0000000C  c_w.l(libinit2.o)
    0x08000162   0x08000162   0x00000000   Code   RO          891    .ARM.Collect$$libinit$$0000000E  c_w.l(libinit2.o)
    0x08000162   0x08000162   0x00000000   Code   RO          894    .ARM.Collect$$libinit$$00000011  c_w.l(libinit2.o)
    0x08000162   0x08000162   0x00000000   Code   RO          896    .ARM.Collect$$libinit$$00000013  c_w.l(libinit2.o)
    0x08000162   0x08000162   0x00000000   Code   RO          898    .ARM.Collect$$libinit$$00000015  c_w.l(libinit2.o)
    0x08000162   0x08000162   0x00000000   Code   RO          900    .ARM.Collect$$libinit$$00000017  c_w.l(libinit2.o)
    0x08000162   0x08000162   0x00000000   Code   RO          902    .ARM.Collect$$libinit$$00000019  c_w.l(libinit2.o)
    0x08000162   0x08000162   0x00000000   Code   RO          904    .ARM.Collect$$libinit$$0000001B  c_w.l(libinit2.o)
    0x08000162   0x08000162   0x00000000   Code   RO          906    .ARM.Collect$$libinit$$0000001D  c_w.l(libinit2.o)
    0x08000162   0x08000162   0x00000000   Code   RO          908    .ARM.Collect$$libinit$$0000001F  c_w.l(libinit2.o)
    0x08000162   0x08000162   0x00000000   Code   RO          910    .ARM.Collect$$libinit$$00000021  c_w.l(libinit2.o)
    0x08000162   0x08000162   0x00000000   Code   RO          912    .ARM.Collect$$libinit$$00000023  c_w.l(libinit2.o)
    0x08000162   0x08000162   0x00000000   Code   RO          914    .ARM.Collect$$libinit$$00000025  c_w.l(libinit2.o)
    0x08000162   0x08000162   0x00000000   Code   RO          918    .ARM.Collect$$libinit$$0000002C  c_w.l(libinit2.o)
    0x08000162   0x08000162   0x00000000   Code   RO          920    .ARM.Collect$$libinit$$0000002E  c_w.l(libinit2.o)
    0x08000162   0x08000162   0x00000000   Code   RO          922    .ARM.Collect$$libinit$$00000030  c_w.l(libinit2.o)
    0x08000162   0x08000162   0x00000000   Code   RO          924    .ARM.Collect$$libinit$$00000032  c_w.l(libinit2.o)
    0x08000162   0x08000162   0x00000002   Code   RO          925    .ARM.Collect$$libinit$$00000033  c_w.l(libinit2.o)
    0x08000164   0x08000164   0x00000002   Code   RO          945    .ARM.Collect$$libshutdown$$00000000  c_w.l(libshutdown.o)
    0x08000166   0x08000166   0x00000000   Code   RO          955    .ARM.Collect$$libshutdown$$00000002  c_w.l(libshutdown2.o)
    0x08000166   0x08000166   0x00000000   Code   RO          957    .ARM.Collect$$libshutdown$$00000004  c_w.l(libshutdown2.o)
    0x08000166   0x08000166   0x00000000   Code   RO          960    .ARM.Collect$$libshutdown$$00000007  c_w.l(libshutdown2.o)
    0x08000166   0x08000166   0x00000000   Code   RO          963    .ARM.Collect$$libshutdown$$0000000A  c_w.l(libshutdown2.o)
    0x08000166   0x08000166   0x00000000   Code   RO          965    .ARM.Collect$$libshutdown$$0000000C  c_w.l(libshutdown2.o)
    0x08000166   0x08000166   0x00000000   Code   RO          968    .ARM.Collect$$libshutdown$$0000000F  c_w.l(libshutdown2.o)
    0x08000166   0x08000166   0x00000002   Code   RO          969    .ARM.Collect$$libshutdown$$00000010  c_w.l(libshutdown2.o)
    0x08000168   0x08000168   0x00000000   Code   RO          793    .ARM.Collect$$rtentry$$00000000  c_w.l(__rtentry.o)
    0x08000168   0x08000168   0x00000000   Code   RO          837    .ARM.Collect$$rtentry$$00000002  c_w.l(__rtentry2.o)
    0x08000168   0x08000168   0x00000006   Code   RO          849    .ARM.Collect$$rtentry$$00000004  c_w.l(__rtentry4.o)
    0x0800016e   0x0800016e   0x00000000   Code   RO          839    .ARM.Collect$$rtentry$$00000009  c_w.l(__rtentry2.o)
    0x0800016e   0x0800016e   0x00000004   Code   RO          840    .ARM.Collect$$rtentry$$0000000A  c_w.l(__rtentry2.o)
    0x08000172   0x08000172   0x00000000   Code   RO          842    .ARM.Collect$$rtentry$$0000000C  c_w.l(__rtentry2.o)
    0x08000172   0x08000172   0x00000008   Code   RO          843    .ARM.Collect$$rtentry$$0000000D  c_w.l(__rtentry2.o)
    0x0800017a   0x0800017a   0x00000002   Code   RO          879    .ARM.Collect$$rtexit$$00000000  c_w.l(rtexit.o)
    0x0800017c   0x0800017c   0x00000000   Code   RO          929    .ARM.Collect$$rtexit$$00000002  c_w.l(rtexit2.o)
    0x0800017c   0x0800017c   0x00000004   Code   RO          930    .ARM.Collect$$rtexit$$00000003  c_w.l(rtexit2.o)
    0x08000180   0x08000180   0x00000006   Code   RO          931    .ARM.Collect$$rtexit$$00000004  c_w.l(rtexit2.o)
    0x08000186   0x08000186   0x00000002   PAD
    0x08000188   0x08000188   0x00000040   Code   RO          204    .text               startup_stm32f10x_md.o
    0x080001c8   0x080001c8   0x00000002   Code   RO          723    .text               c_w.l(use_no_semi_2.o)
    0x080001ca   0x080001ca   0x00000006   Code   RO          725    .text               c_w.l(heapauxi.o)
    0x080001d0   0x080001d0   0x00000002   Code   RO          791    .text               c_w.l(use_no_semi.o)
    0x080001d2   0x080001d2   0x00000002   PAD
    0x080001d4   0x080001d4   0x00000008   Code   RO          862    .text               c_w.l(libspace.o)
    0x080001dc   0x080001dc   0x0000004a   Code   RO          865    .text               c_w.l(sys_stackheap_outer.o)
    0x08000226   0x08000226   0x00000012   Code   RO          867    .text               c_w.l(exit.o)
    0x08000238   0x08000238   0x00000018   Code   RO           78    i.EXTI0_IRQHandler  isr.o
    0x08000250   0x08000250   0x00000018   Code   RO           79    i.EXTI1_IRQHandler  isr.o
    0x08000268   0x08000268   0x00000018   Code   RO           80    i.EXTI2_IRQHandler  isr.o
    0x08000280   0x08000280   0x00000018   Code   RO           81    i.EXTI3_IRQHandler  isr.o
    0x08000298   0x08000298   0x00000018   Code   RO           82    i.EXTI4_IRQHandler  isr.o
    0x080002b0   0x080002b0   0x0000005c   Code   RO           83    i.EXTI9_5_IRQHandler  isr.o
    0x0800030c   0x0800030c   0x0000002a   Code   RO          597    i.OLED_Clear        ml_oled.o
    0x08000336   0x08000336   0x0000002c   Code   RO          599    i.OLED_I2C_Init     ml_oled.o
    0x08000362   0x08000362   0x0000004a   Code   RO          600    i.OLED_I2C_SendByte  ml_oled.o
    0x080003ac   0x080003ac   0x0000002c   Code   RO          601    i.OLED_I2C_Start    ml_oled.o
    0x080003d8   0x080003d8   0x00000022   Code   RO          602    i.OLED_I2C_Stop     ml_oled.o
    0x080003fa   0x080003fa   0x000000ae   Code   RO          603    i.OLED_Init         ml_oled.o
    0x080004a8   0x080004a8   0x00000022   Code   RO          605    i.OLED_SetCursor    ml_oled.o
    0x080004ca   0x080004ca   0x00000020   Code   RO          613    i.OLED_WriteCommand  ml_oled.o
    0x080004ea   0x080004ea   0x00000020   Code   RO          614    i.OLED_WriteData    ml_oled.o
    0x0800050a   0x0800050a   0x00000008   Code   RO          160    i.SetSysClock       system_stm32f10x.o
    0x08000512   0x08000512   0x00000002   PAD
    0x08000514   0x08000514   0x000000e0   Code   RO          161    i.SetSysClockTo72   system_stm32f10x.o
    0x080005f4   0x080005f4   0x00000060   Code   RO          163    i.SystemInit        system_stm32f10x.o
    0x08000654   0x08000654   0x0000001e   Code   RO           84    i.TIM2_IRQHandler   isr.o
    0x08000672   0x08000672   0x00000002   PAD
    0x08000674   0x08000674   0x0000001c   Code   RO           85    i.TIM3_IRQHandler   isr.o
    0x08000690   0x08000690   0x0000001c   Code   RO           86    i.TIM4_IRQHandler   isr.o
    0x080006ac   0x080006ac   0x0000001c   Code   RO           87    i.USART1_IRQHandler  isr.o
    0x080006c8   0x080006c8   0x0000001c   Code   RO           88    i.USART2_IRQHandler  isr.o
    0x080006e4   0x080006e4   0x0000001c   Code   RO           89    i.USART3_IRQHandler  isr.o
    0x08000700   0x08000700   0x00000004   Code   RO          385    i._sys_exit         ml_uart.o
    0x08000704   0x08000704   0x000001a4   Code   RO          210    i.gpio_init         ml_gpio.o
    0x080008a8   0x080008a8   0x00000040   Code   RO          211    i.gpio_set          ml_gpio.o
    0x080008e8   0x080008e8   0x00000008   Code   RO            1    i.main              main.o
    0x080008f0   0x080008f0   0x00000020   Data   RO         1001    Region$$Table       anon$$obj.o


    Execution Region RW_IRAM1 (Exec base: 0x20000000, Load base: 0x08000910, Size: 0x00000670, Max: 0x00005000, ABSOLUTE)

    Exec Addr    Load Addr    Size         Type   Attr      Idx    E Section Name        Object

    0x20000000   0x08000910   0x0000000c   Data   RW          212    .data               ml_gpio.o
    0x2000000c        -       0x00000060   Zero   RW          863    .bss                c_w.l(libspace.o)
    0x2000006c   0x0800091c   0x00000004   PAD
    0x20000070        -       0x00000200   Zero   RW          202    HEAP                startup_stm32f10x_md.o
    0x20000270        -       0x00000400   Zero   RW          201    STACK               startup_stm32f10x_md.o


==============================================================================

Image component sizes


      Code (inc. data)   RO Data    RW Data    ZI Data      Debug   Object Name

       382         56          0          0          0       4734   isr.o
         8          0          0          0          0     206539   main.o
       484         16          0         12          0       2480   ml_gpio.o
       510          0          0          0          0       4508   ml_oled.o
         4          0          0          0          0        436   ml_uart.o
        64         26        236          0       1536        796   startup_stm32f10x_md.o
       328         28          0          0          0       1841   system_stm32f10x.o

    ----------------------------------------------------------------------
      1784        126        268         12       1536     221334   Object Totals
         0          0         32          0          0          0   (incl. Generated)
         4          0          0          0          0          0   (incl. Padding)

    ----------------------------------------------------------------------

      Code (inc. data)   RO Data    RW Data    ZI Data      Debug   Library Member Name

         8          0          0          0          0         68   __main.o
         0          0          0          0          0          0   __rtentry.o
        12          0          0          0          0          0   __rtentry2.o
         6          0          0          0          0          0   __rtentry4.o
        52          8          0          0          0          0   __scatter.o
        26          0          0          0          0          0   __scatter_copy.o
        28          0          0          0          0          0   __scatter_zi.o
        18          0          0          0          0         80   exit.o
         6          0          0          0          0        152   heapauxi.o
         2          0          0          0          0          0   libinit.o
         2          0          0          0          0          0   libinit2.o
         2          0          0          0          0          0   libshutdown.o
         2          0          0          0          0          0   libshutdown2.o
         8          4          0          0         96         68   libspace.o
         2          0          0          0          0          0   rtexit.o
        10          0          0          0          0          0   rtexit2.o
        74          0          0          0          0         80   sys_stackheap_outer.o
         2          0          0          0          0         68   use_no_semi.o
         2          0          0          0          0         68   use_no_semi_2.o

    ----------------------------------------------------------------------
       268         12          0          0        100        584   Library Totals
         6          0          0          0          4          0   (incl. Padding)

    ----------------------------------------------------------------------

      Code (inc. data)   RO Data    RW Data    ZI Data      Debug   Library Name

       262         12          0          0         96        584   c_w.l

    ----------------------------------------------------------------------
       268         12          0          0        100        584   Library Totals

    ----------------------------------------------------------------------

==============================================================================


      Code (inc. data)   RO Data    RW Data    ZI Data      Debug   

      2052        138        268         12       1636     220458   Grand Totals
      2052        138        268         12       1636     220458   ELF Image Totals
      2052        138        268         12          0          0   ROM Totals

==============================================================================

    Total RO  Size (Code + RO Data)                 2320 (   2.27kB)
    Total RW  Size (RW Data + ZI Data)              1648 (   1.61kB)
    Total ROM Size (Code + RO Data + RW Data)       2332 (   2.28kB)

==============================================================================

